Vivado Simulator v2024.1
Copyright 1986-2022 Xilinx, Inc. All Rights Reserved.
Copyright 2022-2024 Advanced Micro Devices, Inc. All Rights Reserved.
Running: <EXTERNAL_PATH> work.tb_stage2b_unified_sample_acceptance -s stage2b_regression_snapshot --timescale 1ns/1ps --log <EXTERNAL_VERIFICATION>\digital\xsim\stage2b_regression\xelab.log 
Multi-threading is on. Using 30 slave threads.
Starting static elaboration
Pass Through NonSizing Optimizer
Completed static elaboration
Starting simulation data flow analysis
Completed simulation data flow analysis
Time Resolution for simulation is 1ps
Compiling module work.current_compare_dual
Compiling module work.sensor_health_monitor(CNT_WIDTH=...
Compiling module work.fault_classifier
Compiling module work.protection_fsm
Compiling module work.pwm_gen
Compiling module work.pwm_gate
Compiling module work.protection_core_top(HEALTH_CNT_W...
Compiling module work.stage2b_sample_acceptance_checke...
Compiling module work.tb_stage2b_unified_sample_accept...
Built simulation snapshot stage2b_regression_snapshot
