#-----------------------------------------------------------
# xsim v2024.1 (64-bit)
# SW Build 5076996 on Wed May 22 18:37:14 MDT 2024
# IP Build 5075265 on Wed May 22 21:45:21 MDT 2024
# SharedData Build 5076995 on Wed May 22 18:29:18 MDT 2024
# Start of session at: Wed Sep  9 04:08:21 2026
# Process ID: 8780
# Current directory: <EXTERNAL_VERIFICATION>/digital/stage2f/run_stage2f_generated_profile_rtl/SIM_UNSIGNED_ZERO_MIDSCALE_CH2_REVERSED/xsim
# Command line: xsim.exe -log <EXTERNAL_VERIFICATION>\digital\stage2f\run_stage2f_generated_profile_rtl\SIM_UNSIGNED_ZERO_MIDSCALE_CH2_REVERSED\xsim\xsim.log -mode tcl -source {xsim.dir/generated_profile_snapshot/xsim_script.tcl}
# Log file: <EXTERNAL_VERIFICATION>/digital/stage2f/run_stage2f_generated_profile_rtl/SIM_UNSIGNED_ZERO_MIDSCALE_CH2_REVERSED/xsim/xsim.log
# Journal file: <EXTERNAL_VERIFICATION>/digital/stage2f/run_stage2f_generated_profile_rtl/SIM_UNSIGNED_ZERO_MIDSCALE_CH2_REVERSED/xsim\xsim.jou
# Running On        :illusion
# Platform          :Windows Server 2016 or Windows 10
# Operating System  :26200
# Processor Detail  :AMD Ryzen 9 7945HX with Radeon Graphics        
# CPU Frequency     :2495 MHz
# CPU Physical cores:16
# CPU Logical cores :32
# Host memory       :16844 MB
# Swap memory       :13958 MB
# Total Virtual     :30803 MB
# Available Virtual :12526 MB
#-----------------------------------------------------------
source xsim.dir/generated_profile_snapshot/xsim_script.tcl
# xsim {generated_profile_snapshot} -autoloadwcfg -runall -onfinish quit -onerror quit
Time resolution is 1 ps
run -all
STAGE2F_GENERATED_PROFILE_IDENTITY=SIM_UNSIGNED_ZERO_MIDSCALE_CH2_REVERSED
STAGE2F_GENERATED_PROFILE_SHA256=21ee27146b85b000cae83efd07b7b5ca85098f999f96d86d71d634ee16a90f30
STAGE2F_GENERATED_PROFILE_RTL=PASS PROFILE=SIM_UNSIGNED_ZERO_MIDSCALE_CH2_REVERSED ROWS=99
$finish called at time : 996 ns : File "<EXTERNAL_SOURCE>/tb/stage2f/tb_stage2f_generated_profile_vectors.sv" Line 128
exit 0
INFO: [Common 17-206] Exiting xsim at Wed Sep  9 04:08:23 2026...
