
****** xsim v2024.1 (64-bit)
  **** SW Build 5076996 on Wed May 22 18:37:14 MDT 2024
  **** IP Build 5075265 on Wed May 22 21:45:21 MDT 2024
  **** SharedData Build 5076995 on Wed May 22 18:29:18 MDT 2024
  **** Start of session at: Thu Sep 10 10:48:42 2026
    ** Copyright 1986-2022 Xilinx, Inc. All Rights Reserved.
    ** Copyright 2022-2024 Advanced Micro Devices, Inc. All Rights Reserved.

source xsim.dir/mutation_snapshot/xsim_script.tcl
# xsim {mutation_snapshot} -autoloadwcfg -runall -onfinish quit -onerror quit
Time resolution is 1 ps
run -all
FAIL cycle=19 seen_bitmap_not_monotonic
FAIL cycle=21 seen_bitmap_not_monotonic
FAIL cycle=23 seen_bitmap_not_monotonic
FAIL cycle=25 seen_bitmap_not_monotonic
FAIL cycle=27 seen_bitmap_not_monotonic
FAIL cycle=29 seen_bitmap_not_monotonic
FAIL cycle=31 seen_bitmap_not_monotonic
FAIL cycle=33 seen_bitmap_not_monotonic
FAIL cycle=35 seen_bitmap_not_monotonic
FAIL cycle=37 seen_bitmap_not_monotonic
FAIL cycle=39 seen_bitmap_not_monotonic
FAIL cycle=41 seen_bitmap_not_monotonic
FAIL cycle=43 seen_bitmap_not_monotonic
FAIL cycle=45 seen_bitmap_not_monotonic
FAIL cycle=47 seen_bitmap_not_monotonic
FAIL cycle=49 seen_bitmap_not_monotonic
FAIL cycle=51 seen_bitmap_not_monotonic
FAIL cycle=53 seen_bitmap_not_monotonic
FAIL cycle=55 seen_bitmap_not_monotonic
FAIL cycle=57 seen_bitmap_not_monotonic
FAIL cycle=59 seen_bitmap_not_monotonic
FAIL cycle=61 seen_bitmap_not_monotonic
FAIL cycle=63 seen_bitmap_not_monotonic
FAIL cycle=65 seen_bitmap_not_monotonic
FAIL cycle=67 seen_bitmap_not_monotonic
FAIL cycle=69 seen_bitmap_not_monotonic
FAIL cycle=71 seen_bitmap_not_monotonic
FAIL cycle=73 seen_bitmap_not_monotonic
FAIL cycle=75 seen_bitmap_not_monotonic
FAIL cycle=77 seen_bitmap_not_monotonic
FAIL cycle=79 seen_bitmap_not_monotonic
FAIL cycle=89 seen_bitmap_not_monotonic
FAIL cycle=119 seen_bitmap_not_monotonic
FAIL cycle=128 seen_bitmap_not_monotonic
FAIL cycle=129 seen_bitmap_not_monotonic
STAGE2G_POLICY_MATRIX=FAIL_35
STAGE2G_POLICY_MATRIX=PASS
BITMAP_COMBINATIONS=PASS_64_OF_64
PRIORITY_CODE_MATRIX=PASS_64_OF_64
II1_ALIGNMENT=PASS
CLEAR_FENCE_MATRIX=PASS
RESET_PIPELINE_FLUSH_MATRIX=PASS
$finish called at time : 1771 ns : File "<EXTERNAL_SOURCE>/tb/stage2g/tb_stage2g_policy_matrix.sv" Line 497
exit 0
INFO: [Common 17-206] Exiting xsim at Thu Sep 10 10:48:44 2026...
