Vivado Simulator v2024.1
Copyright 1986-2022 Xilinx, Inc. All Rights Reserved.
Copyright 2022-2024 Advanced Micro Devices, Inc. All Rights Reserved.
Running: <EXTERNAL_PATH> work.tb_stage2d_async_adc_atomic_cdc -s stage2d_regression_snapshot --timescale 1ns/1ps --log <EXTERNAL_VERIFICATION>\digital\xsim\stage2d_regression\xelab.log 
Multi-threading is on. Using 30 slave threads.
Starting static elaboration
Pass Through NonSizing Optimizer
WARNING: [VRFC 10-3645] port 'dst_sample_sequence' remains unconnected for this instance [<EXTERNAL_SOURCE>/tb/stage2d/tb_stage2d_async_adc_atomic_cdc.sv:97]
Completed static elaboration
Starting simulation data flow analysis
Completed simulation data flow analysis
Time Resolution for simulation is 1ps
Compiling module work.reset_release_sync
Compiling module work.transaction_source_observer_defa...
Compiling module work.async_fifo_gray_default
Compiling module work.adc_sample_cdc_bridge_default
Compiling module work.current_compare_dual
Compiling module work.sensor_health_monitor
Compiling module work.fault_classifier
Compiling module work.protection_fsm
Compiling module work.pwm_gen
Compiling module work.pwm_gate
Compiling module work.protection_core_top
Compiling module work.tb_stage2d_async_adc_atomic_cdc
Built simulation snapshot stage2d_regression_snapshot
