#-----------------------------------------------------------
# xsim v2024.1 (64-bit)
# SW Build 5076996 on Wed May 22 18:37:14 MDT 2024
# IP Build 5075265 on Wed May 22 21:45:21 MDT 2024
# SharedData Build 5076995 on Wed May 22 18:29:18 MDT 2024
# Start of session at: Wed Sep  9 16:57:40 2026
# Process ID: 14912
# Current directory: <EXTERNAL_BUILD>/digital/xsim/stage2e_connected_mutations
# Command line: xsim.exe -log <EXTERNAL_BUILD>\digital\xsim\stage2e_connected_mutations\accept_sequence.xsim.log -mode tcl -source {xsim.dir/stage2e_mutation_accept_sequence_snapshot/xsim_script.tcl}
# Log file: <EXTERNAL_BUILD>/digital/xsim/stage2e_connected_mutations/accept_sequence.xsim.log
# Journal file: <EXTERNAL_BUILD>/digital/xsim/stage2e_connected_mutations\xsim.jou
# Running On        :illusion
# Platform          :Windows Server 2016 or Windows 10
# Operating System  :26200
# Processor Detail  :AMD Ryzen 9 7945HX with Radeon Graphics        
# CPU Frequency     :2495 MHz
# CPU Physical cores:16
# CPU Logical cores :32
# Host memory       :16844 MB
# Swap memory       :13958 MB
# Total Virtual     :30803 MB
# Available Virtual :10619 MB
#-----------------------------------------------------------
source xsim.dir/stage2e_mutation_accept_sequence_snapshot/xsim_script.tcl
# xsim {stage2e_mutation_accept_sequence_snapshot} -autoloadwcfg -runall -onfinish quit -onerror quit
Time resolution is 1 ps
run -all
MUTATION_ID=07_SEQUENCE_NOT_INCREMENTED_ON_ACCEPTANCE
MUTATION_CHANGED_BEHAVIOR=SEQUENCE_OUTPUT_MISWIRED_TO_LAST_ACCEPTED_IDENTITY
MUTATION_EXPECTED_REJECTION=SEQUENCE_NOT_INCREMENTED_ON_ACCEPTANCE
STAGE2E CHECK FAILED: SEQUENCE_NOT_INCREMENTED_ON_ACCEPTANCE
$finish called at time : 36 ns : File "<EXTERNAL_SOURCE>/tb/stage2e/stage2e_transaction_observability_checker.sv" Line 8
exit 0
INFO: [Common 17-206] Exiting xsim at Wed Sep  9 16:57:42 2026...
