#-----------------------------------------------------------
# xsim v2024.1 (64-bit)
# SW Build 5076996 on Wed May 22 18:37:14 MDT 2024
# IP Build 5075265 on Wed May 22 21:45:21 MDT 2024
# SharedData Build 5076995 on Wed May 22 18:29:18 MDT 2024
# Start of session at: Wed Sep  9 16:58:23 2026
# Process ID: 35928
# Current directory: <EXTERNAL_BUILD>/digital/xsim/stage2e_connected_mutations
# Command line: xsim.exe -log <EXTERNAL_BUILD>\digital\xsim\stage2e_connected_mutations\any_error_backpressure.xsim.log -mode tcl -source {xsim.dir/stage2e_mutation_any_error_backpressure_snapshot/xsim_script.tcl}
# Log file: <EXTERNAL_BUILD>/digital/xsim/stage2e_connected_mutations/any_error_backpressure.xsim.log
# Journal file: <EXTERNAL_BUILD>/digital/xsim/stage2e_connected_mutations\xsim.jou
# Running On        :illusion
# Platform          :Windows Server 2016 or Windows 10
# Operating System  :26200
# Processor Detail  :AMD Ryzen 9 7945HX with Radeon Graphics        
# CPU Frequency     :2495 MHz
# CPU Physical cores:16
# CPU Logical cores :32
# Host memory       :16844 MB
# Swap memory       :13958 MB
# Total Virtual     :30803 MB
# Available Virtual :10575 MB
#-----------------------------------------------------------
source xsim.dir/stage2e_mutation_any_error_backpressure_snapshot/xsim_script.tcl
# xsim {stage2e_mutation_any_error_backpressure_snapshot} -autoloadwcfg -runall -onfinish quit -onerror quit
Time resolution is 1 ps
run -all
MUTATION_ID=15_ANY_ERROR_INCLUDES_LEGAL_BACKPRESSURE
MUTATION_CHANGED_BEHAVIOR=ANY_ERROR_OUTPUT_ORS_BACKPRESSURE_STICKY
MUTATION_EXPECTED_REJECTION=ANY_ERROR_INCLUDES_LEGAL_BACKPRESSURE
STAGE2E CHECK FAILED: ANY_ERROR_INCLUDES_LEGAL_BACKPRESSURE
$finish called at time : 36 ns : File "<EXTERNAL_SOURCE>/tb/stage2e/stage2e_transaction_observability_checker.sv" Line 8
exit 0
INFO: [Common 17-206] Exiting xsim at Wed Sep  9 16:58:25 2026...
