#-----------------------------------------------------------
# xsim v2024.1 (64-bit)
# SW Build 5076996 on Wed May 22 18:37:14 MDT 2024
# IP Build 5075265 on Wed May 22 21:45:21 MDT 2024
# SharedData Build 5076995 on Wed May 22 18:29:18 MDT 2024
# Start of session at: Wed Sep  9 16:58:33 2026
# Process ID: 42976
# Current directory: <EXTERNAL_BUILD>/digital/xsim/stage2e_connected_mutations
# Command line: xsim.exe -log <EXTERNAL_BUILD>\digital\xsim\stage2e_connected_mutations\reset_nonzero.xsim.log -mode tcl -source {xsim.dir/stage2e_mutation_reset_nonzero_snapshot/xsim_script.tcl}
# Log file: <EXTERNAL_BUILD>/digital/xsim/stage2e_connected_mutations/reset_nonzero.xsim.log
# Journal file: <EXTERNAL_BUILD>/digital/xsim/stage2e_connected_mutations\xsim.jou
# Running On        :illusion
# Platform          :Windows Server 2016 or Windows 10
# Operating System  :26200
# Processor Detail  :AMD Ryzen 9 7945HX with Radeon Graphics        
# CPU Frequency     :2495 MHz
# CPU Physical cores:16
# CPU Logical cores :32
# Host memory       :16844 MB
# Swap memory       :13958 MB
# Total Virtual     :30803 MB
# Available Virtual :10581 MB
#-----------------------------------------------------------
source xsim.dir/stage2e_mutation_reset_nonzero_snapshot/xsim_script.tcl
# xsim {stage2e_mutation_reset_nonzero_snapshot} -autoloadwcfg -runall -onfinish quit -onerror quit
Time resolution is 1 ps
run -all
MUTATION_ID=17_RESET_STATE_NONZERO
MUTATION_CHANGED_BEHAVIOR=DELIVERY_COUNT_RESET_OBSERVATION_FORCED_NONZERO
MUTATION_EXPECTED_REJECTION=OBSERVABILITY_RESET_STATE_NONZERO
STAGE2E CHECK FAILED: OBSERVABILITY_RESET_STATE_NONZERO
$finish called at time : 26 ns : File "<EXTERNAL_SOURCE>/tb/stage2e/stage2e_transaction_observability_checker.sv" Line 8
exit 0
INFO: [Common 17-206] Exiting xsim at Wed Sep  9 16:58:35 2026...
