#-----------------------------------------------------------
# xsim v2024.1 (64-bit)
# SW Build 5076996 on Wed May 22 18:37:14 MDT 2024
# IP Build 5075265 on Wed May 22 21:45:21 MDT 2024
# SharedData Build 5076995 on Wed May 22 18:29:18 MDT 2024
# Start of session at: Thu Sep 10 10:52:58 2026
# Process ID: 47588
# Current directory: <EXTERNAL_BUILD>/digital/xsim/stage2e_connected_mutations
# Command line: xsim.exe -log <EXTERNAL_BUILD>\digital\xsim\stage2e_connected_mutations\stale_reorder.xsim.log -mode tcl -source {xsim.dir/stage2e_mutation_stale_reorder_snapshot/xsim_script.tcl}
# Log file: <EXTERNAL_BUILD>/digital/xsim/stage2e_connected_mutations/stale_reorder.xsim.log
# Journal file: <EXTERNAL_BUILD>/digital/xsim/stage2e_connected_mutations\xsim.jou
# Running On        :illusion
# Platform          :Windows Server 2016 or Windows 10
# Operating System  :26200
# Processor Detail  :AMD Ryzen 9 7945HX with Radeon Graphics        
# CPU Frequency     :2495 MHz
# CPU Physical cores:16
# CPU Logical cores :32
# Host memory       :16844 MB
# Swap memory       :13958 MB
# Total Virtual     :30803 MB
# Available Virtual :7716 MB
#-----------------------------------------------------------
source xsim.dir/stage2e_mutation_stale_reorder_snapshot/xsim_script.tcl
# xsim {stage2e_mutation_stale_reorder_snapshot} -autoloadwcfg -runall -onfinish quit -onerror quit
Time resolution is 1 ps
run -all
MUTATION_ID=10_SEQUENCE_RELATIVE_STALE_REORDER_NOT_RECORDED
MUTATION_CHANGED_BEHAVIOR=REORDER_COUNT_OBSERVATION_CONNECTION_TIED_ZERO
MUTATION_EXPECTED_REJECTION=SEQUENCE_RELATIVE_STALE_OR_REORDER_NOT_RECORDED
STAGE2E CHECK FAILED: SEQUENCE_RELATIVE_STALE_OR_REORDER_NOT_RECORDED
$finish called at time : 40 ns : File "<EXTERNAL_SOURCE>/tb/stage2e/stage2e_transaction_observability_checker.sv" Line 8
exit 0
INFO: [Common 17-206] Exiting xsim at Thu Sep 10 10:53:00 2026...
