#-----------------------------------------------------------
# xsim v2024.1 (64-bit)
# SW Build 5076996 on Wed May 22 18:37:14 MDT 2024
# IP Build 5075265 on Wed May 22 21:45:21 MDT 2024
# SharedData Build 5076995 on Wed May 22 18:29:18 MDT 2024
# Start of session at: Thu Sep 10 10:54:44 2026
# Process ID: 45412
# Current directory: <EXTERNAL_BUILD>/digital/xsim/stage2e_any_error_regression
# Command line: xsim.exe -log <EXTERNAL_BUILD>\digital\xsim\stage2e_any_error_regression\xsim.log -mode tcl -source {xsim.dir/stage2e_any_error_regression_snapshot/xsim_script.tcl}
# Log file: <EXTERNAL_BUILD>/digital/xsim/stage2e_any_error_regression/xsim.log
# Journal file: <EXTERNAL_BUILD>/digital/xsim/stage2e_any_error_regression\xsim.jou
# Running On        :illusion
# Platform          :Windows Server 2016 or Windows 10
# Operating System  :26200
# Processor Detail  :AMD Ryzen 9 7945HX with Radeon Graphics        
# CPU Frequency     :2495 MHz
# CPU Physical cores:16
# CPU Logical cores :32
# Host memory       :16844 MB
# Swap memory       :13958 MB
# Total Virtual     :30803 MB
# Available Virtual :7423 MB
#-----------------------------------------------------------
source xsim.dir/stage2e_any_error_regression_snapshot/xsim_script.tcl
# xsim {stage2e_any_error_regression_snapshot} -autoloadwcfg -runall -onfinish quit -onerror quit
Time resolution is 1 ps
run -all
ANY_ERROR_PARTIAL_CLEAR_TESTS=PASS_5_OF_5
ANY_ERROR_MAINTAINED_POST_CLEAR_AGGREGATE=PASS
ANY_ERROR_READ_ONLY_AGGREGATE=PASS
$finish called at time : 176 ns : File "<EXTERNAL_SOURCE>/tb/stage2e/tb_stage2e_any_error_partial_clear.sv" Line 154
exit 0
INFO: [Common 17-206] Exiting xsim at Thu Sep 10 10:54:46 2026...
