/tmp/csip-CSIP-V2R3-BOARD-001.zip: OK
BOARD_SESSION_READY execution_id=CSIP-V2R3-BOARD-001 port=18765
ACTION 0 load PASS
ACTION 1 normal_pwm/prepare PASS
ACTION 2 normal_pwm/execute PASS
ACTION 3 ch1_overcurrent/prepare PASS
ACTION 4 ch1_overcurrent/execute PASS
ACTION 5 ch2_overcurrent/prepare PASS
ACTION 6 ch2_overcurrent/execute PASS
ACTION 7 differential_fault/prepare PASS
ACTION 8 differential_fault/execute PASS
ACTION 9 live_clear_rejected/prepare PASS
ACTION 10 live_clear_rejected/execute PASS
ACTION 11 sample_source_removal/prepare PASS
ACTION 12 sample_source_removal/execute PASS
ACTION 13 clear_recovery/prepare PASS
ACTION 14 clear_recovery/execute PASS
ACTION 15 recovered_pwm/prepare PASS
ACTION 16 recovered_pwm/execute PASS
ACTION 17 source_protocol/prepare PASS
ACTION 18 source_protocol/execute PASS
ACTION 19 legacy_c2/prepare PASS
ACTION 20 legacy_c2/execute PASS
ACTION 21 finish PASS
