#-----------------------------------------------------------
# xsim v2024.1 (64-bit)
# SW Build 5076996 on Wed May 22 18:37:14 MDT 2024
# IP Build 5075265 on Wed May 22 21:45:21 MDT 2024
# SharedData Build 5076995 on Wed May 22 18:29:18 MDT 2024
# Start of session at: Wed Sep  9 03:58:25 2026
# Process ID: 37924
# Current directory: <EXTERNAL_VERIFICATION>/digital/xsim/policy_matrix
# Command line: xsim.exe -log <EXTERNAL_VERIFICATION>\digital\xsim\policy_matrix\xsim.log -mode tcl -source {xsim.dir/policy_matrix_snapshot/xsim_script.tcl}
# Log file: <EXTERNAL_VERIFICATION>/digital/xsim/policy_matrix/xsim.log
# Journal file: <EXTERNAL_VERIFICATION>/digital/xsim/policy_matrix\xsim.jou
# Running On        :illusion
# Platform          :Windows Server 2016 or Windows 10
# Operating System  :26200
# Processor Detail  :AMD Ryzen 9 7945HX with Radeon Graphics        
# CPU Frequency     :2495 MHz
# CPU Physical cores:16
# CPU Logical cores :32
# Host memory       :16844 MB
# Swap memory       :13958 MB
# Total Virtual     :30803 MB
# Available Virtual :12520 MB
#-----------------------------------------------------------
source xsim.dir/policy_matrix_snapshot/xsim_script.tcl
# xsim {policy_matrix_snapshot} -autoloadwcfg -runall -onfinish quit -onerror quit
Time resolution is 1 ps
run -all
STAGE2G_POLICY_MATRIX=PASS
BITMAP_COMBINATIONS=PASS_64_OF_64
PRIORITY_CODE_MATRIX=PASS_64_OF_64
II1_ALIGNMENT=PASS
CLEAR_FENCE_MATRIX=PASS
RESET_PIPELINE_FLUSH_MATRIX=PASS
$finish called at time : 1771 ns : File "<EXTERNAL_SOURCE>/tb/stage2g/tb_stage2g_policy_matrix.sv" Line 497
exit 0
INFO: [Common 17-206] Exiting xsim at Wed Sep  9 03:58:27 2026...
