Vivado Simulator v2024.1
Copyright 1986-2022 Xilinx, Inc. All Rights Reserved.
Copyright 2022-2024 Advanced Micro Devices, Inc. All Rights Reserved.
Running: <EXTERNAL_PATH> work.tb_stage2f_width_sequence_boundary -s width_sequence_snapshot --timescale 1ns/1ps --log <EXTERNAL_BUILD>\digital\stage2f\run_stage2f_boundary_mutations\sequence_binding_truncated\xsim\xelab.log 
Multi-threading is on. Using 30 slave threads.
Starting static elaboration
Pass Through NonSizing Optimizer
WARNING: [VRFC 10-3091] actual bit length 8 differs from formal bit length 12 for port 'i_ch1_mon' [<EXTERNAL_BUILD>/digital/stage2f/run_stage2f_boundary_mutations/sequence_binding_truncated/rtl/protection_ip_top_reg_controlled.v:282]
WARNING: [VRFC 10-3091] actual bit length 8 differs from formal bit length 12 for port 'i_ch2_mon' [<EXTERNAL_BUILD>/digital/stage2f/run_stage2f_boundary_mutations/sequence_binding_truncated/rtl/protection_ip_top_reg_controlled.v:283]
WARNING: [VRFC 10-3091] actual bit length 8 differs from formal bit length 12 for port 'th_oc_ch1' [<EXTERNAL_BUILD>/digital/stage2f/run_stage2f_boundary_mutations/sequence_binding_truncated/rtl/protection_ip_top_reg_controlled.v:312]
WARNING: [VRFC 10-3091] actual bit length 8 differs from formal bit length 12 for port 'th_oc_ch2' [<EXTERNAL_BUILD>/digital/stage2f/run_stage2f_boundary_mutations/sequence_binding_truncated/rtl/protection_ip_top_reg_controlled.v:313]
WARNING: [VRFC 10-3091] actual bit length 8 differs from formal bit length 12 for port 'th_diff' [<EXTERNAL_BUILD>/digital/stage2f/run_stage2f_boundary_mutations/sequence_binding_truncated/rtl/protection_ip_top_reg_controlled.v:314]
WARNING: [VRFC 10-3091] actual bit length 24 differs from formal bit length 16 for port 'raw_sequence' [<EXTERNAL_BUILD>/digital/stage2f/run_stage2f_boundary_mutations/sequence_binding_truncated/rtl/protection_ip_top_async_adc_axi_lite.v:175]
WARNING: [VRFC 10-3091] actual bit length 24 differs from formal bit length 16 for port 'normalized_sequence' [<EXTERNAL_BUILD>/digital/stage2f/run_stage2f_boundary_mutations/sequence_binding_truncated/rtl/protection_ip_top_async_adc_axi_lite.v:179]
Completed static elaboration
Starting simulation data flow analysis
Completed simulation data flow analysis
Time Resolution for simulation is 1ps
Compiling module work.reset_release_sync
Compiling module work.transaction_source_observer(DATA...
Compiling module work.async_fifo_gray(DATA_WIDTH=33)
Compiling module work.stage2g_adc_sample_cdc_bridge(DA...
Compiling module work.source_observability_cdc(SEQUENC...
Compiling module work.stage2e_transaction_sequence_cla...
Compiling module work.destination_sequence_integrity_t...
Compiling module work.transaction_destination_observer...
Compiling module work.protection_axi_lite_register_tra...
Compiling module work.protection_reg_bank(OBS_SEQUENCE...
Compiling module work.current_compare_dual(DATA_WIDTH=...
Compiling module work.sensor_health_monitor(DATA_WIDTH...
Compiling module work.stage2g_fault_evaluation_pipelin...
Compiling module work.stage2g_fault_episode_controller...
Compiling module work.pwm_gen
Compiling module work.pwm_gate
Compiling module work.stage2g_protection_core(DATA_WID...
Compiling module work.stage2g_protection_ip_reg_contro...
Compiling module work.stage2g_protection_ip_axi_lite(D...
Compiling module work.protection_ip_top_async_adc_axi_...
Compiling module work.transaction_source_observer(SEQU...
Compiling module work.async_fifo_gray(DATA_WIDTH=41)
Compiling module work.stage2g_adc_sample_cdc_bridge(SE...
Compiling module work.adc_sample_code_normalizer(SEQUE...
Compiling module work.current_compare_dual
Compiling module work.sensor_health_monitor
Compiling module work.stage2g_protection_core(SEQUENCE...
Compiling module work.stage2g_protection_ip_reg_contro...
Compiling module work.stage2g_protection_ip_axi_lite(O...
Compiling module work.protection_ip_top_async_adc_axi_...
Compiling module work.transaction_source_observer(SEQU...
Compiling module work.async_fifo_gray(DATA_WIDTH=49)
Compiling module work.stage2g_adc_sample_cdc_bridge(SE...
Compiling module work.source_observability_cdc(SEQUENC...
Compiling module work.stage2e_transaction_sequence_cla...
Compiling module work.destination_sequence_integrity_t...
Compiling module work.transaction_destination_observer...
Compiling module work.protection_reg_bank(OBS_SEQUENCE...
Compiling module work.stage2g_fault_evaluation_pipelin...
Compiling module work.stage2g_fault_episode_controller...
Compiling module work.stage2g_protection_core(SEQUENCE...
Compiling module work.stage2g_protection_ip_reg_contro...
Compiling module work.stage2g_protection_ip_axi_lite(O...
Compiling module work.protection_ip_top_async_adc_axi_...
Compiling module work.transaction_source_observer_defa...
Compiling module work.async_fifo_gray(DATA_WIDTH=57)
Compiling module work.stage2g_adc_sample_cdc_bridge_de...
Compiling module work.source_observability_cdc_default
Compiling module work.stage2e_transaction_sequence_cla...
Compiling module work.destination_sequence_integrity_t...
Compiling module work.transaction_destination_observer...
Compiling module work.protection_reg_bank(EXPLICIT_ABI...
Compiling module work.stage2g_fault_evaluation_pipelin...
Compiling module work.stage2g_fault_episode_controller...
Compiling module work.stage2g_protection_core_default
Compiling module work.stage2g_protection_ip_reg_contro...
Compiling module work.stage2g_protection_ip_axi_lite(S...
Compiling module work.protection_ip_top_async_adc_axi_...
Compiling module work.transaction_source_observer(DATA...
Compiling module work.async_fifo_gray(DATA_WIDTH=65)
Compiling module work.stage2g_adc_sample_cdc_bridge(DA...
Compiling module work.current_compare_dual(DATA_WIDTH=...
Compiling module work.sensor_health_monitor(DATA_WIDTH...
Compiling module work.stage2g_protection_core(DATA_WID...
Compiling module work.stage2g_protection_ip_reg_contro...
Compiling module work.stage2g_protection_ip_axi_lite(D...
Compiling module work.protection_ip_top_async_adc_axi_...
Compiling module work.tb_stage2f_width_sequence_bounda...
Built simulation snapshot width_sequence_snapshot
