#-----------------------------------------------------------
# xsim v2024.1 (64-bit)
# SW Build 5076996 on Wed May 22 18:37:14 MDT 2024
# IP Build 5075265 on Wed May 22 21:45:21 MDT 2024
# SharedData Build 5076995 on Wed May 22 18:29:18 MDT 2024
# Start of session at: Thu Sep 10 10:56:14 2026
# Process ID: 46548
# Current directory: <EXTERNAL_BUILD>/digital/stage2f/run_stage2f_boundary_mutations/sequence_binding_truncated/xsim
# Command line: xsim.exe -log <EXTERNAL_BUILD>\digital\stage2f\run_stage2f_boundary_mutations\sequence_binding_truncated\xsim\xsim.log -mode tcl -source {xsim.dir/width_sequence_snapshot/xsim_script.tcl}
# Log file: <EXTERNAL_BUILD>/digital/stage2f/run_stage2f_boundary_mutations/sequence_binding_truncated/xsim/xsim.log
# Journal file: <EXTERNAL_BUILD>/digital/stage2f/run_stage2f_boundary_mutations/sequence_binding_truncated/xsim\xsim.jou
# Running On        :illusion
# Platform          :Windows Server 2016 or Windows 10
# Operating System  :26200
# Processor Detail  :AMD Ryzen 9 7945HX with Radeon Graphics        
# CPU Frequency     :2495 MHz
# CPU Physical cores:16
# CPU Logical cores :32
# Host memory       :16844 MB
# Swap memory       :13958 MB
# Total Virtual     :30803 MB
# Available Virtual :7464 MB
#-----------------------------------------------------------
source xsim.dir/width_sequence_snapshot/xsim_script.tcl
# xsim {width_sequence_snapshot} -autoloadwcfg -runall -onfinish quit -onerror quit
Time resolution is 1 ps
run -all
WIDTH SEQUENCE BOUNDARY FAIL: 24-bit sequence exact
WIDTH SEQUENCE BOUNDARY FAIL: 32-bit sequence exact
Fatal: width/sequence failures=2
Time: 120 ns  Iteration: 0  Process: /tb_stage2f_width_sequence_boundary/Initial181_106  Scope: tb_stage2f_width_sequence_boundary  File: <EXTERNAL_SOURCE>/tb/stage2f/tb_stage2f_width_sequence_boundary.sv Line: 270
$finish called at time : 120 ns
exit 0
INFO: [Common 17-206] Exiting xsim at Thu Sep 10 10:56:16 2026...
