#-----------------------------------------------------------
# xsim v2024.1 (64-bit)
# SW Build 5076996 on Wed May 22 18:37:14 MDT 2024
# IP Build 5075265 on Wed May 22 21:45:21 MDT 2024
# SharedData Build 5076995 on Wed May 22 18:29:18 MDT 2024
# Start of session at: Wed Sep  9 16:55:38 2026
# Process ID: 44876
# Current directory: <EXTERNAL_BUILD>/digital/mutations/mutants/normalized_telemetry_gates_policy/xsim
# Command line: xsim.exe -log <EXTERNAL_BUILD>\digital\mutations\mutants\normalized_telemetry_gates_policy\xsim\xsim.log -mode tcl -source {xsim.dir/mutation_snapshot/xsim_script.tcl}
# Log file: <EXTERNAL_BUILD>/digital/mutations/mutants/normalized_telemetry_gates_policy/xsim/xsim.log
# Journal file: <EXTERNAL_BUILD>/digital/mutations/mutants/normalized_telemetry_gates_policy/xsim\xsim.jou
# Running On        :illusion
# Platform          :Windows Server 2016 or Windows 10
# Operating System  :26200
# Processor Detail  :AMD Ryzen 9 7945HX with Radeon Graphics        
# CPU Frequency     :2495 MHz
# CPU Physical cores:16
# CPU Logical cores :32
# Host memory       :16844 MB
# Swap memory       :13958 MB
# Total Virtual     :30803 MB
# Available Virtual :10623 MB
#-----------------------------------------------------------
source xsim.dir/mutation_snapshot/xsim_script.tcl
# xsim {mutation_snapshot} -autoloadwcfg -runall -onfinish quit -onerror quit
Time resolution is 1 ps
run -all
STATE MISMATCH production first healthy ARMED actual=2 expected=0
STAGE2G PRODUCTION FAILED: production first healthy ARMED
ABI READ MISMATCH first healthy ARMED_READY address=0xa0 actual=0x00000004 expected=0x00000001
STAGE2G PRODUCTION FAILED: first healthy ARMED_READY
STAGE2G PRODUCTION FAILED: production PWM was not visibly active before fault
STATE MISMATCH production overcurrent FAULT_LATCHED actual=2 expected=1
STAGE2G PRODUCTION FAILED: production overcurrent FAULT_LATCHED
STAGE2G PRODUCTION FAILED: production first fault status/code
ABI READ MISMATCH fault policy state address=0xa0 actual=0x00000004 expected=0x00000002
STAGE2G PRODUCTION FAILED: fault policy state
ABI READ MISMATCH simultaneous first bitmap address=0xa4 actual=0x00000000 expected=0x00000003
STAGE2G PRODUCTION FAILED: simultaneous first bitmap
ABI READ MISMATCH simultaneous live bitmap address=0xa8 actual=0x00000000 expected=0x00000003
STAGE2G PRODUCTION FAILED: simultaneous live bitmap
ABI READ MISMATCH simultaneous seen bitmap address=0xac actual=0x00000000 expected=0x00000003
STAGE2G PRODUCTION FAILED: simultaneous seen bitmap
STAGE2G PRODUCTION FAILED: fault retirement identity was not captured
STAGE2G PRODUCTION FAILED: AXI first fault status/code
STATE MISMATCH clean mismatch update remains FAULT_LATCHED actual=2 expected=1
STAGE2G PRODUCTION FAILED: clean mismatch update remains FAULT_LATCHED
ABI READ MISMATCH first bitmap immutable address=0xa4 actual=0x00000000 expected=0x00000003
STAGE2G PRODUCTION FAILED: first bitmap immutable
ABI READ MISMATCH live bitmap replaces address=0xa8 actual=0x00000000 expected=0x00000004
STAGE2G PRODUCTION FAILED: live bitmap replaces
ABI READ MISMATCH seen bitmap accumulates address=0xac actual=0x00000000 expected=0x00000007
STAGE2G PRODUCTION FAILED: seen bitmap accumulates
STAGE2G PRODUCTION FAILED: clean in-episode retirement identity was not captured
STATE MISMATCH nonclean in-episode retirement is ignored by policy actual=2 expected=1
STAGE2G PRODUCTION FAILED: nonclean in-episode retirement is ignored by policy
STAGE2G PRODUCTION FAILED: nonclean valid retirement identity was not captured
ABI READ MISMATCH nonclean leaves first bitmap address=0xa4 actual=0x00000000 expected=0x00000003
STAGE2G PRODUCTION FAILED: nonclean leaves first bitmap
ABI READ MISMATCH nonclean leaves live bitmap address=0xa8 actual=0x00000000 expected=0x00000004
STAGE2G PRODUCTION FAILED: nonclean leaves live bitmap
ABI READ MISMATCH nonclean leaves seen bitmap address=0xac actual=0x00000000 expected=0x00000007
STAGE2G PRODUCTION FAILED: nonclean leaves seen bitmap
STATE MISMATCH clear pending with no sample remains latched actual=2 expected=1
STAGE2G PRODUCTION FAILED: clear pending with no sample remains latched
ABI READ MISMATCH clear pending policy level address=0xa0 actual=0x00000004 expected=0x0000000a
STAGE2G PRODUCTION FAILED: clear pending policy level
STAGE2G PRODUCTION FAILED: clear acceptance dropped compatibility status
ABI READ MISMATCH post-clear recovery policy address=0xa0 actual=0x00000004 expected=0x00000014
STAGE2G PRODUCTION FAILED: post-clear recovery policy
STAGE2G PRODUCTION FAILED: AXI post-clear status/code not retained
STAGE2G PRODUCTION FAILED: no-sample post-clear dropped compatibility status
ABI READ MISMATCH nonclean post-clear policy address=0xa0 actual=0x00000004 expected=0x00000014
STAGE2G PRODUCTION FAILED: nonclean post-clear policy
STAGE2G PRODUCTION FAILED: nonclean post-clear identity was not captured
STAGE2G PRODUCTION FAILED: nonclean post-clear dropped compatibility status
STATE MISMATCH later healthy evaluation arms production actual=2 expected=0
STAGE2G PRODUCTION FAILED: later healthy evaluation arms production
ABI READ MISMATCH later healthy ARMED_READY address=0xa0 actual=0x00000004 expected=0x00000001
STAGE2G PRODUCTION FAILED: later healthy ARMED_READY
STAGE2G PRODUCTION FAILED: production PWM activity did not resume after ARMED
STATE MISMATCH second episode overcurrent fault actual=2 expected=1
STAGE2G PRODUCTION FAILED: second episode overcurrent fault
ABI READ MISMATCH second episode first bitmap address=0xa4 actual=0x00000000 expected=0x00000003
STAGE2G PRODUCTION FAILED: second episode first bitmap
STAGE2G PRODUCTION FAILED: second episode first cause was not overcurrent
ABI READ MISMATCH second post-clear is not ready address=0xa0 actual=0x00000004 expected=0x00000014
STAGE2G PRODUCTION FAILED: second post-clear is not ready
STAGE2G PRODUCTION FAILED: second clear did not retain first cause
STATE MISMATCH new mismatch fault before healthy re-arm actual=2 expected=1
STAGE2G PRODUCTION FAILED: new mismatch fault before healthy re-arm
ABI READ MISMATCH replacement fault remains not ready address=0xa0 actual=0x00000004 expected=0x00000002
STAGE2G PRODUCTION FAILED: replacement fault remains not ready
ABI READ MISMATCH replacement fault first bitmap address=0xa4 actual=0x00000000 expected=0x00000004
STAGE2G PRODUCTION FAILED: replacement fault first bitmap
ABI READ MISMATCH replacement fault live bitmap address=0xa8 actual=0x00000000 expected=0x00000004
STAGE2G PRODUCTION FAILED: replacement fault live bitmap
ABI READ MISMATCH replacement fault seen bitmap address=0xac actual=0x00000000 expected=0x00000004
STAGE2G PRODUCTION FAILED: replacement fault seen bitmap
STAGE2G PRODUCTION FAILED: new pre-arm fault did not replace public code
STAGE2G PRODUCTION FAILED: pre-reset compatibility state was not retained
STATE MISMATCH startup fault remains not ready actual=2 expected=1
STAGE2G PRODUCTION FAILED: startup fault remains not ready
ABI READ MISMATCH startup fault policy address=0xa0 actual=0x00000004 expected=0x00000002
STAGE2G PRODUCTION FAILED: startup fault policy
STAGE2G_PRODUCTION_PATH=FAIL_47
STAGE2G_PRODUCTION_PATH=PASS
PRODUCTION_W1P_CLEAR=PASS
FIFO_CARRIED_SOURCE_INTEGRITY=PASS
SAFE_OUTPUT_PRODUCTION=PASS
PRODUCTION_SAFE_HOLD=PASS
PRODUCTION_SAFE_RELEASE_AFTER_LATER_HEALTHY=PASS
STATUS_FAULT_LATCHED_DURING_POST_CLEAR_RESET_WAIT=1
FAULT_CODE_DURING_POST_CLEAR_RESET_WAIT=RETAIN_PRIOR_FIRST_CAUSE
LATER_HEALTHY_CLEARS_COMPATIBILITY_STATUS=PASS
POST_CLEAR_FAULT_REPLACES_WITH_NEW_FIRST_CAUSE=PASS
RESET_CLEARS_COMPATIBILITY_STATUS=PASS
ABI_1_1_READINESS_MATRIX=PASS
ABI_1_1_BITMAP_MATRIX=PASS
ABI_1_1_POLICY_IDENTITY_MATRIX=PASS
ABI_1_1_DISCOVERY_CAPABILITY_MATRIX=PASS
ABI_1_1_ACCESS_MATRIX=PASS
ABI_1_1_SEQUENCE_WIDTH=32
PRODUCTION_UNSAFE_PULSE_COUNT=0
$finish called at time : 17086 ns : File "<EXTERNAL_SOURCE>/tb/stage2g/tb_stage2g_production_path.sv" Line 739
exit 0
INFO: [Common 17-206] Exiting xsim at Wed Sep  9 16:55:40 2026...
