#-----------------------------------------------------------
# xsim v2024.1 (64-bit)
# SW Build 5076996 on Wed May 22 18:37:14 MDT 2024
# IP Build 5075265 on Wed May 22 21:45:21 MDT 2024
# SharedData Build 5076995 on Wed May 22 18:29:18 MDT 2024
# Start of session at: Thu Sep 10 10:48:01 2026
# Process ID: 46656
# Current directory: <EXTERNAL_BUILD>/digital/mutations/mutants/sequence_misalignment/xsim
# Command line: xsim.exe -log <EXTERNAL_BUILD>\digital\mutations\mutants\sequence_misalignment\xsim\xsim.log -mode tcl -source {xsim.dir/mutation_snapshot/xsim_script.tcl}
# Log file: <EXTERNAL_BUILD>/digital/mutations/mutants/sequence_misalignment/xsim/xsim.log
# Journal file: <EXTERNAL_BUILD>/digital/mutations/mutants/sequence_misalignment/xsim\xsim.jou
# Running On        :illusion
# Platform          :Windows Server 2016 or Windows 10
# Operating System  :26200
# Processor Detail  :AMD Ryzen 9 7945HX with Radeon Graphics        
# CPU Frequency     :2495 MHz
# CPU Physical cores:16
# CPU Logical cores :32
# Host memory       :16844 MB
# Swap memory       :13958 MB
# Total Virtual     :30803 MB
# Available Virtual :7811 MB
#-----------------------------------------------------------
source xsim.dir/mutation_snapshot/xsim_script.tcl
# xsim {mutation_snapshot} -autoloadwcfg -runall -onfinish quit -onerror quit
Time resolution is 1 ps
run -all
FAIL cycle=8 evaluation_sequence actual=00000001 expected=00000000
FAIL cycle=12 evaluation_sequence actual=00000002 expected=00000001
FAIL cycle=16 evaluation_sequence actual=00000101 expected=00000100
FAIL cycle=17 evaluation_sequence actual=00000102 expected=00000101
FAIL cycle=18 evaluation_sequence actual=00000103 expected=00000102
FAIL cycle=19 evaluation_sequence actual=00000104 expected=00000103
FAIL cycle=20 evaluation_sequence actual=00000105 expected=00000104
FAIL cycle=21 evaluation_sequence actual=00000106 expected=00000105
FAIL cycle=22 evaluation_sequence actual=00000107 expected=00000106
FAIL cycle=23 evaluation_sequence actual=00000108 expected=00000107
FAIL cycle=24 evaluation_sequence actual=00000109 expected=00000108
FAIL cycle=25 evaluation_sequence actual=0000010a expected=00000109
FAIL cycle=26 evaluation_sequence actual=0000010b expected=0000010a
FAIL cycle=27 evaluation_sequence actual=0000010c expected=0000010b
FAIL cycle=28 evaluation_sequence actual=0000010d expected=0000010c
FAIL cycle=29 evaluation_sequence actual=0000010e expected=0000010d
FAIL cycle=30 evaluation_sequence actual=0000010f expected=0000010e
FAIL cycle=31 evaluation_sequence actual=00000110 expected=0000010f
FAIL cycle=32 evaluation_sequence actual=00000111 expected=00000110
FAIL cycle=33 evaluation_sequence actual=00000112 expected=00000111
FAIL cycle=34 evaluation_sequence actual=00000113 expected=00000112
FAIL cycle=35 evaluation_sequence actual=00000114 expected=00000113
FAIL cycle=36 evaluation_sequence actual=00000115 expected=00000114
FAIL cycle=37 evaluation_sequence actual=00000116 expected=00000115
FAIL cycle=38 evaluation_sequence actual=00000117 expected=00000116
FAIL cycle=39 evaluation_sequence actual=00000118 expected=00000117
FAIL cycle=40 evaluation_sequence actual=00000119 expected=00000118
FAIL cycle=41 evaluation_sequence actual=0000011a expected=00000119
FAIL cycle=42 evaluation_sequence actual=0000011b expected=0000011a
FAIL cycle=43 evaluation_sequence actual=0000011c expected=0000011b
FAIL cycle=44 evaluation_sequence actual=0000011d expected=0000011c
FAIL cycle=45 evaluation_sequence actual=0000011e expected=0000011d
FAIL cycle=46 evaluation_sequence actual=0000011f expected=0000011e
FAIL cycle=47 evaluation_sequence actual=00000120 expected=0000011f
FAIL cycle=48 evaluation_sequence actual=00000121 expected=00000120
FAIL cycle=49 evaluation_sequence actual=00000122 expected=00000121
FAIL cycle=50 evaluation_sequence actual=00000123 expected=00000122
FAIL cycle=51 evaluation_sequence actual=00000124 expected=00000123
FAIL cycle=52 evaluation_sequence actual=00000125 expected=00000124
FAIL cycle=53 evaluation_sequence actual=00000126 expected=00000125
FAIL cycle=54 evaluation_sequence actual=00000127 expected=00000126
FAIL cycle=55 evaluation_sequence actual=00000128 expected=00000127
FAIL cycle=56 evaluation_sequence actual=00000129 expected=00000128
FAIL cycle=57 evaluation_sequence actual=0000012a expected=00000129
FAIL cycle=58 evaluation_sequence actual=0000012b expected=0000012a
FAIL cycle=59 evaluation_sequence actual=0000012c expected=0000012b
FAIL cycle=60 evaluation_sequence actual=0000012d expected=0000012c
FAIL cycle=61 evaluation_sequence actual=0000012e expected=0000012d
FAIL cycle=62 evaluation_sequence actual=0000012f expected=0000012e
FAIL cycle=63 evaluation_sequence actual=00000130 expected=0000012f
FAIL cycle=64 evaluation_sequence actual=00000131 expected=00000130
FAIL cycle=65 evaluation_sequence actual=00000132 expected=00000131
FAIL cycle=66 evaluation_sequence actual=00000133 expected=00000132
FAIL cycle=67 evaluation_sequence actual=00000134 expected=00000133
FAIL cycle=68 evaluation_sequence actual=00000135 expected=00000134
FAIL cycle=69 evaluation_sequence actual=00000136 expected=00000135
FAIL cycle=70 evaluation_sequence actual=00000137 expected=00000136
FAIL cycle=71 evaluation_sequence actual=00000138 expected=00000137
FAIL cycle=72 evaluation_sequence actual=00000139 expected=00000138
FAIL cycle=73 evaluation_sequence actual=0000013a expected=00000139
FAIL cycle=74 evaluation_sequence actual=0000013b expected=0000013a
FAIL cycle=75 evaluation_sequence actual=0000013c expected=0000013b
FAIL cycle=76 evaluation_sequence actual=0000013d expected=0000013c
FAIL cycle=77 evaluation_sequence actual=0000013e expected=0000013d
FAIL cycle=78 evaluation_sequence actual=0000013f expected=0000013e
FAIL cycle=79 evaluation_sequence actual=00000140 expected=0000013f
FAIL cycle=88 evaluation_sequence actual=000001f1 expected=000001f0
FAIL cycle=96 evaluation_sequence actual=00000201 expected=00000200
FAIL cycle=101 evaluation_sequence actual=00000202 expected=00000201
FAIL cycle=106 evaluation_sequence actual=00000203 expected=00000202
FAIL cycle=108 clear_sequence actual=00000203 expected=00000202
FAIL cycle=110 evaluation_sequence actual=00000204 expected=00000203
FAIL cycle=114 evaluation_sequence actual=00000205 expected=00000204
FAIL cycle=118 evaluation_sequence actual=00000401 expected=00000400
FAIL cycle=119 evaluation_sequence actual=00000402 expected=00000401
FAIL cycle=120 evaluation_sequence actual=00000403 expected=00000402
FAIL cycle=121 same_edge_resolution_sequence actual=00000402 expected=00000401
FAIL cycle=121 evaluation_sequence actual=00000404 expected=00000403
FAIL cycle=122 evaluation_sequence actual=00000405 expected=00000404
FAIL cycle=125 evaluation_sequence actual=ffffffff expected=fffffffe
FAIL cycle=126 evaluation_sequence actual=00000000 expected=ffffffff
FAIL cycle=127 evaluation_sequence actual=00000001 expected=00000000
FAIL cycle=128 evaluation_sequence actual=00000002 expected=00000001
FAIL cycle=135 wrap_latest_sequence actual=00000002 expected=00000001
FAIL cycle=158 evaluation_sequence actual=10000003 expected=10000002
FAIL cycle=169 evaluation_sequence actual=00000001 expected=00000000
FAIL cycle=173 evaluation_sequence actual=00000002 expected=00000001
STAGE2G_POLICY_MATRIX=FAIL_87
STAGE2G_POLICY_MATRIX=PASS
BITMAP_COMBINATIONS=PASS_64_OF_64
PRIORITY_CODE_MATRIX=PASS_64_OF_64
II1_ALIGNMENT=PASS
CLEAR_FENCE_MATRIX=PASS
RESET_PIPELINE_FLUSH_MATRIX=PASS
$finish called at time : 1771 ns : File "<EXTERNAL_SOURCE>/tb/stage2g/tb_stage2g_policy_matrix.sv" Line 497
exit 0
INFO: [Common 17-206] Exiting xsim at Thu Sep 10 10:48:03 2026...
