#-----------------------------------------------------------
# xsim v2024.1 (64-bit)
# SW Build 5076996 on Wed May 22 18:37:14 MDT 2024
# IP Build 5075265 on Wed May 22 21:45:21 MDT 2024
# SharedData Build 5076995 on Wed May 22 18:29:18 MDT 2024
# Start of session at: Wed Sep  9 17:03:06 2026
# Process ID: 19784
# Current directory: <EXTERNAL_BUILD>/digital/stage2f/run_stage2f_mutations/xsim_channel_payload_swap
# Command line: xsim.exe -log <EXTERNAL_BUILD>\digital\stage2f\run_stage2f_mutations\xsim_channel_payload_swap\xsim.log -mode tcl -source {xsim.dir/mutation_snapshot/xsim_script.tcl}
# Log file: <EXTERNAL_BUILD>/digital/stage2f/run_stage2f_mutations/xsim_channel_payload_swap/xsim.log
# Journal file: <EXTERNAL_BUILD>/digital/stage2f/run_stage2f_mutations/xsim_channel_payload_swap\xsim.jou
# Running On        :illusion
# Platform          :Windows Server 2016 or Windows 10
# Operating System  :26200
# Processor Detail  :AMD Ryzen 9 7945HX with Radeon Graphics        
# CPU Frequency     :2495 MHz
# CPU Physical cores:16
# CPU Logical cores :32
# Host memory       :16844 MB
# Swap memory       :13958 MB
# Total Virtual     :30803 MB
# Available Virtual :10528 MB
#-----------------------------------------------------------
source xsim.dir/mutation_snapshot/xsim_script.tcl
# xsim {mutation_snapshot} -autoloadwcfg -runall -onfinish quit -onerror quit
Time resolution is 1 ps
run -all
MUTATION_DETECTED=PASS failures=7
$finish called at time : 146 ns
exit 0
INFO: [Common 17-206] Exiting xsim at Wed Sep  9 17:03:08 2026...
