Vivado Simulator v2024.1
Copyright 1986-2022 Xilinx, Inc. All Rights Reserved.
Copyright 2022-2024 Advanced Micro Devices, Inc. All Rights Reserved.
Running: <EXTERNAL_PATH> work.tb_stage2e_mutation_any_error_backpressure -s stage2e_mutation_any_error_backpressure_snapshot --timescale 1ns/1ps --log <EXTERNAL_BUILD>\digital\xsim\stage2e_connected_mutations\any_error_backpressure.xelab.log 
Multi-threading is on. Using 30 slave threads.
Starting static elaboration
Pass Through NonSizing Optimizer
WARNING: [VRFC 10-3645] port 'transaction_integrity_clean' remains unconnected for this instance [<EXTERNAL_SOURCE>/tb/stage2e/tb_stage2e_mutation_connected.sv:22]
WARNING: [VRFC 10-3645] port 'source_accept_count' remains unconnected for this instance [<EXTERNAL_SOURCE>/tb/stage2e/tb_stage2e_mutation_connected.sv:101]
WARNING: [VRFC 10-3645] port 'fsm_state' remains unconnected for this instance [<EXTERNAL_SOURCE>/tb/stage2e/tb_stage2e_mutation_connected.sv:325]
Completed static elaboration
Starting simulation data flow analysis
Completed simulation data flow analysis
Time Resolution for simulation is 1ps
Compiling module work.stage2e_transaction_observabilit...
Compiling module work.transaction_source_observer_defa...
Compiling module work.stage2e_mutation_source_wrapper(...
Compiling module work.stage2e_transaction_sequence_cla...
Compiling module work.destination_sequence_integrity_t...
Compiling module work.transaction_destination_observer...
Compiling module work.stage2e_mutation_destination_wra...
Compiling module work.stage2e_mutation_atomic_word(MUT...
Compiling module work.stage2e_mutation_counter_cdc(MUT...
Compiling module work.stage2e_mutation_event_cdc(MUTAT...
Compiling module work.stage2e_mutation_saturating_coun...
Compiling module work.protection_reg_bank_default
Compiling module work.stage2e_mutation_register_wrappe...
Compiling module work.stage2e_mutation_connected_fixtu...
Compiling module work.tb_stage2e_mutation_any_error_ba...
Built simulation snapshot stage2e_mutation_any_error_backpressure_snapshot
