#-----------------------------------------------------------
# xsim v2024.1 (64-bit)
# SW Build 5076996 on Wed May 22 18:37:14 MDT 2024
# IP Build 5075265 on Wed May 22 21:45:21 MDT 2024
# SharedData Build 5076995 on Wed May 22 18:29:18 MDT 2024
# Start of session at: Wed Sep  9 04:05:39 2026
# Process ID: 24236
# Current directory: <EXTERNAL_VERIFICATION>/digital/xsim/stage2e_connected_mutations
# Command line: xsim.exe -log <EXTERNAL_VERIFICATION>\digital\xsim\stage2e_connected_mutations\binary_cdc.xsim.log -mode tcl -source {xsim.dir/stage2e_mutation_binary_cdc_snapshot/xsim_script.tcl}
# Log file: <EXTERNAL_VERIFICATION>/digital/xsim/stage2e_connected_mutations/binary_cdc.xsim.log
# Journal file: <EXTERNAL_VERIFICATION>/digital/xsim/stage2e_connected_mutations\xsim.jou
# Running On        :illusion
# Platform          :Windows Server 2016 or Windows 10
# Operating System  :26200
# Processor Detail  :AMD Ryzen 9 7945HX with Radeon Graphics        
# CPU Frequency     :2495 MHz
# CPU Physical cores:16
# CPU Logical cores :32
# Host memory       :16844 MB
# Swap memory       :13958 MB
# Total Virtual     :30803 MB
# Available Virtual :12572 MB
#-----------------------------------------------------------
source xsim.dir/stage2e_mutation_binary_cdc_snapshot/xsim_script.tcl
# xsim {stage2e_mutation_binary_cdc_snapshot} -autoloadwcfg -runall -onfinish quit -onerror quit
Time resolution is 1 ps
run -all
MUTATION_ID=11_BINARY_COUNTER_BUS_SYNCHRONIZED_PER_BIT
MUTATION_CHANGED_BEHAVIOR=GRAY_CDC_REPLACED_BY_SKEWED_BINARY_BIT_SYNCHRONIZER
MUTATION_EXPECTED_REJECTION=BINARY_COUNTER_CDC_OR_UNREGISTERED_GRAY
STAGE2E CHECK FAILED: BINARY_COUNTER_CDC_OR_UNREGISTERED_GRAY
$finish called at time : 86 ns : File "<EXTERNAL_SOURCE>/tb/stage2e/stage2e_transaction_observability_checker.sv" Line 8
exit 0
INFO: [Common 17-206] Exiting xsim at Wed Sep  9 04:05:41 2026...
