#-----------------------------------------------------------
# xsim v2024.1 (64-bit)
# SW Build 5076996 on Wed May 22 18:37:14 MDT 2024
# IP Build 5075265 on Wed May 22 21:45:21 MDT 2024
# SharedData Build 5076995 on Wed May 22 18:29:18 MDT 2024
# Start of session at: Wed Sep  9 04:05:00 2026
# Process ID: 16352
# Current directory: <EXTERNAL_VERIFICATION>/digital/xsim/stage2e_connected_mutations
# Command line: xsim.exe -log <EXTERNAL_VERIFICATION>\digital\xsim\stage2e_connected_mutations\payload_identity.xsim.log -mode tcl -source {xsim.dir/stage2e_mutation_payload_identity_snapshot/xsim_script.tcl}
# Log file: <EXTERNAL_VERIFICATION>/digital/xsim/stage2e_connected_mutations/payload_identity.xsim.log
# Journal file: <EXTERNAL_VERIFICATION>/digital/xsim/stage2e_connected_mutations\xsim.jou
# Running On        :illusion
# Platform          :Windows Server 2016 or Windows 10
# Operating System  :26200
# Processor Detail  :AMD Ryzen 9 7945HX with Radeon Graphics        
# CPU Frequency     :2495 MHz
# CPU Physical cores:16
# CPU Logical cores :32
# Host memory       :16844 MB
# Swap memory       :13958 MB
# Total Virtual     :30803 MB
# Available Virtual :12581 MB
#-----------------------------------------------------------
source xsim.dir/stage2e_mutation_payload_identity_snapshot/xsim_script.tcl
# xsim {stage2e_mutation_payload_identity_snapshot} -autoloadwcfg -runall -onfinish quit -onerror quit
Time resolution is 1 ps
run -all
MUTATION_ID=05_PAYLOAD_EQUALITY_USED_AS_DUPLICATE_IDENTITY
MUTATION_CHANGED_BEHAVIOR=DUPLICATE_MONITOR_ADDS_EQUAL_PAYLOAD_EVENT
MUTATION_EXPECTED_REJECTION=PAYLOAD_EQUALITY_USED_AS_IDENTITY
STAGE2E CHECK FAILED: PAYLOAD_EQUALITY_USED_AS_IDENTITY
$finish called at time : 51 ns : File "<EXTERNAL_SOURCE>/tb/stage2e/stage2e_transaction_observability_checker.sv" Line 8
exit 0
INFO: [Common 17-206] Exiting xsim at Wed Sep  9 04:05:02 2026...
