#-----------------------------------------------------------
# xsim v2024.1 (64-bit)
# SW Build 5076996 on Wed May 22 18:37:14 MDT 2024
# IP Build 5075265 on Wed May 22 21:45:21 MDT 2024
# SharedData Build 5076995 on Wed May 22 18:29:18 MDT 2024
# Start of session at: Thu Sep 10 10:53:51 2026
# Process ID: 46044
# Current directory: <EXTERNAL_BUILD>/digital/xsim/stage2b_regression
# Command line: xsim.exe -log <EXTERNAL_BUILD>\digital\xsim\stage2b_regression\xsim.log -mode tcl -source {xsim.dir/stage2b_regression_snapshot/xsim_script.tcl}
# Log file: <EXTERNAL_BUILD>/digital/xsim/stage2b_regression/xsim.log
# Journal file: <EXTERNAL_BUILD>/digital/xsim/stage2b_regression\xsim.jou
# Running On        :illusion
# Platform          :Windows Server 2016 or Windows 10
# Operating System  :26200
# Processor Detail  :AMD Ryzen 9 7945HX with Radeon Graphics        
# CPU Frequency     :2495 MHz
# CPU Physical cores:16
# CPU Logical cores :32
# Host memory       :16844 MB
# Swap memory       :13958 MB
# Total Virtual     :30803 MB
# Available Virtual :7697 MB
#-----------------------------------------------------------
source xsim.dir/stage2b_regression_snapshot/xsim_script.tcl
# xsim {stage2b_regression_snapshot} -autoloadwcfg -runall -onfinish quit -onerror quit
Time resolution is 1 ps
run -all
SB01=PASS
SB02=PASS
SB03=PASS
SB04=PASS
SB05=PASS
SB06=PASS
SB07=PASS
SB08=PASS
SB09=PASS
SB10=PASS
SB11=PASS
SB12=PASS
SB13=PASS
SB14=PASS
SB15=PASS
SB16=PASS
SB17=PASS
SB18=PASS
SB19=PASS
SB20=PASS
SB21=PASS
SB22=PASS
HB01=PASS
HB02=PASS
HB03=PASS
HB04=PASS
READ_ONLY_HIERARCHICAL_OBSERVATION=YES
HIERARCHICAL_WRITE=NO
UNIFIED_SAMPLE_ACCEPTANCE_IMPLEMENTED=YES
COMPARATOR_AND_HEALTH_SHARE_ACCEPTED_TRANSACTION=YES
INVALID_EXTERNAL_SAMPLE_FAULT_SUPPRESSION=PASS
INVALID_HEALTH_STATE_HOLD=PASS
STALE_ACCEPTED_SAMPLE_RETRIGGER_SUPPRESSION=PASS
HEALTH_EVENT_TRANSACTION_ALIGNMENT=PASS
FRESH_SAFE_OPEN_TRANSACTION_NO_RETRIGGER=PASS
FRESH_SAFE_SAT_TRANSACTION_NO_RETRIGGER=PASS
FRESH_SAFE_STUCK_TRANSACTION_NO_RETRIGGER=PASS
FRESH_QUALIFYING_HEALTH_TRANSACTION_RETRIGGER=PASS
BACK_TO_BACK_TRANSACTION_ACCEPTANCE=PASS
HELD_HIGH_VALID_TRANSACTION_ACCEPTANCE=PASS
ATOMIC_SAMPLE_PAIR_CHECK=PASS
RESET_RELEASE_FIRST_ACCEPTANCE=PASS
FAULT_LATCH_TIMING_CHECK=PASS
SAFE_OUTPUT_TIMING_CHECK=PASS
OVERCURRENT_LATENCY=N0_TO_N3_N4_3_CYCLES
SENSOR_OPEN_LATENCY=TRIGGER_ACCEPT_N0_TO_N3_N4_3_CYCLES
SENSOR_SATURATION_LATENCY=TRIGGER_ACCEPT_N0_TO_N3_N4_3_CYCLES
SENSOR_STUCK_LATENCY=TRIGGER_ACCEPT_N0_TO_N3_N4_3_CYCLES
SAFE_OUTPUT_LATENCY=N0_TO_N4_3_CYCLES_COMPARATOR_PATH
ORIGINAL_STAGE2B_SCENARIOS=PASS_22_OF_22
HEALTH_EVENT_HARDENING_SCENARIOS=PASS_4_OF_4
TOTAL_POSITIVE_SCENARIOS=PASS_26_OF_26
STAGE2B_POSITIVE_SCENARIOS_PASS=22_OF_22
STAGE2B_UNIFIED_SAMPLE_ACCEPTANCE_DUT=PASS
$finish called at time : 3277 ns : File "<EXTERNAL_SOURCE>/tb/stage2b/tb_stage2b_unified_sample_acceptance.sv" Line 825
exit 0
INFO: [Common 17-206] Exiting xsim at Thu Sep 10 10:53:52 2026...
