#-----------------------------------------------------------
# xsim v2024.1 (64-bit)
# SW Build 5076996 on Wed May 22 18:37:14 MDT 2024
# IP Build 5075265 on Wed May 22 21:45:21 MDT 2024
# SharedData Build 5076995 on Wed May 22 18:29:18 MDT 2024
# Start of session at: Wed Sep  9 16:59:25 2026
# Process ID: 3336
# Current directory: <EXTERNAL_BUILD>/digital/xsim/stage2e_aggregate_saturation_equivalence
# Command line: xsim.exe -log <EXTERNAL_BUILD>\digital\xsim\stage2e_aggregate_saturation_equivalence\xsim.log -mode tcl -source {xsim.dir/stage2e_aggregate_saturation_equivalence_snapshot/xsim_script.tcl}
# Log file: <EXTERNAL_BUILD>/digital/xsim/stage2e_aggregate_saturation_equivalence/xsim.log
# Journal file: <EXTERNAL_BUILD>/digital/xsim/stage2e_aggregate_saturation_equivalence\xsim.jou
# Running On        :illusion
# Platform          :Windows Server 2016 or Windows 10
# Operating System  :26200
# Processor Detail  :AMD Ryzen 9 7945HX with Radeon Graphics        
# CPU Frequency     :2495 MHz
# CPU Physical cores:16
# CPU Logical cores :32
# Host memory       :16844 MB
# Swap memory       :13958 MB
# Total Virtual     :30803 MB
# Available Virtual :10619 MB
#-----------------------------------------------------------
source xsim.dir/stage2e_aggregate_saturation_equivalence_snapshot/xsim_script.tcl
# xsim {stage2e_aggregate_saturation_equivalence_snapshot} -autoloadwcfg -runall -onfinish quit -onerror quit
Time resolution is 1 ps
run -all
AGGREGATE_SATURATION_EQUIVALENCE=PASS_1024_OF_1024
AGGREGATE_CYCLE_SEMANTICS=PASS
AGGREGATE_REGISTERED_INPUT_BOUNDARY=PASS
AGGREGATE_REGISTERED_ARITHMETIC_BOUNDARY=PASS
$finish called at time : 1146 ns : File "<EXTERNAL_SOURCE>/tb/stage2e/tb_stage2e_aggregate_saturation_equivalence.sv" Line 297
exit 0
INFO: [Common 17-206] Exiting xsim at Wed Sep  9 16:59:27 2026...
