#-----------------------------------------------------------
# xsim v2024.1 (64-bit)
# SW Build 5076996 on Wed May 22 18:37:14 MDT 2024
# IP Build 5075265 on Wed May 22 21:45:21 MDT 2024
# SharedData Build 5076995 on Wed May 22 18:29:18 MDT 2024
# Start of session at: Wed Sep  9 16:53:12 2026
# Process ID: 29572
# Current directory: <EXTERNAL_BUILD>/digital/mutations/mutants/code_misalignment/xsim
# Command line: xsim.exe -log <EXTERNAL_BUILD>\digital\mutations\mutants\code_misalignment\xsim\xsim.log -mode tcl -source {xsim.dir/mutation_snapshot/xsim_script.tcl}
# Log file: <EXTERNAL_BUILD>/digital/mutations/mutants/code_misalignment/xsim/xsim.log
# Journal file: <EXTERNAL_BUILD>/digital/mutations/mutants/code_misalignment/xsim\xsim.jou
# Running On        :illusion
# Platform          :Windows Server 2016 or Windows 10
# Operating System  :26200
# Processor Detail  :AMD Ryzen 9 7945HX with Radeon Graphics        
# CPU Frequency     :2495 MHz
# CPU Physical cores:16
# CPU Logical cores :32
# Host memory       :16844 MB
# Swap memory       :13958 MB
# Total Virtual     :30803 MB
# Available Virtual :10592 MB
#-----------------------------------------------------------
source xsim.dir/mutation_snapshot/xsim_script.tcl
# xsim {mutation_snapshot} -autoloadwcfg -runall -onfinish quit -onerror quit
Time resolution is 1 ps
run -all
FAIL cycle=8 evaluation_code actual=00000002 expected=00000001
FAIL cycle=12 evaluation_code actual=00000001 expected=00000000
FAIL cycle=16 evaluation_code actual=00000001 expected=00000000
FAIL cycle=17 evaluation_code actual=00000002 expected=00000001
FAIL cycle=18 evaluation_code actual=00000002 expected=00000001
FAIL cycle=19 evaluation_code actual=00000002 expected=00000001
FAIL cycle=20 evaluation_code actual=00000003 expected=00000002
FAIL cycle=21 evaluation_code actual=00000007 expected=00000006
FAIL cycle=22 evaluation_code actual=00000007 expected=00000006
FAIL cycle=23 evaluation_code actual=00000007 expected=00000006
FAIL cycle=24 evaluation_code actual=00000004 expected=00000003
FAIL cycle=25 evaluation_code actual=00000007 expected=00000006
FAIL cycle=26 evaluation_code actual=00000007 expected=00000006
FAIL cycle=27 evaluation_code actual=00000007 expected=00000006
FAIL cycle=28 evaluation_code actual=00000004 expected=00000003
FAIL cycle=29 evaluation_code actual=00000007 expected=00000006
FAIL cycle=30 evaluation_code actual=00000007 expected=00000006
FAIL cycle=31 evaluation_code actual=00000007 expected=00000006
FAIL cycle=32 evaluation_code actual=00000005 expected=00000004
FAIL cycle=33 evaluation_code actual=00000007 expected=00000006
FAIL cycle=34 evaluation_code actual=00000007 expected=00000006
FAIL cycle=35 evaluation_code actual=00000007 expected=00000006
FAIL cycle=36 evaluation_code actual=00000005 expected=00000004
FAIL cycle=37 evaluation_code actual=00000007 expected=00000006
FAIL cycle=38 evaluation_code actual=00000007 expected=00000006
FAIL cycle=39 evaluation_code actual=00000007 expected=00000006
FAIL cycle=40 evaluation_code actual=00000005 expected=00000004
FAIL cycle=41 evaluation_code actual=00000007 expected=00000006
FAIL cycle=42 evaluation_code actual=00000007 expected=00000006
FAIL cycle=43 evaluation_code actual=00000007 expected=00000006
FAIL cycle=44 evaluation_code actual=00000005 expected=00000004
FAIL cycle=45 evaluation_code actual=00000007 expected=00000006
FAIL cycle=46 evaluation_code actual=00000007 expected=00000006
FAIL cycle=47 evaluation_code actual=00000007 expected=00000006
FAIL cycle=48 evaluation_code actual=00000006 expected=00000005
FAIL cycle=49 evaluation_code actual=00000007 expected=00000006
FAIL cycle=50 evaluation_code actual=00000007 expected=00000006
FAIL cycle=51 evaluation_code actual=00000007 expected=00000006
FAIL cycle=52 evaluation_code actual=00000006 expected=00000005
FAIL cycle=53 evaluation_code actual=00000007 expected=00000006
FAIL cycle=54 evaluation_code actual=00000007 expected=00000006
FAIL cycle=55 evaluation_code actual=00000007 expected=00000006
FAIL cycle=56 evaluation_code actual=00000004 expected=00000003
FAIL cycle=57 evaluation_code actual=00000007 expected=00000006
FAIL cycle=58 evaluation_code actual=00000007 expected=00000006
FAIL cycle=59 evaluation_code actual=00000007 expected=00000006
FAIL cycle=60 evaluation_code actual=00000004 expected=00000003
FAIL cycle=61 evaluation_code actual=00000007 expected=00000006
FAIL cycle=62 evaluation_code actual=00000007 expected=00000006
FAIL cycle=63 evaluation_code actual=00000007 expected=00000006
FAIL cycle=64 evaluation_code actual=00000005 expected=00000004
FAIL cycle=65 evaluation_code actual=00000007 expected=00000006
FAIL cycle=66 evaluation_code actual=00000007 expected=00000006
FAIL cycle=67 evaluation_code actual=00000007 expected=00000006
FAIL cycle=68 evaluation_code actual=00000005 expected=00000004
FAIL cycle=69 evaluation_code actual=00000007 expected=00000006
FAIL cycle=70 evaluation_code actual=00000007 expected=00000006
FAIL cycle=71 evaluation_code actual=00000007 expected=00000006
FAIL cycle=72 evaluation_code actual=00000005 expected=00000004
FAIL cycle=73 evaluation_code actual=00000007 expected=00000006
FAIL cycle=74 evaluation_code actual=00000007 expected=00000006
FAIL cycle=75 evaluation_code actual=00000007 expected=00000006
FAIL cycle=76 evaluation_code actual=00000005 expected=00000004
FAIL cycle=77 evaluation_code actual=00000007 expected=00000006
FAIL cycle=78 evaluation_code actual=00000007 expected=00000006
FAIL cycle=79 evaluation_code actual=00000007 expected=00000006
FAIL cycle=86 first_code_immutable actual=00000002 expected=00000001
FAIL cycle=88 evaluation_code actual=00000001 expected=00000000
FAIL cycle=96 evaluation_code actual=00000002 expected=00000001
FAIL cycle=101 evaluation_code actual=00000001 expected=00000000
FAIL cycle=106 evaluation_code actual=00000001 expected=00000000
FAIL cycle=110 evaluation_code actual=00000001 expected=00000000
FAIL cycle=114 evaluation_code actual=00000006 expected=00000005
FAIL cycle=118 evaluation_code actual=00000002 expected=00000001
FAIL cycle=119 evaluation_code actual=00000001 expected=00000000
FAIL cycle=120 evaluation_code actual=00000001 expected=00000000
FAIL cycle=121 evaluation_code actual=00000001 expected=00000000
FAIL cycle=122 evaluation_code actual=00000001 expected=00000000
FAIL cycle=125 evaluation_code actual=00000001 expected=00000000
FAIL cycle=126 evaluation_code actual=00000002 expected=00000001
FAIL cycle=127 evaluation_code actual=00000002 expected=00000001
FAIL cycle=128 evaluation_code actual=00000003 expected=00000002
FAIL cycle=158 evaluation_code actual=00000002 expected=00000001
FAIL cycle=169 evaluation_code actual=00000001 expected=00000000
FAIL cycle=173 evaluation_code actual=00000002 expected=00000001
STAGE2G_POLICY_MATRIX=FAIL_85
STAGE2G_POLICY_MATRIX=PASS
BITMAP_COMBINATIONS=PASS_64_OF_64
PRIORITY_CODE_MATRIX=PASS_64_OF_64
II1_ALIGNMENT=PASS
CLEAR_FENCE_MATRIX=PASS
RESET_PIPELINE_FLUSH_MATRIX=PASS
$finish called at time : 1771 ns : File "<EXTERNAL_SOURCE>/tb/stage2g/tb_stage2g_policy_matrix.sv" Line 497
exit 0
INFO: [Common 17-206] Exiting xsim at Wed Sep  9 16:53:14 2026...
