Vivado Simulator v2024.1
Copyright 1986-2022 Xilinx, Inc. All Rights Reserved.
Copyright 2022-2024 Advanced Micro Devices, Inc. All Rights Reserved.
Running: <EXTERNAL_PATH> work.tb_stage2i_b_cdc_event_authority -s cdc_event_authority_snapshot --timescale 1ns/1ps --log <EXTERNAL_BUILD>\digital\xsim\cdc_event_authority\xelab.log 
Multi-threading is on. Using 30 slave threads.
Starting static elaboration
Pass Through NonSizing Optimizer
Completed static elaboration
Starting simulation data flow analysis
Completed simulation data flow analysis
Time Resolution for simulation is 1ps
Compiling module work.transaction_source_observer(SEQU...
Compiling module work.async_fifo_gray(DATA_WIDTH=41)
Compiling module work.stage2g_adc_sample_cdc_bridge(SE...
Compiling module work.current_compare_dual
Compiling module work.sensor_health_monitor
Compiling module work.stage2g_fault_evaluation_pipelin...
Compiling module work.stage2g_fault_episode_controller...
Compiling module work.pwm_gen
Compiling module work.pwm_gate
Compiling module work.stage2g_protection_core(SEQUENCE...
Compiling module work.tb_stage2i_b_cdc_event_authority
Built simulation snapshot cdc_event_authority_snapshot
