
****** xsim v2024.1 (64-bit)
  **** SW Build 5076996 on Wed May 22 18:37:14 MDT 2024
  **** IP Build 5075265 on Wed May 22 21:45:21 MDT 2024
  **** SharedData Build 5076995 on Wed May 22 18:29:18 MDT 2024
  **** Start of session at: Thu Sep 10 10:46:49 2026
    ** Copyright 1986-2022 Xilinx, Inc. All Rights Reserved.
    ** Copyright 2022-2024 Advanced Micro Devices, Inc. All Rights Reserved.

source xsim.dir/cdc_event_authority_snapshot/xsim_script.tcl
# xsim {cdc_event_authority_snapshot} -autoloadwcfg -runall -onfinish quit -onerror quit
Time resolution is 1 ps
run -all
TRACE epoch=1 dst_cycle=6 event=SOURCE_ACCEPT sequence=0
TRACE epoch=1 dst_cycle=9 event=INTERNAL_FIFO_PREFETCH sequence=0 source_accept_offset=3
TRACE epoch=1 dst_cycle=10 event=BRIDGE_DESTINATION_DELIVERY_STAGE2B_N0 sequence=0 prefetch_offset=1
TRACE epoch=1 dst_cycle=12 event=FAULT_EVAL_AVAILABLE sequence=0 delivery_offset=2
TRACE epoch=1 dst_cycle=13 event=POLICY_CONSUMPTION sequence=0 delivery_offset=3 clear=0 pending=0
SINGLE_TRANSACTION_CYCLE_TRACE=PASS
FIFO_EMPTY_TO_NONEMPTY=PASS
TRACE epoch=2 dst_cycle=18 event=SOURCE_ACCEPT sequence=0
TRACE epoch=2 dst_cycle=19 event=SOURCE_ACCEPT sequence=1
TRACE epoch=2 dst_cycle=20 event=SOURCE_ACCEPT sequence=2
TRACE epoch=2 dst_cycle=20 event=SOURCE_ACCEPT sequence=3
TRACE epoch=2 dst_cycle=21 event=INTERNAL_FIFO_PREFETCH sequence=0 source_accept_offset=3
TRACE epoch=2 dst_cycle=21 event=SOURCE_ACCEPT sequence=4
TRACE epoch=2 dst_cycle=22 event=INTERNAL_FIFO_PREFETCH sequence=1 source_accept_offset=3
TRACE epoch=2 dst_cycle=22 event=BRIDGE_DESTINATION_DELIVERY_STAGE2B_N0 sequence=0 prefetch_offset=1
TRACE epoch=2 dst_cycle=22 event=SOURCE_ACCEPT sequence=5
TRACE epoch=2 dst_cycle=23 event=INTERNAL_FIFO_PREFETCH sequence=2 source_accept_offset=3
TRACE epoch=2 dst_cycle=23 event=BRIDGE_DESTINATION_DELIVERY_STAGE2B_N0 sequence=1 prefetch_offset=1
TRACE epoch=2 dst_cycle=23 event=SOURCE_ACCEPT sequence=6
TRACE epoch=2 dst_cycle=24 event=INTERNAL_FIFO_PREFETCH sequence=3 source_accept_offset=4
TRACE epoch=2 dst_cycle=24 event=BRIDGE_DESTINATION_DELIVERY_STAGE2B_N0 sequence=2 prefetch_offset=1
TRACE epoch=2 dst_cycle=24 event=FAULT_EVAL_AVAILABLE sequence=0 delivery_offset=2
TRACE epoch=2 dst_cycle=24 event=SOURCE_ACCEPT sequence=7
TRACE epoch=2 dst_cycle=24 event=SOURCE_ACCEPT sequence=8
TRACE epoch=2 dst_cycle=25 event=INTERNAL_FIFO_PREFETCH sequence=4 source_accept_offset=4
TRACE epoch=2 dst_cycle=25 event=BRIDGE_DESTINATION_DELIVERY_STAGE2B_N0 sequence=3 prefetch_offset=1
TRACE epoch=2 dst_cycle=25 event=POLICY_CONSUMPTION sequence=0 delivery_offset=3 clear=0 pending=0
TRACE epoch=2 dst_cycle=25 event=FAULT_EVAL_AVAILABLE sequence=1 delivery_offset=2
TRACE epoch=2 dst_cycle=25 event=SOURCE_ACCEPT sequence=9
TRACE epoch=2 dst_cycle=26 event=INTERNAL_FIFO_PREFETCH sequence=5 source_accept_offset=4
TRACE epoch=2 dst_cycle=26 event=BRIDGE_DESTINATION_DELIVERY_STAGE2B_N0 sequence=4 prefetch_offset=1
TRACE epoch=2 dst_cycle=26 event=POLICY_CONSUMPTION sequence=1 delivery_offset=3 clear=0 pending=0
TRACE epoch=2 dst_cycle=26 event=FAULT_EVAL_AVAILABLE sequence=2 delivery_offset=2
TRACE epoch=2 dst_cycle=26 event=SOURCE_ACCEPT sequence=10
TRACE epoch=2 dst_cycle=27 event=INTERNAL_FIFO_PREFETCH sequence=6 source_accept_offset=4
TRACE epoch=2 dst_cycle=27 event=BRIDGE_DESTINATION_DELIVERY_STAGE2B_N0 sequence=5 prefetch_offset=1
TRACE epoch=2 dst_cycle=27 event=POLICY_CONSUMPTION sequence=2 delivery_offset=3 clear=0 pending=0
TRACE epoch=2 dst_cycle=27 event=FAULT_EVAL_AVAILABLE sequence=3 delivery_offset=2
TRACE epoch=2 dst_cycle=27 event=SOURCE_ACCEPT sequence=11
TRACE epoch=2 dst_cycle=28 event=INTERNAL_FIFO_PREFETCH sequence=7 source_accept_offset=4
TRACE epoch=2 dst_cycle=28 event=BRIDGE_DESTINATION_DELIVERY_STAGE2B_N0 sequence=6 prefetch_offset=1
TRACE epoch=2 dst_cycle=28 event=POLICY_CONSUMPTION sequence=3 delivery_offset=3 clear=0 pending=0
TRACE epoch=2 dst_cycle=28 event=FAULT_EVAL_AVAILABLE sequence=4 delivery_offset=2
TRACE epoch=2 dst_cycle=29 event=INTERNAL_FIFO_PREFETCH sequence=8 source_accept_offset=5
TRACE epoch=2 dst_cycle=29 event=BRIDGE_DESTINATION_DELIVERY_STAGE2B_N0 sequence=7 prefetch_offset=1
TRACE epoch=2 dst_cycle=29 event=POLICY_CONSUMPTION sequence=4 delivery_offset=3 clear=0 pending=0
TRACE epoch=2 dst_cycle=29 event=FAULT_EVAL_AVAILABLE sequence=5 delivery_offset=2
TRACE epoch=2 dst_cycle=30 event=INTERNAL_FIFO_PREFETCH sequence=9 source_accept_offset=5
TRACE epoch=2 dst_cycle=30 event=BRIDGE_DESTINATION_DELIVERY_STAGE2B_N0 sequence=8 prefetch_offset=1
TRACE epoch=2 dst_cycle=30 event=POLICY_CONSUMPTION sequence=5 delivery_offset=3 clear=0 pending=0
TRACE epoch=2 dst_cycle=30 event=FAULT_EVAL_AVAILABLE sequence=6 delivery_offset=2
TRACE epoch=2 dst_cycle=31 event=INTERNAL_FIFO_PREFETCH sequence=10 source_accept_offset=5
TRACE epoch=2 dst_cycle=31 event=BRIDGE_DESTINATION_DELIVERY_STAGE2B_N0 sequence=9 prefetch_offset=1
TRACE epoch=2 dst_cycle=31 event=POLICY_CONSUMPTION sequence=6 delivery_offset=3 clear=0 pending=0
TRACE epoch=2 dst_cycle=31 event=FAULT_EVAL_AVAILABLE sequence=7 delivery_offset=2
TRACE epoch=2 dst_cycle=32 event=INTERNAL_FIFO_PREFETCH sequence=11 source_accept_offset=5
TRACE epoch=2 dst_cycle=32 event=BRIDGE_DESTINATION_DELIVERY_STAGE2B_N0 sequence=10 prefetch_offset=1
TRACE epoch=2 dst_cycle=32 event=POLICY_CONSUMPTION sequence=7 delivery_offset=3 clear=0 pending=0
TRACE epoch=2 dst_cycle=32 event=FAULT_EVAL_AVAILABLE sequence=8 delivery_offset=2
TRACE epoch=2 dst_cycle=33 event=BRIDGE_DESTINATION_DELIVERY_STAGE2B_N0 sequence=11 prefetch_offset=1
TRACE epoch=2 dst_cycle=33 event=POLICY_CONSUMPTION sequence=8 delivery_offset=3 clear=0 pending=0
TRACE epoch=2 dst_cycle=33 event=FAULT_EVAL_AVAILABLE sequence=9 delivery_offset=2
TRACE epoch=2 dst_cycle=34 event=POLICY_CONSUMPTION sequence=9 delivery_offset=3 clear=0 pending=0
TRACE epoch=2 dst_cycle=34 event=FAULT_EVAL_AVAILABLE sequence=10 delivery_offset=2
TRACE epoch=2 dst_cycle=35 event=POLICY_CONSUMPTION sequence=10 delivery_offset=3 clear=0 pending=0
TRACE epoch=2 dst_cycle=35 event=FAULT_EVAL_AVAILABLE sequence=11 delivery_offset=2
TRACE epoch=2 dst_cycle=36 event=POLICY_CONSUMPTION sequence=11 delivery_offset=3 clear=0 pending=0
BACK_TO_BACK_TRANSACTIONS=PASS
CONTINUOUS_TRAFFIC=PASS
PIPELINE_INITIATION_INTERVAL=1
TRACE epoch=3 dst_cycle=42 event=SOURCE_ACCEPT sequence=0
TRACE epoch=3 dst_cycle=43 event=SOURCE_ACCEPT sequence=1
TRACE epoch=3 dst_cycle=44 event=SOURCE_ACCEPT sequence=2
TRACE epoch=3 dst_cycle=51 event=INTERNAL_FIFO_PREFETCH sequence=0 source_accept_offset=9
TRACE epoch=3 dst_cycle=52 event=INTERNAL_FIFO_PREFETCH sequence=1 source_accept_offset=9
TRACE epoch=3 dst_cycle=52 event=BRIDGE_DESTINATION_DELIVERY_STAGE2B_N0 sequence=0 prefetch_offset=1
TRACE epoch=3 dst_cycle=53 event=INTERNAL_FIFO_PREFETCH sequence=2 source_accept_offset=9
TRACE epoch=3 dst_cycle=53 event=BRIDGE_DESTINATION_DELIVERY_STAGE2B_N0 sequence=1 prefetch_offset=1
TRACE epoch=3 dst_cycle=54 event=BRIDGE_DESTINATION_DELIVERY_STAGE2B_N0 sequence=2 prefetch_offset=1
TRACE epoch=3 dst_cycle=54 event=FAULT_EVAL_AVAILABLE sequence=0 delivery_offset=2
TRACE epoch=3 dst_cycle=55 event=POLICY_CONSUMPTION sequence=0 delivery_offset=3 clear=0 pending=0
TRACE epoch=3 dst_cycle=55 event=FAULT_EVAL_AVAILABLE sequence=1 delivery_offset=2
TRACE epoch=3 dst_cycle=56 event=POLICY_CONSUMPTION sequence=1 delivery_offset=3 clear=0 pending=0
TRACE epoch=3 dst_cycle=56 event=FAULT_EVAL_AVAILABLE sequence=2 delivery_offset=2
TRACE epoch=3 dst_cycle=57 event=POLICY_CONSUMPTION sequence=2 delivery_offset=3 clear=0 pending=0
DESTINATION_PAUSE_RESUME=PASS
TRACE epoch=4 dst_cycle=63 event=SOURCE_ACCEPT sequence=0
TRACE epoch=4 dst_cycle=64 event=SOURCE_ACCEPT sequence=1
TRACE epoch=4 dst_cycle=64 event=SOURCE_ACCEPT sequence=2
TRACE epoch=4 dst_cycle=65 event=SOURCE_ACCEPT sequence=3
TRACE epoch=4 dst_cycle=66 event=SOURCE_ACCEPT sequence=4
TRACE epoch=4 dst_cycle=67 event=SOURCE_ACCEPT sequence=5
TRACE epoch=4 dst_cycle=68 event=SOURCE_ACCEPT sequence=6
TRACE epoch=4 dst_cycle=68 event=SOURCE_ACCEPT sequence=7
TRACE epoch=4 dst_cycle=74 event=INTERNAL_FIFO_PREFETCH sequence=0 source_accept_offset=11
TRACE epoch=4 dst_cycle=75 event=INTERNAL_FIFO_PREFETCH sequence=1 source_accept_offset=11
TRACE epoch=4 dst_cycle=75 event=BRIDGE_DESTINATION_DELIVERY_STAGE2B_N0 sequence=0 prefetch_offset=1
TRACE epoch=4 dst_cycle=76 event=INTERNAL_FIFO_PREFETCH sequence=2 source_accept_offset=12
TRACE epoch=4 dst_cycle=76 event=BRIDGE_DESTINATION_DELIVERY_STAGE2B_N0 sequence=1 prefetch_offset=1
TRACE epoch=4 dst_cycle=76 event=SOURCE_ACCEPT sequence=8
TRACE epoch=4 dst_cycle=77 event=INTERNAL_FIFO_PREFETCH sequence=3 source_accept_offset=12
TRACE epoch=4 dst_cycle=77 event=BRIDGE_DESTINATION_DELIVERY_STAGE2B_N0 sequence=2 prefetch_offset=1
TRACE epoch=4 dst_cycle=77 event=FAULT_EVAL_AVAILABLE sequence=0 delivery_offset=2
TRACE epoch=4 dst_cycle=78 event=INTERNAL_FIFO_PREFETCH sequence=4 source_accept_offset=12
TRACE epoch=4 dst_cycle=78 event=BRIDGE_DESTINATION_DELIVERY_STAGE2B_N0 sequence=3 prefetch_offset=1
TRACE epoch=4 dst_cycle=78 event=POLICY_CONSUMPTION sequence=0 delivery_offset=3 clear=0 pending=0
TRACE epoch=4 dst_cycle=78 event=FAULT_EVAL_AVAILABLE sequence=1 delivery_offset=2
TRACE epoch=4 dst_cycle=79 event=INTERNAL_FIFO_PREFETCH sequence=5 source_accept_offset=12
TRACE epoch=4 dst_cycle=79 event=BRIDGE_DESTINATION_DELIVERY_STAGE2B_N0 sequence=4 prefetch_offset=1
TRACE epoch=4 dst_cycle=79 event=POLICY_CONSUMPTION sequence=1 delivery_offset=3 clear=0 pending=0
TRACE epoch=4 dst_cycle=79 event=FAULT_EVAL_AVAILABLE sequence=2 delivery_offset=2
TRACE epoch=4 dst_cycle=80 event=INTERNAL_FIFO_PREFETCH sequence=6 source_accept_offset=12
TRACE epoch=4 dst_cycle=80 event=BRIDGE_DESTINATION_DELIVERY_STAGE2B_N0 sequence=5 prefetch_offset=1
TRACE epoch=4 dst_cycle=80 event=POLICY_CONSUMPTION sequence=2 delivery_offset=3 clear=0 pending=0
TRACE epoch=4 dst_cycle=80 event=FAULT_EVAL_AVAILABLE sequence=3 delivery_offset=2
TRACE epoch=4 dst_cycle=81 event=INTERNAL_FIFO_PREFETCH sequence=7 source_accept_offset=13
TRACE epoch=4 dst_cycle=81 event=BRIDGE_DESTINATION_DELIVERY_STAGE2B_N0 sequence=6 prefetch_offset=1
TRACE epoch=4 dst_cycle=81 event=POLICY_CONSUMPTION sequence=3 delivery_offset=3 clear=0 pending=0
TRACE epoch=4 dst_cycle=81 event=FAULT_EVAL_AVAILABLE sequence=4 delivery_offset=2
TRACE epoch=4 dst_cycle=82 event=INTERNAL_FIFO_PREFETCH sequence=8 source_accept_offset=6
TRACE epoch=4 dst_cycle=82 event=BRIDGE_DESTINATION_DELIVERY_STAGE2B_N0 sequence=7 prefetch_offset=1
TRACE epoch=4 dst_cycle=82 event=POLICY_CONSUMPTION sequence=4 delivery_offset=3 clear=0 pending=0
TRACE epoch=4 dst_cycle=82 event=FAULT_EVAL_AVAILABLE sequence=5 delivery_offset=2
TRACE epoch=4 dst_cycle=83 event=BRIDGE_DESTINATION_DELIVERY_STAGE2B_N0 sequence=8 prefetch_offset=1
TRACE epoch=4 dst_cycle=83 event=POLICY_CONSUMPTION sequence=5 delivery_offset=3 clear=0 pending=0
TRACE epoch=4 dst_cycle=83 event=FAULT_EVAL_AVAILABLE sequence=6 delivery_offset=2
TRACE epoch=4 dst_cycle=84 event=POLICY_CONSUMPTION sequence=6 delivery_offset=3 clear=0 pending=0
TRACE epoch=4 dst_cycle=84 event=FAULT_EVAL_AVAILABLE sequence=7 delivery_offset=2
TRACE epoch=4 dst_cycle=85 event=POLICY_CONSUMPTION sequence=7 delivery_offset=3 clear=0 pending=0
TRACE epoch=4 dst_cycle=85 event=FAULT_EVAL_AVAILABLE sequence=8 delivery_offset=2
TRACE epoch=4 dst_cycle=86 event=POLICY_CONSUMPTION sequence=8 delivery_offset=3 clear=0 pending=0
FIFO_FULL_TO_RESUME=PASS
TRACE epoch=5 dst_cycle=92 event=SOURCE_ACCEPT sequence=65534
TRACE epoch=5 dst_cycle=93 event=SOURCE_ACCEPT sequence=65535
TRACE epoch=5 dst_cycle=94 event=SOURCE_ACCEPT sequence=0
TRACE epoch=5 dst_cycle=95 event=INTERNAL_FIFO_PREFETCH sequence=65534 source_accept_offset=3
TRACE epoch=5 dst_cycle=96 event=INTERNAL_FIFO_PREFETCH sequence=65535 source_accept_offset=3
TRACE epoch=5 dst_cycle=96 event=BRIDGE_DESTINATION_DELIVERY_STAGE2B_N0 sequence=65534 prefetch_offset=1
TRACE epoch=5 dst_cycle=97 event=INTERNAL_FIFO_PREFETCH sequence=0 source_accept_offset=3
TRACE epoch=5 dst_cycle=97 event=BRIDGE_DESTINATION_DELIVERY_STAGE2B_N0 sequence=65535 prefetch_offset=1
TRACE epoch=5 dst_cycle=98 event=BRIDGE_DESTINATION_DELIVERY_STAGE2B_N0 sequence=0 prefetch_offset=1
TRACE epoch=5 dst_cycle=98 event=FAULT_EVAL_AVAILABLE sequence=65534 delivery_offset=2
TRACE epoch=5 dst_cycle=99 event=POLICY_CONSUMPTION sequence=65534 delivery_offset=3 clear=0 pending=0
TRACE epoch=5 dst_cycle=99 event=FAULT_EVAL_AVAILABLE sequence=65535 delivery_offset=2
TRACE epoch=5 dst_cycle=100 event=POLICY_CONSUMPTION sequence=65535 delivery_offset=3 clear=0 pending=0
TRACE epoch=5 dst_cycle=100 event=FAULT_EVAL_AVAILABLE sequence=0 delivery_offset=2
TRACE epoch=5 dst_cycle=101 event=POLICY_CONSUMPTION sequence=0 delivery_offset=3 clear=0 pending=0
SEQUENCE_WRAP=PASS_FFFE_FFFF_0000
TRACE epoch=6 dst_cycle=106 event=SOURCE_ACCEPT sequence=0
TRACE epoch=6 dst_cycle=109 event=INTERNAL_FIFO_PREFETCH sequence=0 source_accept_offset=3
TRACE epoch=7 dst_cycle=116 event=SOURCE_ACCEPT sequence=0
TRACE epoch=7 dst_cycle=119 event=INTERNAL_FIFO_PREFETCH sequence=0 source_accept_offset=3
TRACE epoch=7 dst_cycle=120 event=BRIDGE_DESTINATION_DELIVERY_STAGE2B_N0 sequence=0 prefetch_offset=1
TRACE epoch=7 dst_cycle=122 event=FAULT_EVAL_AVAILABLE sequence=0 delivery_offset=2
TRACE epoch=7 dst_cycle=123 event=POLICY_CONSUMPTION sequence=0 delivery_offset=3 clear=0 pending=0
NO_GHOST_DESTINATION_DELIVERY_AFTER_RESET=PASS
NO_STALE_PREFETCH_REPLAY_AFTER_RESET=PASS
FIRST_POST_RESET_TRANSACTION_EXACTLY_ONCE=PASS
TRACE epoch=8 dst_cycle=130 event=SOURCE_ACCEPT sequence=0
TRACE epoch=8 dst_cycle=133 event=INTERNAL_FIFO_PREFETCH sequence=0 source_accept_offset=3
TRACE epoch=8 dst_cycle=134 event=BRIDGE_DESTINATION_DELIVERY_STAGE2B_N0 sequence=0 prefetch_offset=1
TRACE epoch=8 dst_cycle=136 event=FAULT_EVAL_AVAILABLE sequence=0 delivery_offset=2
TRACE epoch=8 dst_cycle=137 event=POLICY_CONSUMPTION sequence=0 delivery_offset=3 clear=0 pending=0
TRACE epoch=8 dst_cycle=137 event=SOURCE_ACCEPT sequence=1
TRACE epoch=8 dst_cycle=140 event=INTERNAL_FIFO_PREFETCH sequence=1 source_accept_offset=3
TRACE epoch=8 dst_cycle=141 event=BRIDGE_DESTINATION_DELIVERY_STAGE2B_N0 sequence=1 prefetch_offset=1
TRACE epoch=8 dst_cycle=143 event=FAULT_EVAL_AVAILABLE sequence=1 delivery_offset=2
TRACE epoch=8 dst_cycle=144 event=POLICY_CONSUMPTION sequence=1 delivery_offset=3 clear=0 pending=0
TRACE epoch=8 dst_cycle=144 event=SOURCE_ACCEPT sequence=2
TRACE epoch=8 dst_cycle=147 event=INTERNAL_FIFO_PREFETCH sequence=2 source_accept_offset=3
TRACE epoch=8 dst_cycle=148 event=BRIDGE_DESTINATION_DELIVERY_STAGE2B_N0 sequence=2 prefetch_offset=1
TRACE epoch=8 dst_cycle=150 event=FAULT_EVAL_AVAILABLE sequence=2 delivery_offset=2
TRACE epoch=8 dst_cycle=151 event=POLICY_CONSUMPTION sequence=2 delivery_offset=3 clear=0 pending=1
PREFETCH_BEFORE_CLEAR_DELIVERY_SAME_CLEAR_EDGE=PASS
DELIVERY_SAME_CLEAR_EDGE=PASS
TRACE epoch=9 dst_cycle=156 event=SOURCE_ACCEPT sequence=0
TRACE epoch=9 dst_cycle=159 event=INTERNAL_FIFO_PREFETCH sequence=0 source_accept_offset=3
TRACE epoch=9 dst_cycle=160 event=BRIDGE_DESTINATION_DELIVERY_STAGE2B_N0 sequence=0 prefetch_offset=1
TRACE epoch=9 dst_cycle=162 event=FAULT_EVAL_AVAILABLE sequence=0 delivery_offset=2
TRACE epoch=9 dst_cycle=163 event=POLICY_CONSUMPTION sequence=0 delivery_offset=3 clear=0 pending=0
TRACE epoch=9 dst_cycle=164 event=SOURCE_ACCEPT sequence=1
TRACE epoch=9 dst_cycle=167 event=INTERNAL_FIFO_PREFETCH sequence=1 source_accept_offset=3
TRACE epoch=9 dst_cycle=168 event=BRIDGE_DESTINATION_DELIVERY_STAGE2B_N0 sequence=1 prefetch_offset=1
TRACE epoch=9 dst_cycle=170 event=FAULT_EVAL_AVAILABLE sequence=1 delivery_offset=2
TRACE epoch=9 dst_cycle=171 event=POLICY_CONSUMPTION sequence=1 delivery_offset=3 clear=0 pending=0
TRACE epoch=9 dst_cycle=172 event=SOURCE_ACCEPT sequence=2
TRACE epoch=9 dst_cycle=175 event=INTERNAL_FIFO_PREFETCH sequence=2 source_accept_offset=3
TRACE epoch=9 dst_cycle=176 event=BRIDGE_DESTINATION_DELIVERY_STAGE2B_N0 sequence=2 prefetch_offset=1
TRACE epoch=9 dst_cycle=178 event=FAULT_EVAL_AVAILABLE sequence=2 delivery_offset=2
TRACE epoch=9 dst_cycle=179 event=POLICY_CONSUMPTION sequence=2 delivery_offset=3 clear=0 pending=1
PREFETCH_BEFORE_CLEAR_DELIVERY_AFTER_CLEAR=PASS
TRACE epoch=10 dst_cycle=184 event=SOURCE_ACCEPT sequence=0
TRACE epoch=10 dst_cycle=187 event=INTERNAL_FIFO_PREFETCH sequence=0 source_accept_offset=3
TRACE epoch=10 dst_cycle=188 event=BRIDGE_DESTINATION_DELIVERY_STAGE2B_N0 sequence=0 prefetch_offset=1
TRACE epoch=10 dst_cycle=190 event=FAULT_EVAL_AVAILABLE sequence=0 delivery_offset=2
TRACE epoch=10 dst_cycle=191 event=POLICY_CONSUMPTION sequence=0 delivery_offset=3 clear=0 pending=0
TRACE epoch=10 dst_cycle=192 event=SOURCE_ACCEPT sequence=1
TRACE epoch=10 dst_cycle=195 event=INTERNAL_FIFO_PREFETCH sequence=1 source_accept_offset=3
TRACE epoch=10 dst_cycle=196 event=BRIDGE_DESTINATION_DELIVERY_STAGE2B_N0 sequence=1 prefetch_offset=1
TRACE epoch=10 dst_cycle=198 event=FAULT_EVAL_AVAILABLE sequence=1 delivery_offset=2
TRACE epoch=10 dst_cycle=199 event=POLICY_CONSUMPTION sequence=1 delivery_offset=3 clear=0 pending=0
TRACE epoch=10 dst_cycle=200 event=SOURCE_ACCEPT sequence=2
TRACE epoch=10 dst_cycle=203 event=INTERNAL_FIFO_PREFETCH sequence=2 source_accept_offset=3
TRACE epoch=10 dst_cycle=204 event=BRIDGE_DESTINATION_DELIVERY_STAGE2B_N0 sequence=2 prefetch_offset=1
TRACE epoch=10 dst_cycle=206 event=FAULT_EVAL_AVAILABLE sequence=2 delivery_offset=2
TRACE epoch=10 dst_cycle=207 event=POLICY_CONSUMPTION sequence=2 delivery_offset=3 clear=0 pending=1
DELIVERY_BEFORE_CLEAR=PASS
EVALUATION_RETIREMENT_STRICTLY_AFTER_CLEAR=PASS
TRACE epoch=11 dst_cycle=212 event=SOURCE_ACCEPT sequence=0
TRACE epoch=11 dst_cycle=215 event=INTERNAL_FIFO_PREFETCH sequence=0 source_accept_offset=3
TRACE epoch=11 dst_cycle=216 event=BRIDGE_DESTINATION_DELIVERY_STAGE2B_N0 sequence=0 prefetch_offset=1
TRACE epoch=11 dst_cycle=218 event=FAULT_EVAL_AVAILABLE sequence=0 delivery_offset=2
TRACE epoch=11 dst_cycle=219 event=POLICY_CONSUMPTION sequence=0 delivery_offset=3 clear=0 pending=0
TRACE epoch=11 dst_cycle=220 event=SOURCE_ACCEPT sequence=1
TRACE epoch=11 dst_cycle=223 event=INTERNAL_FIFO_PREFETCH sequence=1 source_accept_offset=3
TRACE epoch=11 dst_cycle=224 event=BRIDGE_DESTINATION_DELIVERY_STAGE2B_N0 sequence=1 prefetch_offset=1
TRACE epoch=11 dst_cycle=226 event=FAULT_EVAL_AVAILABLE sequence=1 delivery_offset=2
TRACE epoch=11 dst_cycle=227 event=POLICY_CONSUMPTION sequence=1 delivery_offset=3 clear=0 pending=0
TRACE epoch=11 dst_cycle=228 event=SOURCE_ACCEPT sequence=2
TRACE epoch=11 dst_cycle=231 event=INTERNAL_FIFO_PREFETCH sequence=2 source_accept_offset=3
TRACE epoch=11 dst_cycle=232 event=BRIDGE_DESTINATION_DELIVERY_STAGE2B_N0 sequence=2 prefetch_offset=1
TRACE epoch=11 dst_cycle=234 event=FAULT_EVAL_AVAILABLE sequence=2 delivery_offset=2
TRACE epoch=11 dst_cycle=235 event=POLICY_CONSUMPTION sequence=2 delivery_offset=3 clear=1 pending=0
TRACE epoch=11 dst_cycle=236 event=SOURCE_ACCEPT sequence=3
TRACE epoch=11 dst_cycle=239 event=INTERNAL_FIFO_PREFETCH sequence=3 source_accept_offset=3
TRACE epoch=11 dst_cycle=240 event=BRIDGE_DESTINATION_DELIVERY_STAGE2B_N0 sequence=3 prefetch_offset=1
TRACE epoch=11 dst_cycle=242 event=FAULT_EVAL_AVAILABLE sequence=3 delivery_offset=2
TRACE epoch=11 dst_cycle=243 event=POLICY_CONSUMPTION sequence=3 delivery_offset=3 clear=0 pending=1
EVALUATION_RETIREMENT_SAME_CLEAR_EDGE=PASS
PRE_REQUEST_RETIREMENT_RESOLVES_CLEAR=NO
CLEAR_FENCE_ORDER=EVALUATION_RETIREMENT
INTERNAL_FIFO_PREFETCH_EVENT=IMPLEMENTATION_DETAIL_NOT_POLICY_AUTHORITY
ATOMIC_RAW_CDC_DESTINATION_DELIVERY_EVENT=DST_SAMPLE_VALID_ACCEPTED_EDGE
STAGE2B_N0=ATOMIC_RAW_CDC_DESTINATION_DELIVERY_EVENT
STAGE2G_SAMPLE_EVENT_AUTHORITY=ATOMIC_RAW_CDC_DESTINATION_DELIVERY_EVENT
STAGE2G_DELIVERY_TO_POLICY_LATENCY_ACLK=3
CDC_EVENT_AUTHORITY_CHARACTERIZATION=PASS
SOURCE_ACCEPT_TOTAL=43
INTERNAL_PREFETCH_TOTAL=43
DESTINATION_DELIVERY_TOTAL=42
FAULT_EVAL_AVAILABLE_TOTAL=42
POLICY_CONSUMPTION_TOTAL=42
$finish called at time : 2426 ns : File "<EXTERNAL_SOURCE>/tb/stage2i/tb_stage2i_b_cdc_event_authority.sv" Line 643
exit 0
INFO: [Common 17-206] Exiting xsim at Thu Sep 10 10:46:51 2026...
