
****** xsim v2024.1 (64-bit)
  **** SW Build 5076996 on Wed May 22 18:37:14 MDT 2024
  **** IP Build 5075265 on Wed May 22 21:45:21 MDT 2024
  **** SharedData Build 5076995 on Wed May 22 18:29:18 MDT 2024
  **** Start of session at: Wed Sep  9 17:01:18 2026
    ** Copyright 1986-2022 Xilinx, Inc. All Rights Reserved.
    ** Copyright 2022-2024 Advanced Micro Devices, Inc. All Rights Reserved.

source xsim.dir/generated_profile_snapshot/xsim_script.tcl
# xsim {generated_profile_snapshot} -autoloadwcfg -runall -onfinish quit -onerror quit
Time resolution is 1 ps
run -all
GENERATED PROFILE VECTOR FAIL cycle=6 label=channel_1
GENERATED PROFILE VECTOR FAIL cycle=6 label=channel_2
GENERATED PROFILE VECTOR FAIL cycle=7 label=channel_1
GENERATED PROFILE VECTOR FAIL cycle=7 label=channel_2
GENERATED PROFILE VECTOR FAIL cycle=8 label=channel_1
GENERATED PROFILE VECTOR FAIL cycle=8 label=channel_2
GENERATED PROFILE VECTOR FAIL cycle=9 label=channel_1
GENERATED PROFILE VECTOR FAIL cycle=9 label=channel_2
GENERATED PROFILE VECTOR FAIL cycle=13 label=channel_2
GENERATED PROFILE VECTOR FAIL cycle=16 label=channel_2
GENERATED PROFILE VECTOR FAIL cycle=19 label=channel_2
GENERATED PROFILE VECTOR FAIL cycle=20 label=channel_1
GENERATED PROFILE VECTOR FAIL cycle=20 label=channel_2
GENERATED PROFILE VECTOR FAIL cycle=21 label=channel_1
GENERATED PROFILE VECTOR FAIL cycle=21 label=channel_2
GENERATED PROFILE VECTOR FAIL cycle=22 label=channel_1
GENERATED PROFILE VECTOR FAIL cycle=22 label=channel_2
GENERATED PROFILE VECTOR FAIL cycle=23 label=channel_1
GENERATED PROFILE VECTOR FAIL cycle=23 label=channel_2
GENERATED PROFILE VECTOR FAIL cycle=24 label=channel_1
GENERATED PROFILE VECTOR FAIL cycle=24 label=channel_2
GENERATED PROFILE VECTOR FAIL cycle=28 label=channel_2
GENERATED PROFILE VECTOR FAIL cycle=29 label=channel_2
GENERATED PROFILE VECTOR FAIL cycle=30 label=channel_2
GENERATED PROFILE VECTOR FAIL cycle=31 label=channel_2
GENERATED PROFILE VECTOR FAIL cycle=35 label=channel_1
GENERATED PROFILE VECTOR FAIL cycle=35 label=channel_2
GENERATED PROFILE VECTOR FAIL cycle=36 label=channel_1
GENERATED PROFILE VECTOR FAIL cycle=37 label=channel_2
GENERATED PROFILE VECTOR FAIL cycle=38 label=channel_2
GENERATED PROFILE VECTOR FAIL cycle=39 label=channel_2
GENERATED PROFILE VECTOR FAIL cycle=40 label=channel_1
GENERATED PROFILE VECTOR FAIL cycle=40 label=channel_2
GENERATED PROFILE VECTOR FAIL cycle=41 label=channel_2
GENERATED PROFILE VECTOR FAIL cycle=42 label=channel_2
GENERATED PROFILE VECTOR FAIL cycle=43 label=channel_1
GENERATED PROFILE VECTOR FAIL cycle=44 label=channel_1
GENERATED PROFILE VECTOR FAIL cycle=45 label=channel_1
GENERATED PROFILE VECTOR FAIL cycle=45 label=channel_2
GENERATED PROFILE VECTOR FAIL cycle=46 label=channel_1
GENERATED PROFILE VECTOR FAIL cycle=48 label=channel_1
GENERATED PROFILE VECTOR FAIL cycle=48 label=channel_2
GENERATED PROFILE VECTOR FAIL cycle=49 label=channel_2
GENERATED PROFILE VECTOR FAIL cycle=52 label=channel_1
GENERATED PROFILE VECTOR FAIL cycle=52 label=channel_2
GENERATED PROFILE VECTOR FAIL cycle=53 label=channel_1
GENERATED PROFILE VECTOR FAIL cycle=53 label=channel_2
GENERATED PROFILE VECTOR FAIL cycle=57 label=channel_1
GENERATED PROFILE VECTOR FAIL cycle=58 label=channel_1
GENERATED PROFILE VECTOR FAIL cycle=59 label=channel_1
GENERATED PROFILE VECTOR FAIL cycle=59 label=channel_2
GENERATED PROFILE VECTOR FAIL cycle=60 label=channel_1
GENERATED PROFILE VECTOR FAIL cycle=60 label=channel_2
GENERATED PROFILE VECTOR FAIL cycle=61 label=channel_1
GENERATED PROFILE VECTOR FAIL cycle=61 label=channel_2
GENERATED PROFILE VECTOR FAIL cycle=62 label=channel_2
GENERATED PROFILE VECTOR FAIL cycle=63 label=channel_2
GENERATED PROFILE VECTOR FAIL cycle=64 label=channel_1
GENERATED PROFILE VECTOR FAIL cycle=64 label=channel_2
GENERATED PROFILE VECTOR FAIL cycle=67 label=channel_1
GENERATED PROFILE VECTOR FAIL cycle=68 label=channel_1
GENERATED PROFILE VECTOR FAIL cycle=69 label=channel_2
GENERATED PROFILE VECTOR FAIL cycle=70 label=channel_2
GENERATED PROFILE VECTOR FAIL cycle=71 label=channel_2
GENERATED PROFILE VECTOR FAIL cycle=72 label=channel_1
GENERATED PROFILE VECTOR FAIL cycle=72 label=channel_2
GENERATED PROFILE VECTOR FAIL cycle=75 label=channel_1
GENERATED PROFILE VECTOR FAIL cycle=75 label=channel_2
GENERATED PROFILE VECTOR FAIL cycle=76 label=channel_1
GENERATED PROFILE VECTOR FAIL cycle=76 label=channel_2
GENERATED PROFILE VECTOR FAIL cycle=77 label=channel_1
GENERATED PROFILE VECTOR FAIL cycle=77 label=channel_2
GENERATED PROFILE VECTOR FAIL cycle=78 label=channel_1
GENERATED PROFILE VECTOR FAIL cycle=79 label=channel_1
GENERATED PROFILE VECTOR FAIL cycle=79 label=channel_2
GENERATED PROFILE VECTOR FAIL cycle=80 label=channel_2
GENERATED PROFILE VECTOR FAIL cycle=81 label=channel_2
GENERATED PROFILE VECTOR FAIL cycle=82 label=channel_2
GENERATED PROFILE VECTOR FAIL cycle=83 label=channel_1
GENERATED PROFILE VECTOR FAIL cycle=85 label=channel_1
GENERATED PROFILE VECTOR FAIL cycle=85 label=channel_2
GENERATED PROFILE VECTOR FAIL cycle=86 label=channel_1
GENERATED PROFILE VECTOR FAIL cycle=86 label=channel_2
GENERATED PROFILE VECTOR FAIL cycle=87 label=channel_1
GENERATED PROFILE VECTOR FAIL cycle=88 label=channel_1
GENERATED PROFILE VECTOR FAIL cycle=89 label=channel_1
GENERATED PROFILE VECTOR FAIL cycle=91 label=channel_1
GENERATED PROFILE VECTOR FAIL cycle=91 label=channel_2
GENERATED PROFILE VECTOR FAIL cycle=92 label=channel_1
GENERATED PROFILE VECTOR FAIL cycle=95 label=channel_1
GENERATED PROFILE VECTOR FAIL cycle=95 label=channel_2
GENERATED PROFILE VECTOR FAIL cycle=96 label=channel_1
GENERATED PROFILE VECTOR FAIL cycle=96 label=channel_2
GENERATED PROFILE VECTOR FAIL cycle=97 label=channel_2
GENERATED PROFILE VECTOR FAIL cycle=98 label=channel_2
Fatal: generated profile vector failures=95
Time: 996 ns  Iteration: 0  Process: /tb_stage2f_generated_profile_vectors/Initial70_2  Scope: tb_stage2f_generated_profile_vectors  File: <EXTERNAL_SOURCE>/tb/stage2f/tb_stage2f_generated_profile_vectors.sv Line: 121
$finish called at time : 996 ns
exit 0
INFO: [Common 17-206] Exiting xsim at Wed Sep  9 17:01:20 2026...
