STAGE2F_ADC_CONTRACT_AUDIT=PASS
AUDIT_BASE_COMMIT=301bb72cafa3957392e9a64a5e6b2e97c4466886
FROZEN_GAP=ADC_ENCODING_AND_PHYSICAL_SCALING
DIGITAL_FOUNDATION_CLOSES_FROZEN_GAP=NO
STAGE2_DIGITAL_FOUNDATION_REQUIRES_PRODUCTION_ADC_SELECTION=NO
STAGE2_DIGITAL_FOUNDATION_CAN_FREEZE_WITH_UNCONFIGURED_PRODUCTION_PROFILE=YES
STAGE2_VALIDATION_PROFILES_MAY_SELECT_EXPLICIT_ENCODINGS=YES
STAGE2_VALIDATION_PROFILE_IS_PRODUCTION_SELECTION=NO
PRODUCTION_SOURCE_SELECTION_OWNER=STAGE3
PRODUCTION_NORMALIZED_TELEMETRY_WHILE_UNCONFIGURED=UNAVAILABLE
CONFIGURED_PROFILE_RESERVED_IDENTITY_REJECTION=PASS
VALID_CONFIGURED_SIMULATION_PROFILE=PASS
PHYSICAL_SCALING_STATUS=BLOCKED_EXTERNAL_HARDWARE_FACTS
STAGE2G_SAMPLE_EVENT_AUTHORITY=ATOMIC_RAW_CDC_DESTINATION_DELIVERY_EVENT
STAGE2G_FAULT_INPUT_AUTHORITY=RAW_PROTECTION_EVALUATION
NORMALIZED_TELEMETRY_GATES_FAULT_POLICY=NO
PIPELINE_LATENCY=IMPLEMENTATION_DERIVED_FIXED_CONSTANT
PIPELINE_INITIATION_INTERVAL=1
CALIBRATION_ARITHMETIC=DEFERRED
GENERIC_RATIONAL_DIVIDER=NO
CURRENT_PRODUCTION_NORMALIZED_TELEMETRY=UNAVAILABLE_UNCONFIGURED
REFERENCE_ANALOG_PROFILE_STATUS=REFERENCE_ONLY_NON_AUTHORITATIVE
REFERENCE_BIDIRECTIONAL_NEGATIVE_OVERCURRENT_SUPPORTED_BY_CURRENT_RAW_PATH=NO
REFERENCE_PROFILE_IS_END_TO_END_PROTECTION_COMPATIBLE=NO
REFERENCE_PROFILE_REQUIRES_FUTURE_PROTECTION_DOMAIN_DECISION=YES
ADI_REFERENCE_PIN_CLASSIFICATION=PASS
PUBLIC_REFERENCE_PROJECT_COMPARISON=PASS
PHYSICAL_ACCURACY_CLAIM=NOT_MADE
BOARD_CALIBRATION_CLAIM=NOT_MADE
STAGE2F_IMPLEMENTATION_STARTED=NO
STAGE2F_CONTRACT_GAP_CLOSED=NO
REMAINING_CONTRACT_GAPS=2
STAGE2_COMPLETE=NO
