Vivado Simulator v2024.1
Copyright 1986-2022 Xilinx, Inc. All Rights Reserved.
Copyright 2022-2024 Advanced Micro Devices, Inc. All Rights Reserved.
Running: <EXTERNAL_PATH> work.tb_stage2e_aggregate_saturation_equivalence -s stage2e_aggregate_saturation_equivalence_snapshot --timescale 1ns/1ps --log <EXTERNAL_BUILD>\digital\xsim\stage2e_aggregate_saturation_equivalence\xelab.log 
Multi-threading is on. Using 30 slave threads.
Starting static elaboration
Pass Through NonSizing Optimizer
Completed static elaboration
Starting simulation data flow analysis
WARNING: [XSIM 43-4328] File: <EXTERNAL_SOURCE>/tb/stage2e/tb_stage2e_aggregate_saturation_equivalence.sv Line: 97 : Sensitivity on input argument "protocol_value" of task "apply_forced_input" may never get triggered.
WARNING: [XSIM 43-4328] File: <EXTERNAL_SOURCE>/tb/stage2e/tb_stage2e_aggregate_saturation_equivalence.sv Line: 98 : Sensitivity on input argument "overflow_value" of task "apply_forced_input" may never get triggered.
WARNING: [XSIM 43-4328] File: <EXTERNAL_SOURCE>/tb/stage2e/tb_stage2e_aggregate_saturation_equivalence.sv Line: 99 : Sensitivity on input argument "saturation_value" of task "apply_forced_input" may never get triggered.
WARNING: [XSIM 43-4328] File: <EXTERNAL_SOURCE>/tb/stage2e/tb_stage2e_aggregate_saturation_equivalence.sv Line: 100 : Sensitivity on input argument "protocol_value" of task "apply_forced_input" may never get triggered.
WARNING: [XSIM 43-4328] File: <EXTERNAL_SOURCE>/tb/stage2e/tb_stage2e_aggregate_saturation_equivalence.sv Line: 101 : Sensitivity on input argument "overflow_value" of task "apply_forced_input" may never get triggered.
WARNING: [XSIM 43-4328] File: <EXTERNAL_SOURCE>/tb/stage2e/tb_stage2e_aggregate_saturation_equivalence.sv Line: 102 : Sensitivity on input argument "saturation_value" of task "apply_forced_input" may never get triggered.
WARNING: [XSIM 43-4328] File: <EXTERNAL_SOURCE>/tb/stage2e/tb_stage2e_aggregate_saturation_equivalence.sv Line: 103 : Sensitivity on input argument "local_error_value" of task "apply_forced_input" may never get triggered.
WARNING: [XSIM 43-4328] File: <EXTERNAL_SOURCE>/tb/stage2e/tb_stage2e_aggregate_saturation_equivalence.sv Line: 105 : Sensitivity on input argument "local_saturation_value" of task "apply_forced_input" may never get triggered.
WARNING: [XSIM 43-4328] File: <EXTERNAL_SOURCE>/tb/stage2e/tb_stage2e_aggregate_saturation_equivalence.sv Line: 117 : Sensitivity on input argument "protocol_value" of task "apply_forced_pending_increment" may never get triggered.
WARNING: [XSIM 43-4328] File: <EXTERNAL_SOURCE>/tb/stage2e/tb_stage2e_aggregate_saturation_equivalence.sv Line: 118 : Sensitivity on input argument "overflow_value" of task "apply_forced_pending_increment" may never get triggered.
WARNING: [XSIM 43-4328] File: <EXTERNAL_SOURCE>/tb/stage2e/tb_stage2e_aggregate_saturation_equivalence.sv Line: 119 : Sensitivity on input argument "saturation_value" of task "apply_forced_pending_increment" may never get triggered.
WARNING: [XSIM 43-4328] File: <EXTERNAL_SOURCE>/tb/stage2e/tb_stage2e_aggregate_saturation_equivalence.sv Line: 120 : Sensitivity on input argument "local_error_value" of task "apply_forced_pending_increment" may never get triggered.
WARNING: [XSIM 43-4328] File: <EXTERNAL_SOURCE>/tb/stage2e/tb_stage2e_aggregate_saturation_equivalence.sv Line: 122 : Sensitivity on input argument "local_saturation_value" of task "apply_forced_pending_increment" may never get triggered.
WARNING: [XSIM 43-4328] File: <EXTERNAL_SOURCE>/tb/stage2e/tb_stage2e_aggregate_saturation_equivalence.sv Line: 153 : Sensitivity on input argument "increment_value" of task "apply_forced_registered_increment" may never get triggered.
Completed simulation data flow analysis
Time Resolution for simulation is 1ps
Compiling module work.stage2e_transaction_sequence_cla...
Compiling module work.destination_sequence_integrity_t...
Compiling module work.transaction_destination_observer...
Compiling module work.tb_stage2e_aggregate_saturation_...
Built simulation snapshot stage2e_aggregate_saturation_equivalence_snapshot
