VCD info: dumpfile stage2d_async_adc_atomic_cdc.vcd opened for output.
SC01=PASS
SC02=PASS
SC03=PASS
SC04=PASS
SC05=PASS
SC06=PASS
SC07=PASS
SC08=PASS
SC09=PASS
SC10=PASS
SC11=PASS
SC12=PASS
SC13=PASS
SC14=PASS
SC15=PASS
SC16=PASS
SC17=PASS
SC18=PASS
SC19=PASS
SC20=PASS
SC21=PASS
SC22=PASS
SC23=PASS
SC24=PASS
SC25=PASS
SC26=PASS
SC27=PASS
SC28=PASS
SC29=PASS
SC30=PASS
STAGE2D_POSITIVE_SCENARIOS=PASS_30_OF_30
RANDOM_STRESS_TRANSACTIONS=1247
SCOREBOARD_ACCEPTED=2141
SCOREBOARD_DELIVERED=2104
SCOREBOARD_RESET_DISCARDED=37
SCOREBOARD_PENDING=0
CDC_LATENCY_MIN_DST_CYCLES=4
CDC_LATENCY_MAX_DST_CYCLES=4
CDC_LATENCY_MIN_NS=50
CDC_LATENCY_MAX_NS=64
STAGE2B_DESTINATION_LATENCY_CYCLES=3
ALL TESTS PASSED: tb_stage2d_async_adc_atomic_cdc
<EXTERNAL_SOURCE>\tb\stage2d\tb_stage2d_async_adc_atomic_cdc.sv:788: $finish called at 46320000 (1ps)
