
****** xsim v2024.1 (64-bit)
  **** SW Build 5076996 on Wed May 22 18:37:14 MDT 2024
  **** IP Build 5075265 on Wed May 22 21:45:21 MDT 2024
  **** SharedData Build 5076995 on Wed May 22 18:29:18 MDT 2024
  **** Start of session at: Wed Sep  9 04:02:19 2026
    ** Copyright 1986-2022 Xilinx, Inc. All Rights Reserved.
    ** Copyright 2022-2024 Advanced Micro Devices, Inc. All Rights Reserved.

source xsim.dir/mutation_snapshot/xsim_script.tcl
# xsim {mutation_snapshot} -autoloadwcfg -runall -onfinish quit -onerror quit
Time resolution is 1 ps
run -all
FAIL cycle=86 first_bitmap_immutable actual=00000000 expected=00000001
FAIL cycle=86 first_code_immutable actual=00000000 expected=00000001
FAIL cycle=86 seen_bitmap_or actual=00000000 expected=0000003f
FAIL cycle=86 live_bitmap_latest actual=00000000 expected=0000003f
FAIL cycle=94 clear_no_sample_pending actual=0 expected=1
FAIL cycle=94 clear_no_sample_latched actual=00000000 expected=00000001
FAIL cycle=94 clear_no_sample_safe actual=0 expected=1
FAIL cycle=103 clear_nonclean_stays_latched actual=00000002 expected=00000001
FAIL cycle=108 clear_healthy_reset_wait actual=00000000 expected=00000002
FAIL cycle=108 clear_healthy_safe actual=0 expected=1
FAIL cycle=108 clear_sequence actual=00000000 expected=00000202
FAIL cycle=120 same_edge_request_pending actual=0 expected=1
FAIL cycle=121 same_edge_clear_did_not_resolve_later
FAIL cycle=121 same_edge_resolution_sequence actual=00000000 expected=00000401
FAIL cycle=121 same_edge_clear_reset_wait actual=00000001 expected=00000002
FAIL cycle=123 continuous_stream_later_healthy_arms actual=00000001 expected=00000000
STAGE2G_POLICY_MATRIX=FAIL_16
STAGE2G_POLICY_MATRIX=PASS
BITMAP_COMBINATIONS=PASS_64_OF_64
PRIORITY_CODE_MATRIX=PASS_64_OF_64
II1_ALIGNMENT=PASS
CLEAR_FENCE_MATRIX=PASS
RESET_PIPELINE_FLUSH_MATRIX=PASS
$finish called at time : 1771 ns : File "<EXTERNAL_SOURCE>/tb/stage2g/tb_stage2g_policy_matrix.sv" Line 497
exit 0
INFO: [Common 17-206] Exiting xsim at Wed Sep  9 04:02:21 2026...
