
****** xsim v2024.1 (64-bit)
  **** SW Build 5076996 on Wed May 22 18:37:14 MDT 2024
  **** IP Build 5075265 on Wed May 22 21:45:21 MDT 2024
  **** SharedData Build 5076995 on Wed May 22 18:29:18 MDT 2024
  **** Start of session at: Wed Sep  9 16:52:26 2026
    ** Copyright 1986-2022 Xilinx, Inc. All Rights Reserved.
    ** Copyright 2022-2024 Advanced Micro Devices, Inc. All Rights Reserved.

source xsim.dir/mutation_snapshot/xsim_script.tcl
# xsim {mutation_snapshot} -autoloadwcfg -runall -onfinish quit -onerror quit
Time resolution is 1 ps
run -all
STAGE2G_PRODUCTION_PATH=PASS
PRODUCTION_W1P_CLEAR=PASS
FIFO_CARRIED_SOURCE_INTEGRITY=PASS
SAFE_OUTPUT_PRODUCTION=PASS
PRODUCTION_SAFE_HOLD=PASS
PRODUCTION_SAFE_RELEASE_AFTER_LATER_HEALTHY=PASS
STATUS_FAULT_LATCHED_DURING_POST_CLEAR_RESET_WAIT=1
FAULT_CODE_DURING_POST_CLEAR_RESET_WAIT=RETAIN_PRIOR_FIRST_CAUSE
LATER_HEALTHY_CLEARS_COMPATIBILITY_STATUS=PASS
POST_CLEAR_FAULT_REPLACES_WITH_NEW_FIRST_CAUSE=PASS
RESET_CLEARS_COMPATIBILITY_STATUS=PASS
ABI_1_1_READINESS_MATRIX=PASS
ABI_1_1_BITMAP_MATRIX=PASS
ABI_1_1_POLICY_IDENTITY_MATRIX=PASS
ABI_1_1_DISCOVERY_CAPABILITY_MATRIX=PASS
ABI_1_1_ACCESS_MATRIX=PASS
ABI_1_1_SEQUENCE_WIDTH=32
PRODUCTION_UNSAFE_PULSE_COUNT=0
$finish called at time : 17086 ns : File "<EXTERNAL_SOURCE>/tb/stage2g/tb_stage2g_production_path.sv" Line 739
exit 0
INFO: [Common 17-206] Exiting xsim at Wed Sep  9 16:52:27 2026...
