test_engineering_history_bytes_remain_checked (test_abi_scope.AbiScopeTests.test_engineering_history_bytes_remain_checked) ... skipped 'Historical snapshots are explicitly outside the selected export'
test_selected_scope_and_failure_boundaries (test_abi_scope.AbiScopeTests.test_selected_scope_and_failure_boundaries) ... ok
test_session_effective_addresses_masks_and_aliases (test_abi_scope.AbiScopeTests.test_session_effective_addresses_masks_and_aliases) ... ok
test_unclassified_session_is_rejected (test_abi_scope.AbiScopeTests.test_unclassified_session_is_rejected) ... ok
test_active_worktree_source_inventory_is_current_and_complete (test_build_current_release.BuildCurrentReleaseTests.test_active_worktree_source_inventory_is_current_and_complete) ... ok
test_atomic_build_failure_leaves_no_target_or_staging (test_build_current_release.BuildCurrentReleaseTests.test_atomic_build_failure_leaves_no_target_or_staging) ... ok
test_atomic_build_publishes_once_and_removes_staging (test_build_current_release.BuildCurrentReleaseTests.test_atomic_build_publishes_once_and_removes_staging) ... ok
test_fixture_release_builds_and_verifies (test_build_current_release.BuildCurrentReleaseTests.test_fixture_release_builds_and_verifies) ... ok
test_generated_abi_is_exactly_1_1 (test_build_current_release.BuildCurrentReleaseTests.test_generated_abi_is_exactly_1_1) ... ok
test_main_only_clean_git_gate_is_unchanged (test_build_current_release.BuildCurrentReleaseTests.test_main_only_clean_git_gate_is_unchanged) ... ok
test_packaged_runtime_accepts_canonical_manifest_identities (test_build_current_release.BuildCurrentReleaseTests.test_packaged_runtime_accepts_canonical_manifest_identities) ... ok
test_packaged_runtime_keeps_manifest_sha256_validation (test_build_current_release.BuildCurrentReleaseTests.test_packaged_runtime_keeps_manifest_sha256_validation) ... ok
test_packaged_runtime_rejects_noncanonical_manifest_identities (test_build_current_release.BuildCurrentReleaseTests.test_packaged_runtime_rejects_noncanonical_manifest_identities) ... ok
test_physical_tree_mismatch_is_rejected_before_release_write (test_build_current_release.BuildCurrentReleaseTests.test_physical_tree_mismatch_is_rejected_before_release_write) ... ok
test_release_authority_distinguishes_commit_and_tree_identities (test_build_current_release.BuildCurrentReleaseTests.test_release_authority_distinguishes_commit_and_tree_identities) ... ok
test_all_matching_and_optional_missing (test_check_external_data_authorities.ExternalAuthorityCheckerTests.test_all_matching_and_optional_missing) ... ok
test_bytes_mismatch (test_check_external_data_authorities.ExternalAuthorityCheckerTests.test_bytes_mismatch) ... ok
test_data_root_environment_override (test_check_external_data_authorities.ExternalAuthorityCheckerTests.test_data_root_environment_override) ... ok
test_directory_marker_missing (test_check_external_data_authorities.ExternalAuthorityCheckerTests.test_directory_marker_missing) ... ok
test_malformed_json (test_check_external_data_authorities.ExternalAuthorityCheckerTests.test_malformed_json) ... ok
test_optional_authority_missing_is_skip (test_check_external_data_authorities.ExternalAuthorityCheckerTests.test_optional_authority_missing_is_skip) ... ok
test_public_git_identity_mismatch_fails (test_check_external_data_authorities.ExternalAuthorityCheckerTests.test_public_git_identity_mismatch_fails) ... ok
test_public_git_json_artifact_and_verifier_contract (test_check_external_data_authorities.ExternalAuthorityCheckerTests.test_public_git_json_artifact_and_verifier_contract) ... ok
test_public_origin_url_mismatch_fails (test_check_external_data_authorities.ExternalAuthorityCheckerTests.test_public_origin_url_mismatch_fails) ... ok
test_required_file_missing (test_check_external_data_authorities.ExternalAuthorityCheckerTests.test_required_file_missing) ... ok
test_sha256_mismatch (test_check_external_data_authorities.ExternalAuthorityCheckerTests.test_sha256_mismatch) ... ok
test_actual_width_warnings_remain_errors (test_diagnostic_paths.DiagnosticPathTests.test_actual_width_warnings_remain_errors) ... ok
test_source_path_is_not_a_width_diagnostic (test_diagnostic_paths.DiagnosticPathTests.test_source_path_is_not_a_width_diagnostic) ... ok
test_all_xsim_calls_match_the_real_helper_signature (test_full_regression_dispatch.RegressionDispatchTests.test_all_xsim_calls_match_the_real_helper_signature) ... ok
test_full_digital_cli_keeps_vendor_dispatch (test_full_regression_dispatch.RegressionDispatchTests.test_full_digital_cli_keeps_vendor_dispatch) ... ok
test_portable_cli_preserves_portable_dispatch (test_full_regression_dispatch.RegressionDispatchTests.test_portable_cli_preserves_portable_dispatch) ... ok
test_internal_directory_link_is_rejected_without_following_it (test_path_safety.PathSafetyTests.test_internal_directory_link_is_rejected_without_following_it) ... skipped "symbolic links unavailable: [WinError 1314] \xbfͻ\xa7\xb6\xcbû\xd3\xd0\xcb\xf9\xd0\xe8\xb5\xc4\xcc\xd8Ȩ\xa1\xa3: '<EXTERNAL_PATH>' -> '<EXTERNAL_PATH>'"
test_link_replacement_is_rechecked_before_read (test_path_safety.PathSafetyTests.test_link_replacement_is_rechecked_before_read) ... ok
test_manifest_traversal_and_noncanonical_paths_are_rejected (test_path_safety.PathSafetyTests.test_manifest_traversal_and_noncanonical_paths_are_rejected) ... ok
test_windows_junction_to_outside_is_rejected (test_path_safety.PathSafetyTests.test_windows_junction_to_outside_is_rejected) ... ok
test_isolation_copies_only_verified_build_inputs (test_rebuild_delivery.DeliveryRebuildTests.test_isolation_copies_only_verified_build_inputs) ... ok
test_selected_root_alias_is_allowed_but_internal_link_is_rejected (test_rebuild_delivery.DeliveryRebuildTests.test_selected_root_alias_is_allowed_but_internal_link_is_rejected) ... skipped "symbolic links unavailable: [WinError 1314] \xbfͻ\xa7\xb6\xcbû\xd3\xd0\xcb\xf9\xd0\xe8\xb5\xc4\xcc\xd8Ȩ\xa1\xa3: '<EXTERNAL_PATH> delivery' -> '<EXTERNAL_PATH> alias'"
test_config_relative_paths_and_precedence (test_runtime_config.RuntimeConfigTests.test_config_relative_paths_and_precedence) ... ok
test_export_never_inherits_parent_repository_identity (test_runtime_config.RuntimeConfigTests.test_export_never_inherits_parent_repository_identity) ... ok
test_invalid_explicit_tool_does_not_fall_back (test_runtime_config.RuntimeConfigTests.test_invalid_explicit_tool_does_not_fall_back) ... ok
test_malformed_config_is_an_error (test_runtime_config.RuntimeConfigTests.test_malformed_config_is_an_error) ... ok
test_concurrent_workspaces_do_not_share_files (test_simulation_workspace.SimulationWorkspaceTests.test_concurrent_workspaces_do_not_share_files) ... ok
test_copy_failure_keeps_original_diagnostics (test_simulation_workspace.SimulationWorkspaceTests.test_copy_failure_keeps_original_diagnostics) ... ok
test_failure_is_copied_and_marked_failed (test_simulation_workspace.SimulationWorkspaceTests.test_failure_is_copied_and_marked_failed) ... ok
test_non_ascii_explicit_scratch_is_rejected (test_simulation_workspace.SimulationWorkspaceTests.test_non_ascii_explicit_scratch_is_rejected) ... ok
test_real_vvp_failure_preserves_log_and_exit_code (test_simulation_workspace.SimulationWorkspaceTests.test_real_vvp_failure_preserves_log_and_exit_code) ... ok
test_unavailable_scratch_and_output_overlap_fail (test_simulation_workspace.SimulationWorkspaceTests.test_unavailable_scratch_and_output_overlap_fail) ... ok
test_unicode_requested_output_receives_ascii_workspace_evidence (test_simulation_workspace.SimulationWorkspaceTests.test_unicode_requested_output_receives_ascii_workspace_evidence) ... ok
test_changed_and_extra_files_rejected (test_source_export.SourceExportTests.test_changed_and_extra_files_rejected) ... ok
test_powershell_validates_and_rejects_tampering (test_source_export.SourceExportTests.test_powershell_validates_and_rejects_tampering) ... ok
test_selection_rejects_missing_required_inputs (test_source_export.SourceExportTests.test_selection_rejects_missing_required_inputs) ... ok
test_execute_b2_always_runs_cleanup_and_propagates_cleanup_failure (test_stage1_board_functional_validation.Stage2IB2SequenceTests.test_execute_b2_always_runs_cleanup_and_propagates_cleanup_failure) ... ok
test_saturation_retains_first_overcurrent_identity (test_stage1_board_functional_validation.Stage2IB2SequenceTests.test_saturation_retains_first_overcurrent_identity) ... ok
test_scripted_backend_covers_the_complete_c2_sequence (test_stage1_board_functional_validation.Stage2IB2SequenceTests.test_scripted_backend_covers_the_complete_c2_sequence) ... ok
test_b1_and_b2_are_offline_by_default (test_stage1_board_functional_validation.Stage2IBoardValidationOfflineTests.test_b1_and_b2_are_offline_by_default) ... ok
test_c2_execution_plan_is_frozen_and_complete (test_stage1_board_functional_validation.Stage2IBoardValidationOfflineTests.test_c2_execution_plan_is_frozen_and_complete) ... ok
test_canonical_board_json_round_trip_is_accepted (test_stage1_board_functional_validation.Stage2IEvidenceAnalyzerTests.test_canonical_board_json_round_trip_is_accepted) ... ok
test_malformed_board_result_is_rejected (test_stage1_board_functional_validation.Stage2IEvidenceAnalyzerTests.test_malformed_board_result_is_rejected) ... ok
test_missing_capture_returns_a_fail_closed_cli_result (test_stage1_board_functional_validation.Stage2IEvidenceAnalyzerTests.test_missing_capture_returns_a_fail_closed_cli_result) ... ok
test_source_and_destination_evidence_reconcile (test_stage1_board_functional_validation.Stage2IEvidenceAnalyzerTests.test_source_and_destination_evidence_reconcile) ... ok
test_stall_payload_mutation_is_rejected (test_stage1_board_functional_validation.Stage2IEvidenceAnalyzerTests.test_stall_payload_mutation_is_rejected) ... ok
test_all_eight_waveform_contracts (test_stage2_board_session.BoardSessionTests.test_all_eight_waveform_contracts) ... ok
test_clear_preserves_pwm_enable (test_stage2_board_session.BoardSessionTests.test_clear_preserves_pwm_enable) ... ok
test_disabled_raw_pwm_cannot_prove_fault_gating (test_stage2_board_session.BoardSessionTests.test_disabled_raw_pwm_cannot_prove_fault_gating) ... ok
test_extra_sample_during_removal_is_rejected (test_stage2_board_session.BoardSessionTests.test_extra_sample_during_removal_is_rejected) ... ok
test_fault_pulse_escape_is_rejected (test_stage2_board_session.BoardSessionTests.test_fault_pulse_escape_is_rejected) ... ok
test_first_clean_sample_must_not_claim_complete_recovery (test_stage2_board_session.BoardSessionTests.test_first_clean_sample_must_not_claim_complete_recovery) ... ok
test_immutable_json_output (test_stage2_board_session.BoardSessionTests.test_immutable_json_output) ... ok
test_missing_source_capture_cannot_prove_removal (test_stage2_board_session.BoardSessionTests.test_missing_source_capture_cannot_prove_removal) ... ok
test_unexpected_reset_and_fault_code_are_rejected (test_stage2_board_session.BoardSessionTests.test_unexpected_reset_and_fault_code_are_rejected) ... ok
test_windows_version_query_exit_is_preserved (test_stage2_board_session.BoardSessionTests.test_windows_version_query_exit_is_preserved) ... ok
test_wrong_duty_and_no_recovery_are_rejected (test_stage2_board_session.BoardSessionTests.test_wrong_duty_and_no_recovery_are_rejected) ... ok
test_wrong_order_and_replay_do_not_touch_hardware (test_stage2_board_session.BoardSessionTests.test_wrong_order_and_replay_do_not_touch_hardware) ... ok
test_command_encoding_and_status_decoding (test_stage2i_board_runtime.Stage2IB2ControlTests.test_command_encoding_and_status_decoding) ... ok
test_invalid_command_fields_are_rejected (test_stage2i_board_runtime.Stage2IB2ControlTests.test_invalid_command_fields_are_rejected) ... ok
test_deterministic_zip_round_trip (test_stage2i_board_runtime.Stage2IBoardPackageTests.test_deterministic_zip_round_trip) ... ok
test_direct_builder_help_works_from_repository (test_stage2i_board_runtime.Stage2IBoardPackageTests.test_direct_builder_help_works_from_repository) ... ok
test_ltx_explicit_non_probe_protocol_fails_closed (test_stage2i_board_runtime.Stage2IBoardPackageTests.test_ltx_explicit_non_probe_protocol_fails_closed) ... ok
test_ltx_missing_source_core_fails_closed (test_stage2i_board_runtime.Stage2IBoardPackageTests.test_ltx_missing_source_core_fails_closed) ... ok
test_ltx_native_probe_width_drift_fails_closed (test_stage2i_board_runtime.Stage2IBoardPackageTests.test_ltx_native_probe_width_drift_fails_closed) ... ok
test_package_entry_drift_is_rejected (test_stage2i_board_runtime.Stage2IBoardPackageTests.test_package_entry_drift_is_rejected) ... ok
test_profile_mismatch_and_safe_inert_topology_leak_fail_closed (test_stage2i_board_runtime.Stage2IBoardPackageTests.test_profile_mismatch_and_safe_inert_topology_leak_fail_closed) ... ok
test_ready_aware_package_validates_both_ila_cores (test_stage2i_board_runtime.Stage2IBoardPackageTests.test_ready_aware_package_validates_both_ila_cores) ... ok
test_safe_inert_package_validates_offline (test_stage2i_board_runtime.Stage2IBoardPackageTests.test_safe_inert_package_validates_offline) ... ok
test_missing_artifact_is_rejected (test_stage2i_physical_authority.Stage2IPhysicalAuthorityTests.test_missing_artifact_is_rejected) ... ok
test_noncanonical_project_identity_is_rejected (test_stage2i_physical_authority.Stage2IPhysicalAuthorityTests.test_noncanonical_project_identity_is_rejected) ... ok
test_valid_authority_passes (test_stage2i_physical_authority.Stage2IPhysicalAuthorityTests.test_valid_authority_passes) ... ok
test_wrong_artifact_hash_is_rejected (test_stage2i_physical_authority.Stage2IPhysicalAuthorityTests.test_wrong_artifact_hash_is_rejected) ... ok
test_wrong_artifact_size_is_rejected (test_stage2i_physical_authority.Stage2IPhysicalAuthorityTests.test_wrong_artifact_size_is_rejected) ... ok
test_wrong_expected_tree_is_rejected (test_stage2i_physical_authority.Stage2IPhysicalAuthorityTests.test_wrong_expected_tree_is_rejected) ... ok
test_wrong_ltx_policy_is_rejected (test_stage2i_physical_authority.Stage2IPhysicalAuthorityTests.test_wrong_ltx_policy_is_rejected) ... ok
test_wrong_profile_is_rejected (test_stage2i_physical_authority.Stage2IPhysicalAuthorityTests.test_wrong_profile_is_rejected) ... ok
test_bare_relative_directory_uses_config_parent (test_target_preflight.TargetPreflightTests.test_bare_relative_directory_uses_config_parent) ... ok
test_failure_does_not_get_overwritten_by_later_passes (test_target_preflight.TargetPreflightTests.test_failure_does_not_get_overwritten_by_later_passes) ... ok
test_full_digital_child_failure_propagates (test_target_preflight.TargetPreflightTests.test_full_digital_child_failure_propagates) ... ok
test_portable_only_environment_and_vendor_block (test_target_preflight.TargetPreflightTests.test_portable_only_environment_and_vendor_block) ... ok
test_wrong_version_invalid_configuration_and_source_are_retained (test_target_preflight.TargetPreflightTests.test_wrong_version_invalid_configuration_and_source_are_retained) ... ok
test_extra_file_fails_manifest_coverage (test_verify_current_release.VerifyCurrentReleaseTests.test_extra_file_fails_manifest_coverage) ... ok
test_ltx_copy_violates_provenance_only_policy (test_verify_current_release.VerifyCurrentReleaseTests.test_ltx_copy_violates_provenance_only_policy) ... ok
test_manifest_path_traversal_fails (test_verify_current_release.VerifyCurrentReleaseTests.test_manifest_path_traversal_fails) ... ok
test_missing_artifact_fails (test_verify_current_release.VerifyCurrentReleaseTests.test_missing_artifact_fails) ... ok
test_noncanonical_project_identity_fails (test_verify_current_release.VerifyCurrentReleaseTests.test_noncanonical_project_identity_fails) ... ok
test_runtime_source_identity_fails_closed (test_verify_current_release.VerifyCurrentReleaseTests.test_runtime_source_identity_fails_closed) ... ok
test_stale_stage1_runtime_payload_fails (test_verify_current_release.VerifyCurrentReleaseTests.test_stale_stage1_runtime_payload_fails) ... ok
test_valid_release_passes (test_verify_current_release.VerifyCurrentReleaseTests.test_valid_release_passes) ... ok
test_wrong_bit_hash_fails (test_verify_current_release.VerifyCurrentReleaseTests.test_wrong_bit_hash_fails) ... ok
test_wrong_hwh_size_fails (test_verify_current_release.VerifyCurrentReleaseTests.test_wrong_hwh_size_fails) ... ok
test_wrong_profile_fails (test_verify_current_release.VerifyCurrentReleaseTests.test_wrong_profile_fails) ... ok
test_wrong_tree_fails (test_verify_current_release.VerifyCurrentReleaseTests.test_wrong_tree_fails) ... ok
test_changed_missing_and_extra_evidence_are_rejected (test_windows_board_release.WindowsEvidenceTests.test_changed_missing_and_extra_evidence_are_rejected) ... ok
test_duplicate_json_key_is_rejected (test_windows_board_release.WindowsEvidenceTests.test_duplicate_json_key_is_rejected) ... ok
test_failed_campaign_cannot_be_released (test_windows_board_release.WindowsEvidenceTests.test_failed_campaign_cannot_be_released) ... ok
test_http_urls_are_not_drive_paths (test_windows_board_release.WindowsEvidenceTests.test_http_urls_are_not_drive_paths) ... ok
test_missing_git_history_refs_do_not_block_current_checkout (test_windows_board_release.WindowsEvidenceTests.test_missing_git_history_refs_do_not_block_current_checkout) ... ok
test_parent_absolute_and_drive_paths_are_rejected (test_windows_board_release.WindowsEvidenceTests.test_parent_absolute_and_drive_paths_are_rejected) ... ok
test_path_derivatives_preserve_structured_values (test_windows_board_release.WindowsEvidenceTests.test_path_derivatives_preserve_structured_values) ... ok
test_plan_contains_exact_stuck_transition_boundary (test_windows_board_release.WindowsEvidenceTests.test_plan_contains_exact_stuck_transition_boundary) ... ok
test_tcl_child_does_not_invent_missing_system_root (test_windows_board_release.WindowsEvidenceTests.test_tcl_child_does_not_invent_missing_system_root) ... ok
test_tcl_child_uses_native_powershell_modules_and_canonical_environment (test_windows_board_release.WindowsEvidenceTests.test_tcl_child_uses_native_powershell_modules_and_canonical_environment) ... ok
test_vivado_path_fallback (test_windows_board_release.WindowsEvidenceTests.test_vivado_path_fallback) ... ok

----------------------------------------------------------------------
Ran 120 tests in 18.882s

OK (skipped=3)
SIMULATION_SCRATCH_PRESERVED=<EXTERNAL_PATH>
