Vivado Simulator v2024.1
Copyright 1986-2022 Xilinx, Inc. All Rights Reserved.
Copyright 2022-2024 Advanced Micro Devices, Inc. All Rights Reserved.
Running: <EXTERNAL_PATH> work.tb_stage2c_reset_release_cdc -s stage2c_regression_snapshot --timescale 1ns/1ps --log <EXTERNAL_VERIFICATION>\digital\xsim\stage2c_regression\xelab.log 
Multi-threading is on. Using 30 slave threads.
Starting static elaboration
Pass Through NonSizing Optimizer
WARNING: [VRFC 10-5021] port 'obs_sticky_status' is not connected on this instance [<EXTERNAL_SOURCE>/tb/stage2c/tb_stage2c_reset_release_cdc.sv:59]
WARNING: [VRFC 10-3645] port 'obs_status_w1c_clear' remains unconnected for this instance [<EXTERNAL_SOURCE>/tb/stage2c/tb_stage2c_reset_release_cdc.sv:59]
Completed static elaboration
Starting simulation data flow analysis
Completed simulation data flow analysis
Time Resolution for simulation is 1ps
Compiling module work.reset_release_sync
Compiling module work.protection_axi_lite_register_tra...
Compiling module work.protection_reg_bank_default
Compiling module work.current_compare_dual
Compiling module work.sensor_health_monitor(CNT_WIDTH=...
Compiling module work.fault_classifier
Compiling module work.protection_fsm
Compiling module work.pwm_gen
Compiling module work.pwm_gate
Compiling module work.protection_core_top(HEALTH_CNT_W...
Compiling module work.protection_ip_top_reg_controlled...
Compiling module work.protection_ip_top_axi_lite(HEALT...
Compiling module work.stage2c_reset_release_checker
Compiling module work.tb_stage2c_reset_release_cdc
Built simulation snapshot stage2c_regression_snapshot
