FAIL cycle=21 first_code_cycle_immutable actual=00000002 expected=00000001
FAIL cycle=22 first_code_cycle_immutable actual=00000006 expected=00000002
FAIL cycle=25 first_code_cycle_immutable actual=00000003 expected=00000006
FAIL cycle=26 first_code_cycle_immutable actual=00000006 expected=00000003
FAIL cycle=29 first_code_cycle_immutable actual=00000003 expected=00000006
FAIL cycle=30 first_code_cycle_immutable actual=00000006 expected=00000003
FAIL cycle=33 first_code_cycle_immutable actual=00000004 expected=00000006
FAIL cycle=34 first_code_cycle_immutable actual=00000006 expected=00000004
FAIL cycle=37 first_code_cycle_immutable actual=00000004 expected=00000006
FAIL cycle=38 first_code_cycle_immutable actual=00000006 expected=00000004
FAIL cycle=41 first_code_cycle_immutable actual=00000004 expected=00000006
FAIL cycle=42 first_code_cycle_immutable actual=00000006 expected=00000004
FAIL cycle=45 first_code_cycle_immutable actual=00000004 expected=00000006
FAIL cycle=46 first_code_cycle_immutable actual=00000006 expected=00000004
FAIL cycle=49 first_code_cycle_immutable actual=00000005 expected=00000006
FAIL cycle=50 first_code_cycle_immutable actual=00000006 expected=00000005
FAIL cycle=53 first_code_cycle_immutable actual=00000005 expected=00000006
FAIL cycle=54 first_code_cycle_immutable actual=00000006 expected=00000005
FAIL cycle=57 first_code_cycle_immutable actual=00000003 expected=00000006
FAIL cycle=58 first_code_cycle_immutable actual=00000006 expected=00000003
FAIL cycle=61 first_code_cycle_immutable actual=00000003 expected=00000006
FAIL cycle=62 first_code_cycle_immutable actual=00000006 expected=00000003
FAIL cycle=65 first_code_cycle_immutable actual=00000004 expected=00000006
FAIL cycle=66 first_code_cycle_immutable actual=00000006 expected=00000004
FAIL cycle=69 first_code_cycle_immutable actual=00000004 expected=00000006
FAIL cycle=70 first_code_cycle_immutable actual=00000006 expected=00000004
FAIL cycle=73 first_code_cycle_immutable actual=00000004 expected=00000006
FAIL cycle=74 first_code_cycle_immutable actual=00000006 expected=00000004
FAIL cycle=77 first_code_cycle_immutable actual=00000004 expected=00000006
FAIL cycle=78 first_code_cycle_immutable actual=00000006 expected=00000004
FAIL cycle=86 first_code_immutable actual=00000006 expected=00000001
FAIL cycle=89 first_code_cycle_immutable actual=00000000 expected=00000006
FAIL cycle=97 first_code_cycle_immutable actual=00000001 expected=00000000
FAIL cycle=119 first_code_cycle_immutable actual=00000001 expected=00000005
FAIL cycle=129 first_code_cycle_immutable actual=00000002 expected=00000001
STAGE2G_POLICY_MATRIX=FAIL_35
FATAL: <EXTERNAL_SOURCE>\tb\stage2g\tb_stage2g_policy_matrix.sv:489: 
       Time: 1771000  Scope: tb_stage2g_policy_matrix
