Vivado Simulator v2024.1
Copyright 1986-2022 Xilinx, Inc. All Rights Reserved.
Copyright 2022-2024 Advanced Micro Devices, Inc. All Rights Reserved.
Running: <EXTERNAL_PATH> work.tb_stage2f_raw_path_invariance -s raw_path_snapshot --timescale 1ns/1ps --log <EXTERNAL_VERIFICATION>\digital\stage2f\run_stage2f_raw_path_invariance\xsim\xelab.log 
Multi-threading is on. Using 30 slave threads.
Starting static elaboration
Pass Through NonSizing Optimizer
Completed static elaboration
Starting simulation data flow analysis
Completed simulation data flow analysis
Time Resolution for simulation is 1ps
Compiling module work.reset_release_sync
Compiling module work.transaction_source_observer_defa...
Compiling module work.async_fifo_gray(DATA_WIDTH=57)
Compiling module work.stage2g_adc_sample_cdc_bridge_de...
Compiling module work.adc_sample_code_normalizer_defau...
Compiling module work.source_observability_cdc_default
Compiling module work.stage2e_transaction_sequence_cla...
Compiling module work.destination_sequence_integrity_t...
Compiling module work.transaction_destination_observer...
Compiling module work.protection_axi_lite_register_tra...
Compiling module work.protection_reg_bank(EXPLICIT_ABI...
Compiling module work.current_compare_dual
Compiling module work.sensor_health_monitor
Compiling module work.stage2g_fault_evaluation_pipelin...
Compiling module work.stage2g_fault_episode_controller...
Compiling module work.pwm_gen
Compiling module work.pwm_gate
Compiling module work.stage2g_protection_core_default
Compiling module work.stage2g_protection_ip_reg_contro...
Compiling module work.stage2g_protection_ip_axi_lite(S...
Compiling module work.protection_ip_top_async_adc_axi_...
Compiling module work.protection_ip_top_async_adc_axi_...
Compiling module work.tb_stage2f_raw_path_invariance
Built simulation snapshot raw_path_snapshot
