#-----------------------------------------------------------
# xsim v2024.1 (64-bit)
# SW Build 5076996 on Wed May 22 18:37:14 MDT 2024
# IP Build 5075265 on Wed May 22 21:45:21 MDT 2024
# SharedData Build 5076995 on Wed May 22 18:29:18 MDT 2024
# Start of session at: Wed Sep  9 04:03:46 2026
# Process ID: 14612
# Current directory: <EXTERNAL_VERIFICATION>/digital/mutations/mutants/nonclean_drops_compatibility_latch/xsim
# Command line: xsim.exe -log <EXTERNAL_VERIFICATION>\digital\mutations\mutants\nonclean_drops_compatibility_latch\xsim\xsim.log -mode tcl -source {xsim.dir/mutation_snapshot/xsim_script.tcl}
# Log file: <EXTERNAL_VERIFICATION>/digital/mutations/mutants/nonclean_drops_compatibility_latch/xsim/xsim.log
# Journal file: <EXTERNAL_VERIFICATION>/digital/mutations/mutants/nonclean_drops_compatibility_latch/xsim\xsim.jou
# Running On        :illusion
# Platform          :Windows Server 2016 or Windows 10
# Operating System  :26200
# Processor Detail  :AMD Ryzen 9 7945HX with Radeon Graphics        
# CPU Frequency     :2495 MHz
# CPU Physical cores:16
# CPU Logical cores :32
# Host memory       :16844 MB
# Swap memory       :13958 MB
# Total Virtual     :30803 MB
# Available Virtual :12542 MB
#-----------------------------------------------------------
source xsim.dir/mutation_snapshot/xsim_script.tcl
# xsim {mutation_snapshot} -autoloadwcfg -runall -onfinish quit -onerror quit
Time resolution is 1 ps
run -all
STAGE2G PRODUCTION FAILED: nonclean post-clear dropped compatibility status
STAGE2G_PRODUCTION_PATH=FAIL_1
STAGE2G_PRODUCTION_PATH=PASS
PRODUCTION_W1P_CLEAR=PASS
FIFO_CARRIED_SOURCE_INTEGRITY=PASS
SAFE_OUTPUT_PRODUCTION=PASS
PRODUCTION_SAFE_HOLD=PASS
PRODUCTION_SAFE_RELEASE_AFTER_LATER_HEALTHY=PASS
STATUS_FAULT_LATCHED_DURING_POST_CLEAR_RESET_WAIT=1
FAULT_CODE_DURING_POST_CLEAR_RESET_WAIT=RETAIN_PRIOR_FIRST_CAUSE
LATER_HEALTHY_CLEARS_COMPATIBILITY_STATUS=PASS
POST_CLEAR_FAULT_REPLACES_WITH_NEW_FIRST_CAUSE=PASS
RESET_CLEARS_COMPATIBILITY_STATUS=PASS
ABI_1_1_READINESS_MATRIX=PASS
ABI_1_1_BITMAP_MATRIX=PASS
ABI_1_1_POLICY_IDENTITY_MATRIX=PASS
ABI_1_1_DISCOVERY_CAPABILITY_MATRIX=PASS
ABI_1_1_ACCESS_MATRIX=PASS
ABI_1_1_SEQUENCE_WIDTH=32
PRODUCTION_UNSAFE_PULSE_COUNT=0
$finish called at time : 17086 ns : File "<EXTERNAL_SOURCE>/tb/stage2g/tb_stage2g_production_path.sv" Line 739
exit 0
INFO: [Common 17-206] Exiting xsim at Wed Sep  9 04:03:48 2026...
