Copyright 1986-2022 Xilinx, Inc. All Rights Reserved. Copyright 2022-2024 Advanced Micro Devices, Inc. All Rights Reserved.
---------------------------------------------------------------------------------------------------------------------------------------------
| Tool Version : Vivado v.2024.1 (win64) Build 5076996 Wed May 22 18:37:14 MDT 2024
| Date         : Thu Sep 10 11:13:35 2026
| Host         : illusion running 64-bit major release  (build 9200)
| Command      : report_exceptions -coverage -file <EXTERNAL_BUILD>/v/reports/constraint_coverage.rpt
| Design       : protection_system_wrapper
| Device       : 7z020-clg400
| Speed File   : -1  PRODUCTION 1.12 2019-11-22
| Design State : Routed
---------------------------------------------------------------------------------------------------------------------------------------------

Exceptions Report

Position  Type                     Setup       Hold   From       Through  To         Endpoints  From (%)  Through (%)  To (%)
--------  -----------------------  ----------  -----  ---------  -------  ---------  ---------  --------  -----------  ------
5         False Path               false       false                      2 pins     1                                 0.00
6         False Path               false       false                      1 pins     1                                 100.00
7         False Path               false       false                      2 pins     1                                 0.00
8         False Path               false       false  336 pins            27 pins    27         85.71                  100.00
9         False Path               false       false  16 pins             1 cells    1          100.00                 33.33
10        False Path               false       false  16 pins             1 cells    1          100.00                 33.33
11        False Path               false       false  16 pins             1 cells    1          100.00                 33.33
12        False Path               false       false  4 cells             4 cells    4          100.00                 33.33
13        False Path               false       false  2 cells             1 cells    1          50.00                  33.33
14        False Path               false       false  2 cells             1 cells    1          50.00                  33.33
15        False Path               false       false  2 cells             1 cells    1          50.00                  33.33
16        False Path               false       false  2 cells             1 cells    1          50.00                  33.33
17        False Path               false       false  16 cells            12 cells   0          0.00                   0.00
18        False Path               false       false  16 cells            12 cells   0          0.00                   0.00
19        False Path               false       false  16 cells            1 cells    0          0.00                   0.00
20        False Path               false       false  16 cells            1 cells    0          0.00                   0.00
21        False Path               false       false  16 cells            1 cells    0          0.00                   0.00
22        False Path               false       false  16 cells            1 cells    1          6.25                   33.33
23        False Path               false       false  16 cells            1 cells    1          6.25                   33.33
24        False Path               false       false  16 cells            1 cells    1          6.25                   33.33
25        False Path               false       false  16 cells            1 cells    0          0.00                   0.00
26        False Path               false       false  16 cells            1 cells    0          0.00                   0.00
27        False Path               false       false  16 cells            1 cells    0          0.00                   0.00
28        False Path               false       false  16 cells            1 cells    0          0.00                   0.00
29        False Path               false       false  16 cells            1 cells    0          0.00                   0.00
30        False Path               false       false  16 cells            1 cells    1          6.25                   33.33
31        False Path               false       false  16 cells            1 cells    0          0.00                   0.00
32        False Path               false       false  16 cells            1 cells    1          6.25                   33.33
33        False Path               false       false  16 cells            2 cells    2          12.50                  33.33
34        False Path               false       false  16 cells            16 cells   16         100.00                 33.33
35        False Path               false       false  16 cells            12 cells   12         75.00                  33.33
36        False Path               false       false  1 cells             1 cells    1          100.00                 33.33
37        False Path               false       false  1 cells             1 cells    1          100.00                 33.33
38        False Path               false       false  16 cells            137 cells  0          0.00                   0.00
39        False Path               false       false  16 cells            137 cells  0          0.00                   0.00
40        False Path               false       false  30 pins             27 pins    27         90.00                  100.00
41        False Path               false       false  16 cells            12 cells   0          0.00                   0.00
42        False Path               false       false  12 cells            52 cells   12         100.00                 7.69
43        False Path               false       false  1 cells             52 cells   1          100.00                 0.64
44        False Path               false       false  1 cells             52 cells   1          100.00                 0.64
45        False Path               false       false  2 cells             52 cells   2          100.00                 1.28
46        False Path               false       false  1 pins              1 cells    1          100.00                 33.33
47        False Path               false       false  1 pins              1 cells    1          100.00                 33.33
48        False Path               false       false  2 pins              1 cells    1          100.00                 33.33
49        False Path               false       false  1 pins              1 pins     0          0.00                   0.00
50        False Path               false       false  1 pins              1 cells    1          100.00                 33.33
51        False Path               false       false  1 pins              1 cells    1          100.00                 33.33
52        False Path               false       false  1 pins              1 cells    1          100.00                 33.33
53        False Path               false       false  1 pins              1 cells    1          100.00                 33.33
54        False Path               false       false  2 pins              1 cells    1          100.00                 33.33
55        False Path               false       false  2 pins              1 cells    1          100.00                 33.33
56        False Path               false       false  1 pins              12 cells   12         100.00                 33.33
57        False Path               false       false  1 pins              1 cells    1          100.00                 33.33
58        False Path               false       false  2 pins              12 cells   12         100.00                 33.33
59        False Path               false       false  1 pins              12 cells   12         100.00                 33.33
60        False Path               false       false  2 pins              1 cells    1          100.00                 33.33
61        False Path               false       false  4 pins              1 cells    1          100.00                 33.33
62        False Path               false       false  4 pins              1 cells    1          100.00                 33.33
63        False Path               false       false                      32 pins    19                                59.38
64        False Path               false       false  136 pins            9 pins     9          64.71                  100.00
65        False Path               false       false  16 pins             1 cells    1          100.00                 33.33
66        False Path               false       false  16 pins             1 cells    1          100.00                 33.33
67        False Path               false       false  16 pins             1 cells    1          100.00                 33.33
68        False Path               false       false  4 cells             4 cells    4          100.00                 33.33
69        False Path               false       false  2 cells             1 cells    1          50.00                  33.33
70        False Path               false       false  2 cells             1 cells    1          50.00                  33.33
71        False Path               false       false  2 cells             1 cells    1          50.00                  33.33
72        False Path               false       false  2 cells             1 cells    1          50.00                  33.33
73        False Path               false       false  16 cells            12 cells   0          0.00                   0.00
74        False Path               false       false  16 cells            12 cells   0          0.00                   0.00
75        False Path               false       false  16 cells            1 cells    0          0.00                   0.00
76        False Path               false       false  16 cells            1 cells    0          0.00                   0.00
77        False Path               false       false  16 cells            1 cells    0          0.00                   0.00
78        False Path               false       false  16 cells            1 cells    1          6.25                   33.33
79        False Path               false       false  16 cells            1 cells    1          6.25                   33.33
80        False Path               false       false  16 cells            1 cells    1          6.25                   33.33
81        False Path               false       false  16 cells            1 cells    0          0.00                   0.00
82        False Path               false       false  16 cells            1 cells    0          0.00                   0.00
83        False Path               false       false  16 cells            1 cells    0          0.00                   0.00
84        False Path               false       false  16 cells            1 cells    0          0.00                   0.00
85        False Path               false       false  16 cells            1 cells    0          0.00                   0.00
86        False Path               false       false  16 cells            1 cells    1          6.25                   33.33
87        False Path               false       false  16 cells            1 cells    0          0.00                   0.00
88        False Path               false       false  16 cells            1 cells    1          6.25                   33.33
89        False Path               false       false  16 cells            2 cells    2          12.50                  33.33
90        False Path               false       false  16 cells            16 cells   16         100.00                 33.33
91        False Path               false       false  16 cells            12 cells   12         75.00                  33.33
92        False Path               false       false  1 cells             1 cells    1          100.00                 33.33
93        False Path               false       false  1 cells             1 cells    1          100.00                 33.33
94        False Path               false       false  16 cells            36 cells   0          0.00                   0.00
95        False Path               false       false  16 cells            36 cells   0          0.00                   0.00
96        False Path               false       false  12 pins             9 pins     9          75.00                  100.00
97        False Path               false       false  16 cells            12 cells   0          0.00                   0.00
98        False Path               false       false  12 cells            52 cells   12         100.00                 7.69
99        False Path               false       false  1 cells             52 cells   1          100.00                 0.64
100       False Path               false       false  1 cells             52 cells   1          100.00                 0.64
101       False Path               false       false  2 cells             52 cells   2          100.00                 1.28
102       False Path               false       false  1 pins              1 cells    1          100.00                 33.33
103       False Path               false       false  1 pins              1 cells    1          100.00                 33.33
104       False Path               false       false  2 pins              1 cells    1          100.00                 33.33
105       False Path               false       false  1 pins              1 pins     0          0.00                   0.00
106       False Path               false       false  1 pins              1 cells    1          100.00                 33.33
107       False Path               false       false  1 pins              1 cells    1          100.00                 33.33
108       False Path               false       false  1 pins              1 cells    1          100.00                 33.33
109       False Path               false       false  1 pins              1 cells    1          100.00                 33.33
110       False Path               false       false  2 pins              1 cells    1          100.00                 33.33
111       False Path               false       false  2 pins              1 cells    1          100.00                 33.33
112       False Path               false       false  1 pins              12 cells   12         100.00                 33.33
113       False Path               false       false  1 pins              1 cells    1          100.00                 33.33
114       False Path               false       false  2 pins              12 cells   12         100.00                 33.33
115       False Path               false       false  1 pins              12 cells   12         100.00                 33.33
116       False Path               false       false  2 pins              1 cells    1          100.00                 33.33
117       False Path               false       false  4 pins              1 cells    1          100.00                 33.33
118       False Path               false       false  4 pins              1 cells    1          100.00                 33.33
119       Max Delay Datapath Only  max_dpo=8   -      4 cells             4 cells    4          100.00                 33.33
121       Max Delay Datapath Only  max_dpo=8   -      4 cells             4 cells    4          100.00                 33.33
123       Max Delay Datapath Only  max_dpo=8   -      456 cells           57 cells   57         100.00                 33.33
124       Max Delay Datapath Only  max_dpo=8   -      32 cells            32 cells   32         100.00                 33.33
126       Max Delay Datapath Only  max_dpo=8   -      32 cells            32 cells   32         100.00                 33.33
128       Max Delay Datapath Only  max_dpo=8   -      32 cells            32 cells   32         100.00                 33.33
130       Max Delay Datapath Only  max_dpo=8   -      32 cells            32 cells   32         100.00                 33.33
132       Max Delay Datapath Only  max_dpo=8   -      32 cells            32 cells   32         100.00                 33.33
134       Max Delay Datapath Only  max_dpo=8   -      32 cells            32 cells   32         100.00                 33.33
136       Max Delay Datapath Only  max_dpo=8   -      32 cells            32 cells   32         100.00                 33.33
138       Max Delay Datapath Only  max_dpo=8   -      1 cells             1 cells    1          100.00                 33.33
139       Max Delay Datapath Only  max_dpo=8   -      31 cells            31 cells   31         100.00                 33.33
141       Max Delay Datapath Only  max_dpo=8   -      1 cells             1 cells    1          100.00                 33.33
142       Max Delay Datapath Only  max_dpo=8   -      1 cells             1 cells    1          100.00                 33.33
143       Max Delay Datapath Only  max_dpo=8   -      8 cells             8 cells    8          100.00                 33.33
145       Max Delay Datapath Only  max_dpo=8   -      7 cells             7 cells    7          100.00                 33.33
147       False Path               false       false                      2 pins     2                                 100.00
149       False Path               false       false             1 pins              3                    100.00        
150       False Path               false       false             1 pins              3                    100.00        
152       False Path               false       false             1 pins              3                    100.00        
154       False Path               false       false             1 pins              3                    100.00        
156       False Path               false       false             1 pins              3                    100.00        
158       False Path               false       false             1 pins              3                    100.00        
160       False Path               false       false             1 pins              3                    100.00        
161       False Path               false       false             1 pins              3                    100.00        
163       False Path               false       false             1 pins              3                    100.00        
165       False Path               false       false             1 pins              3                    100.00        
167       False Path               false       false             1 pins              3                    100.00        
169       False Path               false       false             1 pins              3                    100.00        
171       False Path               false       false             1 pins              3                    100.00        
172       False Path               false       false             1 pins              3                    100.00        
173       False Path               false       false             1 pins              3                    100.00        
174       False Path               false       false             1 pins              3                    100.00        
176       False Path               false       false             1 pins              3                    100.00        
178       False Path               false       false             1 pins              3                    100.00        
180       False Path               false       false             1 pins              3                    100.00        
182       False Path               false       false             1 pins              3                    100.00        
184       False Path               false       false             1 pins              3                    100.00        
186       False Path               false       false             1 pins              3                    100.00        
188       False Path               false       false             1 pins              3                    100.00        
190       False Path               false       false             1 pins              3                    100.00        
192       False Path               false       false             1 pins              3                    100.00        
194       False Path               false       false  63 pins             16 cells   16         25.40                  33.33
195       Max Delay Datapath Only  max_dpo=33  -      4 cells             4 cells    4          100.00                 33.33
197       Max Delay Datapath Only  max_dpo=8   -      4 cells             4 cells    4          100.00                 33.33
199       False Path               false       false  63 pins             16 cells   16         25.40                  33.33
200       Max Delay Datapath Only  max_dpo=8   -      4 cells             4 cells    4          100.00                 33.33
202       Max Delay Datapath Only  max_dpo=33  -      4 cells             4 cells    4          100.00                 33.33
204       False Path               false       false  1 cells             1 cells    1          100.00                 33.33
205       False Path               false       false  1 cells             1 cells    1          100.00                 33.33
206       False Path               false       false  1 cells             1 cells    1          100.00                 33.33
207       False Path               false       false  1 cells             1 cells    1          100.00                 33.33
208       False Path               false       false  1 cells             1 cells    1          100.00                 33.33
209       False Path               false       false  1 cells             1 cells    1          100.00                 33.33
210       False Path               false       false  1 cells             1 cells    1          100.00                 33.33
211       False Path               false       false  3 cells             3 cells    3          100.00                 33.33
212       False Path               false       false  1 cells             1 cells    1          100.00                 33.33
213       False Path               false       false  1 cells             1 cells    1          100.00                 33.33
214       False Path               false       false  1 cells             1 cells    1          100.00                 33.33
215       False Path               false       false  1 cells             1 cells    1          100.00                 33.33
216       False Path               false       false  28 cells            28 cells   28         100.00                 33.33
217       False Path               false       false  3 cells             3 cells    3          100.00                 33.33
218       False Path               false       false  18 cells            18 cells   18         100.00                 33.33
219       False Path               false       false  1 cells             1 cells    1          100.00                 33.33
220       False Path               false       false  4 cells             4 cells    4          100.00                 33.33
221       False Path               false       false  4 cells             4 cells    4          100.00                 33.33
222       False Path               false       false  3 cells             3 cells    3          100.00                 33.33
223       False Path               false       false  1 cells             1 cells    1          100.00                 33.33
224       False Path               false       false  1 cells             1 cells    1          100.00                 33.33
225       False Path               false       false  1 cells             16 cells   16         100.00                 33.33
226       False Path               false       false  1 cells             28 cells   28         100.00                 33.33
227       False Path               false       false  1 cells             18 cells   18         100.00                 33.33
228       False Path               false       false  1 cells             3 cells    3          100.00                 33.33

Warning: the percentages reported indicate the number of pins covered by the exception relative to the number of pins specified implicitly or explicitly.
