#-----------------------------------------------------------
# Vivado v2024.1 (64-bit)
# SW Build 5076996 on Wed May 22 18:37:14 MDT 2024
# IP Build 5075265 on Wed May 22 21:45:21 MDT 2024
# SharedData Build 5076995 on Wed May 22 18:29:18 MDT 2024
# Start of session at: Thu Sep 10 11:18:51 2026
# Process ID: 47108
# Current directory: <EXTERNAL_BOARD>/source_protocol
# Command line: vivado.exe -mode batch -notrace -source <EXTERNAL_SESSION>\host\stage2_board_capture_pair.tcl -log <EXTERNAL_BOARD>\source_protocol\vivado.log -journal <EXTERNAL_BOARD>\source_protocol\vivado.jou -tclargs <EXTERNAL_SESSION>\artifacts\protection_system.bit <EXTERNAL_SESSION>\artifacts\protection_system.ltx <EXTERNAL_BOARD>\source_protocol source_stall destination_trigger_now CSIP-V2R3-BOARD-001
# Log file: <EXTERNAL_BOARD>/source_protocol/vivado.log
# Journal file: <EXTERNAL_BOARD>\source_protocol\vivado.jou
# Running On        :illusion
# Platform          :Windows Server 2016 or Windows 10
# Operating System  :26200
# Processor Detail  :AMD Ryzen 9 7945HX with Radeon Graphics        
# CPU Frequency     :2495 MHz
# CPU Physical cores:16
# CPU Logical cores :32
# Host memory       :16844 MB
# Swap memory       :13958 MB
# Total Virtual     :30803 MB
# Available Virtual :7036 MB
#-----------------------------------------------------------
source {<EXTERNAL_SESSION>\host\stage2_board_capture_pair.tcl} -notrace
