#-----------------------------------------------------------
# Vivado v2024.1 (64-bit)
# SW Build 5076996 on Wed May 22 18:37:14 MDT 2024
# IP Build 5075265 on Wed May 22 21:45:21 MDT 2024
# SharedData Build 5076995 on Wed May 22 18:29:18 MDT 2024
# Start of session at: Wed Sep  9 17:22:30 2026
# Process ID: 23388
# Current directory: <EXTERNAL_BOARD>/sample_source_removal
# Command line: vivado.exe -mode batch -notrace -source <EXTERNAL_SESSION>\host\stage2_board_capture_pair.tcl -log <EXTERNAL_BOARD>\sample_source_removal\vivado.log -journal <EXTERNAL_BOARD>\sample_source_removal\vivado.jou -tclargs <EXTERNAL_SESSION>\artifacts\protection_system.bit <EXTERNAL_SESSION>\artifacts\protection_system.ltx <EXTERNAL_BOARD>\sample_source_removal source_trigger_now destination_trigger_now CSIP-SC-V2-BOARD-002
# Log file: <EXTERNAL_BOARD>/sample_source_removal/vivado.log
# Journal file: <EXTERNAL_BOARD>\sample_source_removal\vivado.jou
# Running On        :illusion
# Platform          :Windows Server 2016 or Windows 10
# Operating System  :26200
# Processor Detail  :AMD Ryzen 9 7945HX with Radeon Graphics        
# CPU Frequency     :2495 MHz
# CPU Physical cores:16
# CPU Logical cores :32
# Host memory       :16844 MB
# Swap memory       :13958 MB
# Total Virtual     :30803 MB
# Available Virtual :10337 MB
#-----------------------------------------------------------
source {<EXTERNAL_SESSION>\host\stage2_board_capture_pair.tcl} -notrace
