Copyright 1986-2022 Xilinx, Inc. All Rights Reserved. Copyright 2022-2024 Advanced Micro Devices, Inc. All Rights Reserved.
---------------------------------------------------------------------------------------------------------------------------------------------
| Tool Version : Vivado v.2024.1 (win64) Build 5076996 Wed May 22 18:37:14 MDT 2024
| Date         : Wed Sep  9 01:53:58 2026
| Host         : illusion running 64-bit major release  (build 9200)
| Command      : report_clocks -file <EXTERNAL_PHYSICAL>/vivado-output/reports/clocks_generated_clocks.rpt
| Design       : protection_system_wrapper
| Device       : 7z020-clg400
| Speed File   : -1  PRODUCTION 1.12 2019-11-22
| Design State : Routed
---------------------------------------------------------------------------------------------------------------------------------------------

Clock Report


Attributes
  P: Propagated
  G: Generated
  A: Auto-derived
  R: Renamed
  V: Virtual
  I: Inverted
  S: Pin phase-shifted with Latency mode

Clock                                                                                       Period(ns)  Waveform(ns)    Attributes  Sources
clk_fpga_0                                                                                  10.000      {0.000 5.000}   P           {protection_system_i/processing_system7_0/inst/PS7_i/FCLKCLK[0]}
clk_fpga_1                                                                                  8.000       {0.000 4.000}   P           {protection_system_i/processing_system7_0/inst/PS7_i/FCLKCLK[1]}
dbg_hub/inst/BSCANID.u_xsdbm_id/SWITCH_N_EXT_BSCAN.bscan_inst/SERIES7_BSCAN.bscan_inst/TCK  33.000      {0.000 16.500}  P           {dbg_hub/inst/BSCANID.u_xsdbm_id/SWITCH_N_EXT_BSCAN.bscan_inst/SERIES7_BSCAN.bscan_inst/TCK}


====================================================
Generated Clocks
====================================================



====================================================
User Uncertainty
====================================================



====================================================
User Jitter
====================================================

Clock       Jitter(ns)
clk_fpga_0  0.300
clk_fpga_1  0.240

