Copyright 1986-2022 Xilinx, Inc. All Rights Reserved. Copyright 2022-2024 Advanced Micro Devices, Inc. All Rights Reserved.
---------------------------------------------------------------------------------------------------------------------------------------------
| Tool Version : Vivado v.2024.1 (win64) Build 5076996 Wed May 22 18:37:14 MDT 2024
| Date         : Wed Sep  9 01:53:58 2026
| Host         : illusion running 64-bit major release  (build 9200)
| Command      : report_clock_interaction -file <EXTERNAL_PHYSICAL>/vivado-output/reports/clock_interaction.rpt
| Design       : protection_system_wrapper
| Device       : 7z020-clg400
| Speed File   : -1  PRODUCTION 1.12 2019-11-22
| Design State : Routed
---------------------------------------------------------------------------------------------------------------------------------------------

Clock Interaction Report

Clock Interaction Table
-----------------------

                                                                                                                                                                                        WNS                            TNS Failing  TNS Total    WNS Path         Clock-Pair           Inter-Clock              
From Clock                                                                                  To Clock                                                                                    Clock Edges  WNS(ns)  TNS(ns)    Endpoints    Endpoints  Requirement(ns)  Classification       Constraints              
------------------------------------------------------------------------------------------  ------------------------------------------------------------------------------------------  -----------  -------  -------  -----------  -----------  ---------------  -------------------  -----------------------  
clk_fpga_0                                                                                  clk_fpga_0                                                                                  rise - rise     1.28     0.00            0         7155            10.00  Clean                Partial False Path       
clk_fpga_0                                                                                  clk_fpga_1                                                                                  rise - rise     6.20     0.00            0           59             8.00  Ignored              Max Delay Datapath Only  
clk_fpga_1                                                                                  clk_fpga_0                                                                                  rise - rise     4.47     0.00            0          415             8.00  Ignored              Max Delay Datapath Only  
clk_fpga_1                                                                                  clk_fpga_1                                                                                  rise - rise     0.90     0.00            0        10171             8.00  Clean                Partial False Path       
clk_fpga_1                                                                                  dbg_hub/inst/BSCANID.u_xsdbm_id/SWITCH_N_EXT_BSCAN.bscan_inst/SERIES7_BSCAN.bscan_inst/TCK  rise - rise     6.55     0.00            0          103             8.00  Ignored              Max Delay Datapath Only  
dbg_hub/inst/BSCANID.u_xsdbm_id/SWITCH_N_EXT_BSCAN.bscan_inst/SERIES7_BSCAN.bscan_inst/TCK  clk_fpga_1                                                                                  rise - rise    31.39     0.00            0           87            33.00  Ignored              Max Delay Datapath Only  
dbg_hub/inst/BSCANID.u_xsdbm_id/SWITCH_N_EXT_BSCAN.bscan_inst/SERIES7_BSCAN.bscan_inst/TCK  dbg_hub/inst/BSCANID.u_xsdbm_id/SWITCH_N_EXT_BSCAN.bscan_inst/SERIES7_BSCAN.bscan_inst/TCK  rise - rise    26.50     0.00            0         1033            33.00  Clean                Timed                    


