Copyright 1986-2022 Xilinx, Inc. All Rights Reserved. Copyright 2022-2024 Advanced Micro Devices, Inc. All Rights Reserved.
---------------------------------------------------------------------------------------------------------------------------------------------
| Tool Version : Vivado v.2024.1 (win64) Build 5076996 Wed May 22 18:37:14 MDT 2024
| Date         : Wed Sep  9 01:54:02 2026
| Host         : illusion running 64-bit major release  (build 9200)
| Command      : report_utilization -file <EXTERNAL_PHYSICAL>/vivado-output/reports/utilization.rpt
| Design       : protection_system_wrapper
| Device       : xc7z020clg400-1
| Speed File   : -1
| Design State : Routed
---------------------------------------------------------------------------------------------------------------------------------------------

Utilization Design Information

Table of Contents
-----------------
1. Slice Logic
1.1 Summary of Registers by Type
2. Slice Logic Distribution
3. Memory
4. DSP
5. IO and GT Specific
6. Clocking
7. Specific Feature
8. Primitives
9. Black Boxes
10. Instantiated Netlists

1. Slice Logic
--------------

+----------------------------+------+-------+------------+-----------+-------+
|          Site Type         | Used | Fixed | Prohibited | Available | Util% |
+----------------------------+------+-------+------------+-----------+-------+
| Slice LUTs                 | 6083 |     0 |          0 |     53200 | 11.43 |
|   LUT as Logic             | 5643 |     0 |          0 |     53200 | 10.61 |
|   LUT as Memory            |  440 |     0 |          0 |     17400 |  2.53 |
|     LUT as Distributed RAM |   24 |     0 |            |           |       |
|     LUT as Shift Register  |  416 |     0 |            |           |       |
| Slice Registers            | 8811 |     0 |          0 |    106400 |  8.28 |
|   Register as Flip Flop    | 8811 |     0 |          0 |    106400 |  8.28 |
|   Register as Latch        |    0 |     0 |          0 |    106400 |  0.00 |
| F7 Muxes                   |  196 |     0 |          0 |     26600 |  0.74 |
| F8 Muxes                   |    6 |     0 |          0 |     13300 |  0.05 |
+----------------------------+------+-------+------------+-----------+-------+
* Warning! LUT value is adjusted to account for LUT combining.


1.1 Summary of Registers by Type
--------------------------------

+-------+--------------+-------------+--------------+
| Total | Clock Enable | Synchronous | Asynchronous |
+-------+--------------+-------------+--------------+
| 0     |            _ |           - |            - |
| 0     |            _ |           - |          Set |
| 0     |            _ |           - |        Reset |
| 0     |            _ |         Set |            - |
| 0     |            _ |       Reset |            - |
| 0     |          Yes |           - |            - |
| 74    |          Yes |           - |          Set |
| 2417  |          Yes |           - |        Reset |
| 99    |          Yes |         Set |            - |
| 6221  |          Yes |       Reset |            - |
+-------+--------------+-------------+--------------+


2. Slice Logic Distribution
---------------------------

+--------------------------------------------+------+-------+------------+-----------+-------+
|                  Site Type                 | Used | Fixed | Prohibited | Available | Util% |
+--------------------------------------------+------+-------+------------+-----------+-------+
| Slice                                      | 3048 |     0 |          0 |     13300 | 22.92 |
|   SLICEL                                   | 2118 |     0 |            |           |       |
|   SLICEM                                   |  930 |     0 |            |           |       |
| LUT as Logic                               | 5643 |     0 |          0 |     53200 | 10.61 |
|   using O5 output only                     |    0 |       |            |           |       |
|   using O6 output only                     | 4322 |       |            |           |       |
|   using O5 and O6                          | 1321 |       |            |           |       |
| LUT as Memory                              |  440 |     0 |          0 |     17400 |  2.53 |
|   LUT as Distributed RAM                   |   24 |     0 |            |           |       |
|     using O5 output only                   |    0 |       |            |           |       |
|     using O6 output only                   |    0 |       |            |           |       |
|     using O5 and O6                        |   24 |       |            |           |       |
|   LUT as Shift Register                    |  416 |     0 |            |           |       |
|     using O5 output only                   |    6 |       |            |           |       |
|     using O6 output only                   |   90 |       |            |           |       |
|     using O5 and O6                        |  320 |       |            |           |       |
| Slice Registers                            | 8811 |     0 |          0 |    106400 |  8.28 |
|   Register driven from within the Slice    | 4067 |       |            |           |       |
|   Register driven from outside the Slice   | 4744 |       |            |           |       |
|     LUT in front of the register is unused | 3758 |       |            |           |       |
|     LUT in front of the register is used   |  986 |       |            |           |       |
| Unique Control Sets                        |  366 |       |          0 |     13300 |  2.75 |
+--------------------------------------------+------+-------+------------+-----------+-------+
* * Note: Available Control Sets calculated as Slice * 1, Review the Control Sets Report for more information regarding control sets.


3. Memory
---------

+-------------------+------+-------+------------+-----------+-------+
|     Site Type     | Used | Fixed | Prohibited | Available | Util% |
+-------------------+------+-------+------------+-----------+-------+
| Block RAM Tile    |   20 |     0 |          0 |       140 | 14.29 |
|   RAMB36/FIFO*    |   19 |     0 |          0 |       140 | 13.57 |
|     RAMB36E1 only |   19 |       |            |           |       |
|   RAMB18          |    2 |     0 |          0 |       280 |  0.71 |
|     RAMB18E1 only |    2 |       |            |           |       |
+-------------------+------+-------+------------+-----------+-------+
* Note: Each Block RAM Tile only has one FIFO logic available and therefore can accommodate only one FIFO36E1 or one FIFO18E1. However, if a FIFO18E1 occupies a Block RAM Tile, that tile can still accommodate a RAMB18E1


4. DSP
------

+-----------+------+-------+------------+-----------+-------+
| Site Type | Used | Fixed | Prohibited | Available | Util% |
+-----------+------+-------+------------+-----------+-------+
| DSPs      |    0 |     0 |          0 |       220 |  0.00 |
+-----------+------+-------+------------+-----------+-------+


5. IO and GT Specific
---------------------

+-----------------------------+------+-------+------------+-----------+--------+
|          Site Type          | Used | Fixed | Prohibited | Available |  Util% |
+-----------------------------+------+-------+------------+-----------+--------+
| Bonded IOB                  |    0 |     0 |          0 |       125 |   0.00 |
| Bonded IPADs                |    0 |     0 |          0 |         2 |   0.00 |
| Bonded IOPADs               |  130 |   130 |          0 |       130 | 100.00 |
| PHY_CONTROL                 |    0 |     0 |          0 |         4 |   0.00 |
| PHASER_REF                  |    0 |     0 |          0 |         4 |   0.00 |
| OUT_FIFO                    |    0 |     0 |          0 |        16 |   0.00 |
| IN_FIFO                     |    0 |     0 |          0 |        16 |   0.00 |
| IDELAYCTRL                  |    0 |     0 |          0 |         4 |   0.00 |
| IBUFDS                      |    0 |     0 |          0 |       121 |   0.00 |
| PHASER_OUT/PHASER_OUT_PHY   |    0 |     0 |          0 |        16 |   0.00 |
| PHASER_IN/PHASER_IN_PHY     |    0 |     0 |          0 |        16 |   0.00 |
| IDELAYE2/IDELAYE2_FINEDELAY |    0 |     0 |          0 |       200 |   0.00 |
| ILOGIC                      |    0 |     0 |          0 |       125 |   0.00 |
| OLOGIC                      |    0 |     0 |          0 |       125 |   0.00 |
+-----------------------------+------+-------+------------+-----------+--------+


6. Clocking
-----------

+------------+------+-------+------------+-----------+-------+
|  Site Type | Used | Fixed | Prohibited | Available | Util% |
+------------+------+-------+------------+-----------+-------+
| BUFGCTRL   |    3 |     0 |          0 |        32 |  9.38 |
| BUFIO      |    0 |     0 |          0 |        16 |  0.00 |
| MMCME2_ADV |    0 |     0 |          0 |         4 |  0.00 |
| PLLE2_ADV  |    0 |     0 |          0 |         4 |  0.00 |
| BUFMRCE    |    0 |     0 |          0 |         8 |  0.00 |
| BUFHCE     |    0 |     0 |          0 |        72 |  0.00 |
| BUFR       |    0 |     0 |          0 |        16 |  0.00 |
+------------+------+-------+------------+-----------+-------+


7. Specific Feature
-------------------

+-------------+------+-------+------------+-----------+-------+
|  Site Type  | Used | Fixed | Prohibited | Available | Util% |
+-------------+------+-------+------------+-----------+-------+
| BSCANE2     |    1 |     0 |          0 |         4 | 25.00 |
| CAPTUREE2   |    0 |     0 |          0 |         1 |  0.00 |
| DNA_PORT    |    0 |     0 |          0 |         1 |  0.00 |
| EFUSE_USR   |    0 |     0 |          0 |         1 |  0.00 |
| FRAME_ECCE2 |    0 |     0 |          0 |         1 |  0.00 |
| ICAPE2      |    0 |     0 |          0 |         2 |  0.00 |
| STARTUPE2   |    0 |     0 |          0 |         1 |  0.00 |
| XADC        |    0 |     0 |          0 |         1 |  0.00 |
+-------------+------+-------+------------+-----------+-------+


8. Primitives
-------------

+----------+------+----------------------+
| Ref Name | Used |  Functional Category |
+----------+------+----------------------+
| FDRE     | 6221 |         Flop & Latch |
| LUT6     | 2553 |                  LUT |
| FDCE     | 2417 |         Flop & Latch |
| LUT4     | 1309 |                  LUT |
| LUT5     |  977 |                  LUT |
| LUT3     |  958 |                  LUT |
| LUT2     |  951 |                  LUT |
| SRL16E   |  420 |   Distributed Memory |
| CARRY4   |  385 |           CarryLogic |
| SRLC32E  |  312 |   Distributed Memory |
| LUT1     |  216 |                  LUT |
| MUXF7    |  196 |                MuxFx |
| BIBUF    |  130 |                   IO |
| FDSE     |   99 |         Flop & Latch |
| FDPE     |   74 |         Flop & Latch |
| RAMD32   |   36 |   Distributed Memory |
| RAMB36E1 |   19 |         Block Memory |
| RAMS32   |   12 |   Distributed Memory |
| MUXF8    |    6 |                MuxFx |
| SRLC16E  |    4 |   Distributed Memory |
| BUFG     |    3 |                Clock |
| RAMB18E1 |    2 |         Block Memory |
| PS7      |    1 | Specialized Resource |
| BSCANE2  |    1 |               Others |
+----------+------+----------------------+


9. Black Boxes
--------------

+-------------------------------------------------------------------------+------+
|                                 Ref Name                                | Used |
+-------------------------------------------------------------------------+------+
| protection_system_protection_ip_axi_lite_0_0_adc_sample_code_normalizer |    1 |
+-------------------------------------------------------------------------+------+


10. Instantiated Netlists
-------------------------

+-------------------------------------------------------+------+
|                        Ref Name                       | Used |
+-------------------------------------------------------+------+
| protection_system_system_ila_stage2i_b2_source_0_0    |    1 |
| protection_system_system_ila_stage2b_0_0              |    1 |
| protection_system_stage2i_b2_ready_aware_stimulus_0_0 |    1 |
| protection_system_smartconnect_0_0                    |    1 |
| protection_system_protection_ip_axi_lite_0_0          |    1 |
| protection_system_processing_system7_0_0              |    1 |
| protection_system_proc_sys_reset_stage2i_b2_src_0     |    1 |
| protection_system_proc_sys_reset_0_0                  |    1 |
| protection_system_axi_gpio_stage1d_0_0                |    1 |
| dbg_hub                                               |    1 |
+-------------------------------------------------------+------+


