Vivado Simulator v2024.1
Copyright 1986-2022 Xilinx, Inc. All Rights Reserved.
Copyright 2022-2024 Advanced Micro Devices, Inc. All Rights Reserved.
Running: <EXTERNAL_PATH> work.tb_stage2g_core_directed -s core_directed_snapshot --timescale 1ns/1ps --log <EXTERNAL_VERIFICATION>\digital\xsim\core_directed\xelab.log 
Multi-threading is on. Using 30 slave threads.
Starting static elaboration
Pass Through NonSizing Optimizer
WARNING: [VRFC 10-3645] port 'post_clear_recovery_pending' remains unconnected for this instance [<EXTERNAL_SOURCE>/tb/stage2g/tb_stage2g_core_directed.sv:62]
Completed static elaboration
Starting simulation data flow analysis
Completed simulation data flow analysis
Time Resolution for simulation is 1ps
Compiling module work.current_compare_dual
Compiling module work.sensor_health_monitor(CNT_WIDTH=...
Compiling module work.stage2g_fault_evaluation_pipelin...
Compiling module work.stage2g_fault_episode_controller...
Compiling module work.pwm_gen(CNT_WIDTH=8)
Compiling module work.pwm_gate
Compiling module work.stage2g_protection_core(CNT_WIDT...
Compiling module work.tb_stage2g_core_directed
Built simulation snapshot core_directed_snapshot
