WARNING: Default location for XILINX_HLS not found: 

****** Vivado v2024.1 (64-bit)
  **** SW Build 5076996 on Wed May 22 18:37:14 MDT 2024
  **** IP Build 5075265 on Wed May 22 21:45:21 MDT 2024
  **** SharedData Build 5076995 on Wed May 22 18:29:18 MDT 2024
  **** Start of session at: Thu Sep 10 11:14:32 2026
    ** Copyright 1986-2022 Xilinx, Inc. All Rights Reserved.
    ** Copyright 2022-2024 Advanced Micro Devices, Inc. All Rights Reserved.

source {<EXTERNAL_SOURCE>\tools\board_validation\stage2_drc_routed_audit.tcl} -notrace
Command: open_checkpoint {<EXTERNAL_BUILD>\w\project\s1e_00879719d793.runs\impl_1\protection_system_wrapper_routed.dcp}

Starting open_checkpoint Task

Time (s): cpu = 00:00:00 ; elapsed = 00:00:00.031 . Memory (MB): peak = 392.828 ; gain = 4.293
INFO: [Device 21-403] Loading part xc7z020clg400-1
INFO: [Device 21-9227] Part: xc7z020clg400-1 does not have CEAM library.
Netlist sorting complete. Time (s): cpu = 00:00:01 ; elapsed = 00:00:00.181 . Memory (MB): peak = 1072.828 ; gain = 0.000
INFO: [Netlist 29-17] Analyzing 850 Unisim elements for replacement
INFO: [Netlist 29-28] Unisim Transformation completed in 1 CPU seconds
INFO: [Project 1-479] Netlist was created with Vivado 2024.1
INFO: [Project 1-570] Preparing netlist for logic optimization
Read ShapeDB Complete: Time (s): cpu = 00:00:00 ; elapsed = 00:00:00.035 . Memory (MB): peak = 1210.621 ; gain = 2.246
INFO: [Timing 38-478] Restoring timing data from binary archive.
INFO: [Timing 38-479] Binary timing data restore complete.
INFO: [Project 1-856] Restoring constraints from binary archive.
INFO: [Project 1-853] Binary constraint restore complete.
INFO: [Designutils 20-5722] Start Reading Physical Databases.
Reading placement.
Read Netlist Cache: Time (s): cpu = 00:00:00 ; elapsed = 00:00:00.010 . Memory (MB): peak = 1830.691 ; gain = 0.000
Reading placer database...
Read Device Cache: Time (s): cpu = 00:00:00 ; elapsed = 00:00:00.011 . Memory (MB): peak = 1830.691 ; gain = 0.000
Read PlaceDB: Time (s): cpu = 00:00:00 ; elapsed = 00:00:00.430 . Memory (MB): peak = 1832.992 ; gain = 2.301
Read PulsedLatchDB: Time (s): cpu = 00:00:00 ; elapsed = 00:00:00 . Memory (MB): peak = 1832.992 ; gain = 0.000
Reading routing.
Read RouteStorage: Time (s): cpu = 00:00:00 ; elapsed = 00:00:00.101 . Memory (MB): peak = 1840.199 ; gain = 7.207
Read Physdb Files: Time (s): cpu = 00:00:00 ; elapsed = 00:00:00.565 . Memory (MB): peak = 1840.199 ; gain = 9.508
Restored from archive | CPU: 0.000000 secs | Memory: 0.000000 MB |
Finished XDEF File Restore: Time (s): cpu = 00:00:00 ; elapsed = 00:00:00.604 . Memory (MB): peak = 1840.199 ; gain = 9.508
Netlist sorting complete. Time (s): cpu = 00:00:00 ; elapsed = 00:00:00.005 . Memory (MB): peak = 1840.199 ; gain = 0.000
INFO: [Project 1-111] Unisim Transformation Summary:
  A total of 242 instances were transformed.
  CFGLUT5 => CFGLUT5 (SRL16E, SRLC32E): 236 instances
  RAM32M => RAM32M (RAMD32(x6), RAMS32(x2)): 6 instances

INFO: [Project 1-604] Checkpoint was created with Vivado v2024.1 (64-bit) build 5076996
open_checkpoint: Time (s): cpu = 00:00:14 ; elapsed = 00:00:16 . Memory (MB): peak = 1844.848 ; gain = 1468.434
Command: report_drc -name csip_drc -file <EXTERNAL_BUILD>/drc-routed-audit-2/drc.rpt
WARNING: [Vivado_Tcl 2-1291] -name option used when not in GUI mode. A DRC tab will not be created, but the results will be stored for use with 'get_drc_violations -name csip_drc'
INFO: [IP_Flow 19-234] Refreshing IP repositories
INFO: [IP_Flow 19-1704] No user IP repositories specified
INFO: [IP_Flow 19-2313] Loaded Vivado IP repository '<EXTERNAL_PATH>'.
INFO: [DRC 23-27] Running DRC with 2 threads
INFO: [Vivado_Tcl 2-168] The results of DRC are in file <EXTERNAL_BUILD>/drc-routed-audit-2/drc.rpt.
report_drc completed successfully
DRC_OBJECT_EXTRACTION=PASS
INFO: [Common 17-206] Exiting Vivado at Thu Sep 10 11:14:55 2026...
