test_apply_demo_configuration_keeps_pwm_disabled (test_protection_ip_interface.ProtectionIPInterfaceContractTests.test_apply_demo_configuration_keeps_pwm_disabled) ... ok
test_enable_only_after_successful_recovery (test_protection_ip_interface.ProtectionIPInterfaceContractTests.test_enable_only_after_successful_recovery) ... ok
test_explicit_discovery_and_higher_minor_known_prefix (test_protection_ip_interface.ProtectionIPInterfaceContractTests.test_explicit_discovery_and_higher_minor_known_prefix) ... ok
test_failure_ends_with_pwm_disabled (test_protection_ip_interface.ProtectionIPInterfaceContractTests.test_failure_ends_with_pwm_disabled) ... ok
test_fault_bitmap_forward_compatibility_and_width_boundary (test_protection_ip_interface.ProtectionIPInterfaceContractTests.test_fault_bitmap_forward_compatibility_and_width_boundary) ... ok
test_incompatible_explicit_version_and_metadata_are_rejected (test_protection_ip_interface.ProtectionIPInterfaceContractTests.test_incompatible_explicit_version_and_metadata_are_rejected) ... ok
test_legacy_stage2e_fallback_is_exact_and_other_features_unknown (test_protection_ip_interface.ProtectionIPInterfaceContractTests.test_legacy_stage2e_fallback_is_exact_and_other_features_unknown) ... ok
test_observability_any_error_is_not_in_w1c_mask (test_protection_ip_interface.ProtectionIPInterfaceContractTests.test_observability_any_error_is_not_in_w1c_mask) ... ok
test_observability_snapshot_reads_complete_map (test_protection_ip_interface.ProtectionIPInterfaceContractTests.test_observability_snapshot_reads_complete_map) ... ok
test_observability_status_clear_is_masked_w1c (test_protection_ip_interface.ProtectionIPInterfaceContractTests.test_observability_status_clear_is_masked_w1c) ... ok
test_persistent_fault_times_out (test_protection_ip_interface.ProtectionIPInterfaceContractTests.test_persistent_fault_times_out) ... ok
test_policy_evaluation_identity_is_diagnostic_only (test_protection_ip_interface.ProtectionIPInterfaceContractTests.test_policy_evaluation_identity_is_diagnostic_only) ... ok
test_policy_status_decodes_levels_and_rejects_broken_invariants (test_protection_ip_interface.ProtectionIPInterfaceContractTests.test_policy_status_decodes_levels_and_rejects_broken_invariants) ... ok
test_recovery_success_uses_clear_only_sequence (test_protection_ip_interface.ProtectionIPInterfaceContractTests.test_recovery_success_uses_clear_only_sequence) ... ok
test_startup_ready_requires_explicit_capability_and_policy_state (test_protection_ip_interface.ProtectionIPInterfaceContractTests.test_startup_ready_requires_explicit_capability_and_policy_state) ... ok
test_successful_recovery_returns_true (test_protection_ip_interface.ProtectionIPInterfaceContractTests.test_successful_recovery_returns_true) ... ok
test_zero_timeout_does_not_clear (test_protection_ip_interface.ProtectionIPInterfaceContractTests.test_zero_timeout_does_not_clear) ... ok

----------------------------------------------------------------------
Ran 17 tests in 0.002s

OK
