Copyright 1986-2022 Xilinx, Inc. All Rights Reserved. Copyright 2022-2024 Advanced Micro Devices, Inc. All Rights Reserved.
---------------------------------------------------------------------------------------------------------------------------------------------
| Tool Version : Vivado v.2024.1 (win64) Build 5076996 Wed May 22 18:37:14 MDT 2024
| Date         : Wed Sep  9 17:17:50 2026
| Host         : illusion running 64-bit major release  (build 9200)
| Command      : report_exceptions -file <EXTERNAL_BUILD>/v/reports/timing_exception_source.rpt
| Design       : protection_system_wrapper
| Device       : 7z020-clg400
| Speed File   : -1  PRODUCTION 1.12 2019-11-22
| Design State : Routed
---------------------------------------------------------------------------------------------------------------------------------------------

Exceptions Report

Position  From                                                                              Through                                                         To                                                                                Setup           Hold            Status           
--------  --------------------------------------------------------------------------------  --------------------------------------------------------------  --------------------------------------------------------------------------------  --------------  --------------  -----------------
5         *                                                                                 *                                                               [get_pins -hier *cdc_to*/D]                                                       false           false           Invalid endpoint 
6         *                                                                                 *                                                               [get_pins -hier *cdc_to*/D]                                                       false           false           
7         *                                                                                 *                                                               [get_pins -hier *cdc_to*/D]                                                       false           false           Invalid endpoint 
8         [get_pins -filter REF_PIN_NAME=~CLK* -of_objects [get_cells -hierarchical -filte  *                                                               [get_pins -filter REF_PIN_NAME=~D* -of_objects [get_cells -hierarchical -filter   false           false           
          r {NAME =~ "*allx_typeA_match_detection.ltlib_v1_0_2_allx_typeA_inst/DUT/I_WHOLE                                                                  {NAME =~ "*allx_typeA_match_detection.ltlib_v1_0_2_allx_typeA_inst/DUT/I_WHOLE_S                                  
          _SLICE.G_SLICE_IDX[*].U_ALL_SRL_SLICE/u_srl*/S*"}]]                                                                                               LICE.G_SLICE_IDX[*].U_ALL_SRL_SLICE/I_IS_TERMINATION_SLICE_W_OUTPUT_REG.DOUT_O_r                                  
                                                                                                                                                            eg*"}]]                                                                                                           
9         [get_pins -filter REF_PIN_NAME=~CLK* -of_objects [get_cells -hierarchical -filte  *                                                               [get_cells -hierarchical -filter { NAME =~  "*ila_core_inst/u_ila_cap_ctrl/u_cap  false           false           
          r { NAME =~  "*ila_core_inst/u_ila_cap_ctrl/u_cap_addrgen/u_cap_sample_counter/u                                                                  _addrgen/u_cap_sample_counter/u_scnt_cmp_q*" && IS_SEQUENTIAL }]                                                  
          _scnt_cmp/allx_typeA_match_detection.ltlib_v1_0_2_allx_typeA_inst/DUT/I_WHOLE_SL                                                                                                                                                                                    
          ICE.G_SLICE_IDX[*].U_ALL_SRL_SLICE/u_srl*/S*"}]]                                                                                                                                                                                                                    
10        [get_pins -filter REF_PIN_NAME=~CLK* -of_objects [get_cells -hierarchical -filte  *                                                               [get_cells -hierarchical -filter { NAME =~  "*ila_core_inst/u_ila_cap_ctrl/u_cap  false           false           
          r { NAME =~  "*ila_core_inst/u_ila_cap_ctrl/u_cap_addrgen/u_cap_window_counter/u                                                                  _addrgen/u_cap_window_counter/u_wcnt_lcmp_q*" && IS_SEQUENTIAL }]                                                 
          _wcnt_lcmp/allx_typeA_match_detection.ltlib_v1_0_2_allx_typeA_inst/DUT/I_WHOLE_S                                                                                                                                                                                    
          LICE.G_SLICE_IDX[*].U_ALL_SRL_SLICE/u_srl*/S*"}]]                                                                                                                                                                                                                   
11        [get_pins -filter REF_PIN_NAME=~CLK* -of_objects [get_cells -hierarchical -filte  *                                                               [get_cells -hierarchical -filter { NAME =~  "*ila_core_inst/u_ila_cap_ctrl/u_cap  false           false           
          r { NAME =~  "*ila_core_inst/u_ila_cap_ctrl/u_cap_addrgen/u_cap_window_counter/u                                                                  _addrgen/u_cap_window_counter/u_wcnt_hcmp_q*" && IS_SEQUENTIAL }]                                                 
          _wcnt_hcmp/allx_typeA_match_detection.ltlib_v1_0_2_allx_typeA_inst/DUT/I_WHOLE_S                                                                                                                                                                                    
          LICE.G_SLICE_IDX[*].U_ALL_SRL_SLICE/u_srl*/S*"}]]                                                                                                                                                                                                                   
12        [get_cells -hierarchical -filter { NAME =~  "*ila_core_inst/u_ila_reset_ctrl/asy  *                                                               [get_cells -hierarchical -filter { NAME =~  "*ila_core_inst/u_ila_reset_ctrl/asy  false           false           
          ncrounous_transfer*/din_reg_reg*" && IS_SEQUENTIAL }]                                                                                             ncrounous_transfer*/dout_reg0_reg*" && IS_SEQUENTIAL }]                                                           
13        [get_cells -hierarchical -filter { NAME =~  "*ila_core_inst/u_ila_reset_ctrl/asy  *                                                               [get_cells -hierarchical -filter { NAME =~  "*ila_core_inst/u_ila_reset_ctrl/asy  false           false           
          ncrounous_transfer.arm_in_transfer_inst/dout_reg*" && IS_SEQUENTIAL }]                                                                            ncrounous_transfer.arm_in_transfer_inst/temp_reg0_reg*" && IS_SEQUENTIAL }]                                       
14        [get_cells -hierarchical -filter { NAME =~  "*ila_core_inst/u_ila_reset_ctrl/asy  *                                                               [get_cells -hierarchical -filter { NAME =~  "*ila_core_inst/u_ila_reset_ctrl/asy  false           false           
          ncrounous_transfer.halt_in_transfer_inst/dout_reg*" && IS_SEQUENTIAL }]                                                                           ncrounous_transfer.halt_in_transfer_inst/temp_reg0_reg*" && IS_SEQUENTIAL }]                                      
15        [get_cells -hierarchical -filter { NAME =~  "*ila_core_inst/u_ila_reset_ctrl/asy  *                                                               [get_cells -hierarchical -filter { NAME =~  "*ila_core_inst/u_ila_reset_ctrl/asy  false           false           
          ncrounous_transfer.halt_out_transfer_inst/dout_reg*" && IS_SEQUENTIAL }]                                                                          ncrounous_transfer.halt_out_transfer_inst/temp_reg0_reg*" && IS_SEQUENTIAL }]                                     
16        [get_cells -hierarchical -filter { NAME =~  "*ila_core_inst/u_ila_reset_ctrl/asy  *                                                               [get_cells -hierarchical -filter { NAME =~  "*ila_core_inst/u_ila_reset_ctrl/asy  false           false           
          ncrounous_transfer.arm_out_transfer_inst/dout_reg*" && IS_SEQUENTIAL }]                                                                           ncrounous_transfer.arm_out_transfer_inst/temp_reg0_reg*" && IS_SEQUENTIAL }]                                      
22        [get_cells -hierarchical -filter { NAME =~  "*ila_core_inst/u_ila_regs/reg_7/I_E  *                                                               [get_cells -hierarchical -filter { NAME =~ "*ila_core_inst/u_ila_cap_ctrl/u_cap_  false           false           
          N_CTL_EQ1.U_CTL/xsdb_reg_reg*" && IS_SEQUENTIAL }]                                                                                                addrgen/u_cap_window_counter/u_wcnt_hcmp_q*" && IS_SEQUENTIAL }]                                                  
23        [get_cells -hierarchical -filter { NAME =~  "*ila_core_inst/u_ila_regs/reg_7/I_E  *                                                               [get_cells -hierarchical -filter { NAME =~ "*ila_core_inst/u_ila_cap_ctrl/u_cap_  false           false           
          N_CTL_EQ1.U_CTL/xsdb_reg_reg*" && IS_SEQUENTIAL }]                                                                                                addrgen/u_cap_window_counter/u_wcnt_lcmp_q*" && IS_SEQUENTIAL }]                                                  
24        [get_cells -hierarchical -filter { NAME =~  "*ila_core_inst/u_ila_regs/reg_7/I_E  *                                                               [get_cells -hierarchical -filter { NAME =~ "*ila_core_inst/u_ila_cap_ctrl/u_cap_  false           false           
          N_CTL_EQ1.U_CTL/xsdb_reg_reg*" && IS_SEQUENTIAL }]                                                                                                addrgen/u_cap_sample_counter/u_scnt_cmp_q*" && IS_SEQUENTIAL }]                                                   
30        [get_cells -hierarchical -filter { NAME =~  "*ila_core_inst/u_ila_regs/reg_15/I_  *                                                               [get_cells -hierarchical -filter { NAME =~ "*ila_core_inst/use_probe_debug_circu  false           false           
          EN_CTL_EQ1.U_CTL/xsdb_reg_reg*" && IS_SEQUENTIAL }]                                                                                               it_2_reg*" && IS_SEQUENTIAL}]                                                                                     
32        [get_cells -hierarchical -filter { NAME =~  "*ila_core_inst/u_ila_regs/reg_1a/I_  *                                                               [get_cells -hierarchical -filter { NAME =~ "*ila_core_inst/en_adv_trigger_2_reg*  false           false           
          EN_CTL_EQ1.U_CTL/xsdb_reg_reg*" && IS_SEQUENTIAL }]                                                                                               " && IS_SEQUENTIAL}]                                                                                              
33        [get_cells -hierarchical -filter { NAME =~  "*ila_core_inst/u_ila_regs/reg_1a/I_  *                                                               [get_cells -hierarchical -filter { NAME =~ "*ila_core_inst/capture_qual_ctrl_2_r  false           false           
          EN_CTL_EQ1.U_CTL/xsdb_reg_reg*" && IS_SEQUENTIAL }]                                                                                               eg*" && IS_SEQUENTIAL}]                                                                                           
34        [get_cells -hierarchical -filter { NAME =~  "*ila_core_inst/u_ila_regs/reg_strea  *                                                               [get_cells -hierarchical -filter { NAME =~ "*ila_core_inst/debug_data_in_sync1_r  false           false           
          m_ffd/I_EN_CTL_EQ1.U_CTL/xsdb_reg_reg*" && IS_SEQUENTIAL }]                                                                                       eg*" && IS_SEQUENTIAL}]                                                                                           
35        [get_cells -hierarchical -filter { NAME =~  "*ila_core_inst/u_ila_cap_ctrl/u_cap  *                                                               [get_cells -hierarchical -filter { NAME =~ "*ila_core_inst/u_ila_cap_ctrl/u_cap_  false           false           
          _addrgen/*.cfg_data_vec_reg*" && IS_SEQUENTIAL }]                                                                                                 addrgen/cfg_data_vec_sync1_reg*" && IS_SEQUENTIAL}]                                                               
36        [get_cells -hierarchical -filter { NAME =~  "*ila_core_inst/u_ila_regs/s_dclk_fl  *                                                               [get_cells -hierarchical -filter { NAME =~ "*ila_core_inst/u_ila_regs/s_dclk_fla  false           false           
          ag_reg*" && IS_SEQUENTIAL }]                                                                                                                      g_sync1_reg*" && IS_SEQUENTIAL}]                                                                                  
37        [get_cells -hierarchical -filter { NAME =~  "*ila_core_inst/u_ila_regs/ila_clk_f  *                                                               [get_cells -hierarchical -filter { NAME =~ "*ila_core_inst/u_ila_regs/ila_clk_fl  false           false           
          lag_reg*" && IS_SEQUENTIAL }]                                                                                                                     ag_sync1_reg*" && IS_SEQUENTIAL}]                                                                                 
40        [get_pins -filter REF_PIN_NAME=~CLK -of_objects [get_cells -hierarchical -filter  *                                                               [get_pins -filter REF_PIN_NAME=~D -of_objects [get_cells -hierarchical -filter {  false           false           
           {NAME =~ "*allx_typeA_match_detection.ltlib_v1_0_2_allx_typeA_inst/DUT/u_srl_dr                                                                  NAME =~ "*allx_typeA_match_detection.ltlib_v1_0_2_allx_typeA_inst/DUT/I_WHOLE_SL                                  
          ive*"}]]                                                                                                                                          ICE.G_SLICE_IDX[*].U_ALL_SRL_SLICE/I_IS_TERMINATION_SLICE_W_OUTPUT_REG.DOUT_O_re                                  
                                                                                                                                                            g*" && IS_SEQUENTIAL}]]                                                                                           
42        [get_cells -hierarchical -filter { NAME =~  "*ila_core_inst/u_ila_cap_ctrl/u_cap  *                                                               [get_cells -hierarchical -filter { NAME =~  "*ila_core_inst/u_ila_regs/reg*/I_EN  false           false           
          _addrgen/captured_samples*" && IS_SEQUENTIAL }]                                                                                                   _STAT_EQ1.U_STAT/xsdb_reg*" && IS_SEQUENTIAL }]                                                                   
43        [get_cells -hierarchical -filter { NAME =~  "*ila_core_inst/u_ila_cap_ctrl/CAP_D  *                                                               [get_cells -hierarchical -filter { NAME =~  "*ila_core_inst/u_ila_regs/reg*/I_EN  false           false           
          ONE_O*" && IS_SEQUENTIAL }]                                                                                                                       _STAT_EQ1.U_STAT/xsdb_reg*" && IS_SEQUENTIAL }]                                                                   
44        [get_cells -hierarchical -filter { NAME =~  "*ila_core_inst/u_ila_cap_ctrl/CAP_T  *                                                               [get_cells -hierarchical -filter { NAME =~  "*ila_core_inst/u_ila_regs/reg*/I_EN  false           false           
          RIGGER_O*" && IS_SEQUENTIAL }]                                                                                                                    _STAT_EQ1.U_STAT/xsdb_reg*" && IS_SEQUENTIAL }]                                                                   
45        [get_cells -hierarchical -filter { NAME =~  "*ila_core_inst/u_ila_cap_ctrl/U_NS*  *                                                               [get_cells -hierarchical -filter { NAME =~  "*ila_core_inst/u_ila_regs/reg_*/I_E  false           false           
          /I_YESLUT6.I_YES_OREG.O_reg_reg*" && IS_SEQUENTIAL }]                                                                                             N_STAT_EQ1.U_STAT/xsdb_reg_reg[*]*" && IS_SEQUENTIAL }]                                                           
46        [get_pins -filter REF_PIN_NAME=~CLK -of_objects [get_cells -hierarchical -filter  *                                                               [get_cells -hierarchical -filter { NAME =~  "*ila_core_inst/u_ila_cap_ctrl/u_cap  false           false           
           { NAME =~  "*ila_core_inst/u_ila_cap_ctrl/u_cap_addrgen/u_cap_sample_counter/U_                                                                  _addrgen/u_cap_sample_counter/u_scnt_cmp_q*" && IS_SEQUENTIAL }]                                                  
          SCMPCE/I_YESLUT6.U_SRL32*"}]]                                                                                                                                                                                                                                       
47        [get_pins -filter REF_PIN_NAME=~CLK -of_objects [get_cells -hierarchical -filter  *                                                               [get_cells -hierarchical -filter { NAME =~  "*ila_core_inst/u_ila_cap_ctrl/u_cap  false           false           
           { NAME =~  "*ila_core_inst/u_ila_cap_ctrl/u_cap_addrgen/u_cap_sample_counter/u_                                                                  _addrgen/u_cap_sample_counter/u_scnt_cmp_q*" && IS_SEQUENTIAL }]                                                  
          scnt_cmp/allx_typeA_match_detection.ltlib_v1_0_2_allx_typeA_inst/DUT/u_srl_drive                                                                                                                                                                                    
          *"}]]                                                                                                                                                                                                                                                               
48        [get_pins -filter REF_PIN_NAME=~CLK -of_objects [get_cells -hierarchical -filter  *                                                               [get_cells -hierarchical -filter { NAME =~  "*ila_core_inst/u_ila_cap_ctrl/u_cap  false           false           
           { NAME =~  "*ila_core_inst/u_ila_cap_ctrl/u_cap_addrgen/U_CMPRESET/I_YESLUT6.U_                                                                  _addrgen/u_cap_sample_counter/u_scnt_cmp_q*" && IS_SEQUENTIAL }]                                                  
          SRL32_*" }]]                                                                                                                                                                                                                                                        
50        [get_pins -filter REF_PIN_NAME=~CLK -of_objects [get_cells -hierarchical -filter  *                                                               [get_cells -hierarchical -filter { NAME =~  "*ila_core_inst/u_ila_cap_ctrl/u_cap  false           false           
           { NAME =~  "*ila_core_inst/u_ila_cap_ctrl/u_cap_addrgen/u_cap_window_counter/u_                                                                  _addrgen/u_cap_window_counter/u_wcnt_lcmp_q*" && IS_SEQUENTIAL }]                                                 
          wcnt_lcmp/allx_typeA_match_detection.ltlib_v1_0_2_allx_typeA_inst/DUT/u_srl_driv                                                                                                                                                                                    
          e*"}]]                                                                                                                                                                                                                                                              
51        [get_pins -filter REF_PIN_NAME=~CLK -of_objects [get_cells -hierarchical -filter  *                                                               [get_cells -hierarchical -filter { NAME =~  "*ila_core_inst/u_ila_cap_ctrl/u_cap  false           false           
           { NAME =~  "*ila_core_inst/u_ila_cap_ctrl/u_cap_addrgen/u_cap_window_counter/u_                                                                  _addrgen/u_cap_window_counter/u_wcnt_hcmp_q*" && IS_SEQUENTIAL }]                                                 
          wcnt_hcmp/allx_typeA_match_detection.ltlib_v1_0_2_allx_typeA_inst/DUT/u_srl_driv                                                                                                                                                                                    
          e*"}]]                                                                                                                                                                                                                                                              
52        [get_pins -filter REF_PIN_NAME=~CLK -of_objects [get_cells -hierarchical -filter  *                                                               [get_cells -hierarchical -filter { NAME =~  "*ila_core_inst/u_ila_cap_ctrl/u_cap  false           false           
           { NAME =~  "*ila_core_inst/u_ila_cap_ctrl/u_cap_addrgen/u_cap_window_counter/U_                                                                  _addrgen/u_cap_window_counter/u_wcnt_hcmp_q*" && IS_SEQUENTIAL }]                                                 
          WHCMPCE/I_YESLUT6.U_SRL32*"}]]                                                                                                                                                                                                                                      
53        [get_pins -filter REF_PIN_NAME=~CLK -of_objects [get_cells -hierarchical -filter  *                                                               [get_cells -hierarchical -filter { NAME =~  "*ila_core_inst/u_ila_cap_ctrl/u_cap  false           false           
           { NAME =~  "*ila_core_inst/u_ila_cap_ctrl/u_cap_addrgen/u_cap_window_counter/U_                                                                  _addrgen/u_cap_window_counter/u_wcnt_lcmp_q*" && IS_SEQUENTIAL }]                                                 
          WLCMPCE/I_YESLUT6.U_SRL32*"}]]                                                                                                                                                                                                                                      
54        [get_pins -filter REF_PIN_NAME=~CLK -of_objects [get_cells -hierarchical -filter  *                                                               [get_cells -hierarchical -filter { NAME =~  "*ila_core_inst/u_ila_cap_ctrl/u_cap  false           false           
           { NAME =~  "*ila_core_inst/u_ila_cap_ctrl/u_cap_addrgen/U_CMPRESET/I_YESLUT6.U_                                                                  _addrgen/u_cap_window_counter/u_wcnt_lcmp_q*" && IS_SEQUENTIAL }]                                                 
          SRL32_*" }]]                                                                                                                                                                                                                                                        
55        [get_pins -filter REF_PIN_NAME=~CLK -of_objects [get_cells -hierarchical -filter  *                                                               [get_cells -hierarchical -filter { NAME =~  "*ila_core_inst/u_ila_cap_ctrl/u_cap  false           false           
           { NAME =~  "*ila_core_inst/u_ila_cap_ctrl/u_cap_addrgen/U_CMPRESET/I_YESLUT6.U_                                                                  _addrgen/u_cap_window_counter/u_wcnt_hcmp_q*" && IS_SEQUENTIAL }]                                                 
          SRL32_*" }]]                                                                                                                                                                                                                                                        
56        [get_pins -filter REF_PIN_NAME=~CLK -of_objects [get_cells -hierarchical -filter  *                                                               [get_cells -hierarchical -filter { NAME =~ "*ila_core_inst/u_ila_cap_ctrl/u_cap_  false           false           
           { NAME =~  "*ila_core_inst/u_ila_cap_ctrl/u_cap_addrgen/u_cap_sample_counter/U_                                                                  addrgen/u_cap_sample_counter/iscnt_reg*" && IS_SEQUENTIAL }]                                                      
          SCE/I_YESLUT6.U_SRLC16E*" }]]                                                                                                                                                                                                                                       
57        [get_pins -filter REF_PIN_NAME=~CLK -of_objects [get_cells -hierarchical -filter  *                                                               [get_cells -hierarchical -filter { NAME =~ "*ila_core_inst/u_ila_cap_ctrl/u_cap_  false           false           
           { NAME =~  "*ila_core_inst/u_ila_cap_ctrl/u_cap_addrgen/u_cap_sample_counter/U_                                                                  addrgen/icap_wr_en_reg*" && IS_SEQUENTIAL }]                                                                      
          SCE/I_YESLUT6.U_SRLC16E*" }]]                                                                                                                                                                                                                                       
58        [get_pins -filter REF_PIN_NAME=~CLK -of_objects [get_cells -hierarchical -filter  *                                                               [get_cells -hierarchical -filter { NAME =~ "*ila_core_inst/u_ila_cap_ctrl/u_cap_  false           false           
           { NAME =~  "*ila_core_inst/u_ila_cap_ctrl/u_cap_addrgen/u_cap_sample_counter/U_                                                                  addrgen/u_cap_sample_counter/iscnt_reg*" && IS_SEQUENTIAL }]                                                      
          SCRST/I_YESLUT6.U_SRL32_*" }]]                                                                                                                                                                                                                                      
59        [get_pins -filter REF_PIN_NAME=~CLK -of_objects [get_cells -hierarchical -filter  *                                                               [get_cells -hierarchical -filter { NAME =~ "*ila_core_inst/u_ila_cap_ctrl/u_cap_  false           false           
           { NAME =~  "*ila_core_inst/u_ila_cap_ctrl/u_cap_addrgen/u_cap_window_counter/U_                                                                  addrgen/u_cap_window_counter/iwcnt_reg*" && IS_SEQUENTIAL }]                                                      
          WCE/I_YESLUT6.U_SRLC16E*" }]]                                                                                                                                                                                                                                       
60        [get_pins -filter REF_PIN_NAME=~CLK -of_objects [get_cells -hierarchical -filter  *                                                               [get_cells -hierarchical -filter { NAME =~ "*ila_core_inst/u_ila_cap_ctrl/U_CDON  false           false           
           { NAME =~  "*ila_core_inst/u_ila_cap_ctrl/U_CDONE/I_YESLUT6.U_SRL32_*" }]]                                                                       E/I_YESLUT6.I_YES_OREG.O_reg*" && IS_SEQUENTIAL}]                                                                 
61        [get_pins -filter REF_PIN_NAME=~CLK -of_objects [get_cells -hierarchical -filter  *                                                               [get_cells -hierarchical -filter { NAME =~ "*ila_core_inst/u_ila_cap_ctrl/U_NS0/  false           false           
           { NAME =~  "*ila_core_inst/u_ila_cap_ctrl/U_NS0/I_YESLUT6.U_SRL32_*" }]]                                                                         I_YESLUT6.I_YES_OREG.O_reg*" && IS_SEQUENTIAL}]                                                                   
62        [get_pins -filter REF_PIN_NAME=~CLK -of_objects [get_cells -hierarchical -filter  *                                                               [get_cells -hierarchical -filter { NAME =~ "*ila_core_inst/u_ila_cap_ctrl/U_NS1/  false           false           
           { NAME =~  "*ila_core_inst/u_ila_cap_ctrl/U_NS1/I_YESLUT6.U_SRL32_*" }]]                                                                         I_YESLUT6.I_YES_OREG.O_reg*" && IS_SEQUENTIAL}]                                                                   
63        *                                                                                 *                                                               [get_pins -hier *cdc_to*/D]                                                       false           false           Invalid endpoint 
64        [get_pins -filter REF_PIN_NAME=~CLK* -of_objects [get_cells -hierarchical -filte  *                                                               [get_pins -filter REF_PIN_NAME=~D* -of_objects [get_cells -hierarchical -filter   false           false           
          r {NAME =~ "*allx_typeA_match_detection.ltlib_v1_0_2_allx_typeA_inst/DUT/I_WHOLE                                                                  {NAME =~ "*allx_typeA_match_detection.ltlib_v1_0_2_allx_typeA_inst/DUT/I_WHOLE_S                                  
          _SLICE.G_SLICE_IDX[*].U_ALL_SRL_SLICE/u_srl*/S*"}]]                                                                                               LICE.G_SLICE_IDX[*].U_ALL_SRL_SLICE/I_IS_TERMINATION_SLICE_W_OUTPUT_REG.DOUT_O_r                                  
                                                                                                                                                            eg*"}]]                                                                                                           
65        [get_pins -filter REF_PIN_NAME=~CLK* -of_objects [get_cells -hierarchical -filte  *                                                               [get_cells -hierarchical -filter { NAME =~  "*ila_core_inst/u_ila_cap_ctrl/u_cap  false           false           
          r { NAME =~  "*ila_core_inst/u_ila_cap_ctrl/u_cap_addrgen/u_cap_sample_counter/u                                                                  _addrgen/u_cap_sample_counter/u_scnt_cmp_q*" && IS_SEQUENTIAL }]                                                  
          _scnt_cmp/allx_typeA_match_detection.ltlib_v1_0_2_allx_typeA_inst/DUT/I_WHOLE_SL                                                                                                                                                                                    
          ICE.G_SLICE_IDX[*].U_ALL_SRL_SLICE/u_srl*/S*"}]]                                                                                                                                                                                                                    
66        [get_pins -filter REF_PIN_NAME=~CLK* -of_objects [get_cells -hierarchical -filte  *                                                               [get_cells -hierarchical -filter { NAME =~  "*ila_core_inst/u_ila_cap_ctrl/u_cap  false           false           
          r { NAME =~  "*ila_core_inst/u_ila_cap_ctrl/u_cap_addrgen/u_cap_window_counter/u                                                                  _addrgen/u_cap_window_counter/u_wcnt_lcmp_q*" && IS_SEQUENTIAL }]                                                 
          _wcnt_lcmp/allx_typeA_match_detection.ltlib_v1_0_2_allx_typeA_inst/DUT/I_WHOLE_S                                                                                                                                                                                    
          LICE.G_SLICE_IDX[*].U_ALL_SRL_SLICE/u_srl*/S*"}]]                                                                                                                                                                                                                   
67        [get_pins -filter REF_PIN_NAME=~CLK* -of_objects [get_cells -hierarchical -filte  *                                                               [get_cells -hierarchical -filter { NAME =~  "*ila_core_inst/u_ila_cap_ctrl/u_cap  false           false           
          r { NAME =~  "*ila_core_inst/u_ila_cap_ctrl/u_cap_addrgen/u_cap_window_counter/u                                                                  _addrgen/u_cap_window_counter/u_wcnt_hcmp_q*" && IS_SEQUENTIAL }]                                                 
          _wcnt_hcmp/allx_typeA_match_detection.ltlib_v1_0_2_allx_typeA_inst/DUT/I_WHOLE_S                                                                                                                                                                                    
          LICE.G_SLICE_IDX[*].U_ALL_SRL_SLICE/u_srl*/S*"}]]                                                                                                                                                                                                                   
68        [get_cells -hierarchical -filter { NAME =~  "*ila_core_inst/u_ila_reset_ctrl/asy  *                                                               [get_cells -hierarchical -filter { NAME =~  "*ila_core_inst/u_ila_reset_ctrl/asy  false           false           
          ncrounous_transfer*/din_reg_reg*" && IS_SEQUENTIAL }]                                                                                             ncrounous_transfer*/dout_reg0_reg*" && IS_SEQUENTIAL }]                                                           
69        [get_cells -hierarchical -filter { NAME =~  "*ila_core_inst/u_ila_reset_ctrl/asy  *                                                               [get_cells -hierarchical -filter { NAME =~  "*ila_core_inst/u_ila_reset_ctrl/asy  false           false           
          ncrounous_transfer.arm_in_transfer_inst/dout_reg*" && IS_SEQUENTIAL }]                                                                            ncrounous_transfer.arm_in_transfer_inst/temp_reg0_reg*" && IS_SEQUENTIAL }]                                       
70        [get_cells -hierarchical -filter { NAME =~  "*ila_core_inst/u_ila_reset_ctrl/asy  *                                                               [get_cells -hierarchical -filter { NAME =~  "*ila_core_inst/u_ila_reset_ctrl/asy  false           false           
          ncrounous_transfer.halt_in_transfer_inst/dout_reg*" && IS_SEQUENTIAL }]                                                                           ncrounous_transfer.halt_in_transfer_inst/temp_reg0_reg*" && IS_SEQUENTIAL }]                                      
71        [get_cells -hierarchical -filter { NAME =~  "*ila_core_inst/u_ila_reset_ctrl/asy  *                                                               [get_cells -hierarchical -filter { NAME =~  "*ila_core_inst/u_ila_reset_ctrl/asy  false           false           
          ncrounous_transfer.halt_out_transfer_inst/dout_reg*" && IS_SEQUENTIAL }]                                                                          ncrounous_transfer.halt_out_transfer_inst/temp_reg0_reg*" && IS_SEQUENTIAL }]                                     
72        [get_cells -hierarchical -filter { NAME =~  "*ila_core_inst/u_ila_reset_ctrl/asy  *                                                               [get_cells -hierarchical -filter { NAME =~  "*ila_core_inst/u_ila_reset_ctrl/asy  false           false           
          ncrounous_transfer.arm_out_transfer_inst/dout_reg*" && IS_SEQUENTIAL }]                                                                           ncrounous_transfer.arm_out_transfer_inst/temp_reg0_reg*" && IS_SEQUENTIAL }]                                      
78        [get_cells -hierarchical -filter { NAME =~  "*ila_core_inst/u_ila_regs/reg_7/I_E  *                                                               [get_cells -hierarchical -filter { NAME =~ "*ila_core_inst/u_ila_cap_ctrl/u_cap_  false           false           
          N_CTL_EQ1.U_CTL/xsdb_reg_reg*" && IS_SEQUENTIAL }]                                                                                                addrgen/u_cap_window_counter/u_wcnt_hcmp_q*" && IS_SEQUENTIAL }]                                                  
79        [get_cells -hierarchical -filter { NAME =~  "*ila_core_inst/u_ila_regs/reg_7/I_E  *                                                               [get_cells -hierarchical -filter { NAME =~ "*ila_core_inst/u_ila_cap_ctrl/u_cap_  false           false           
          N_CTL_EQ1.U_CTL/xsdb_reg_reg*" && IS_SEQUENTIAL }]                                                                                                addrgen/u_cap_window_counter/u_wcnt_lcmp_q*" && IS_SEQUENTIAL }]                                                  
80        [get_cells -hierarchical -filter { NAME =~  "*ila_core_inst/u_ila_regs/reg_7/I_E  *                                                               [get_cells -hierarchical -filter { NAME =~ "*ila_core_inst/u_ila_cap_ctrl/u_cap_  false           false           
          N_CTL_EQ1.U_CTL/xsdb_reg_reg*" && IS_SEQUENTIAL }]                                                                                                addrgen/u_cap_sample_counter/u_scnt_cmp_q*" && IS_SEQUENTIAL }]                                                   
86        [get_cells -hierarchical -filter { NAME =~  "*ila_core_inst/u_ila_regs/reg_15/I_  *                                                               [get_cells -hierarchical -filter { NAME =~ "*ila_core_inst/use_probe_debug_circu  false           false           
          EN_CTL_EQ1.U_CTL/xsdb_reg_reg*" && IS_SEQUENTIAL }]                                                                                               it_2_reg*" && IS_SEQUENTIAL}]                                                                                     
88        [get_cells -hierarchical -filter { NAME =~  "*ila_core_inst/u_ila_regs/reg_1a/I_  *                                                               [get_cells -hierarchical -filter { NAME =~ "*ila_core_inst/en_adv_trigger_2_reg*  false           false           
          EN_CTL_EQ1.U_CTL/xsdb_reg_reg*" && IS_SEQUENTIAL }]                                                                                               " && IS_SEQUENTIAL}]                                                                                              
89        [get_cells -hierarchical -filter { NAME =~  "*ila_core_inst/u_ila_regs/reg_1a/I_  *                                                               [get_cells -hierarchical -filter { NAME =~ "*ila_core_inst/capture_qual_ctrl_2_r  false           false           
          EN_CTL_EQ1.U_CTL/xsdb_reg_reg*" && IS_SEQUENTIAL }]                                                                                               eg*" && IS_SEQUENTIAL}]                                                                                           
90        [get_cells -hierarchical -filter { NAME =~  "*ila_core_inst/u_ila_regs/reg_strea  *                                                               [get_cells -hierarchical -filter { NAME =~ "*ila_core_inst/debug_data_in_sync1_r  false           false           
          m_ffd/I_EN_CTL_EQ1.U_CTL/xsdb_reg_reg*" && IS_SEQUENTIAL }]                                                                                       eg*" && IS_SEQUENTIAL}]                                                                                           
91        [get_cells -hierarchical -filter { NAME =~  "*ila_core_inst/u_ila_cap_ctrl/u_cap  *                                                               [get_cells -hierarchical -filter { NAME =~ "*ila_core_inst/u_ila_cap_ctrl/u_cap_  false           false           
          _addrgen/*.cfg_data_vec_reg*" && IS_SEQUENTIAL }]                                                                                                 addrgen/cfg_data_vec_sync1_reg*" && IS_SEQUENTIAL}]                                                               
92        [get_cells -hierarchical -filter { NAME =~  "*ila_core_inst/u_ila_regs/s_dclk_fl  *                                                               [get_cells -hierarchical -filter { NAME =~ "*ila_core_inst/u_ila_regs/s_dclk_fla  false           false           
          ag_reg*" && IS_SEQUENTIAL }]                                                                                                                      g_sync1_reg*" && IS_SEQUENTIAL}]                                                                                  
93        [get_cells -hierarchical -filter { NAME =~  "*ila_core_inst/u_ila_regs/ila_clk_f  *                                                               [get_cells -hierarchical -filter { NAME =~ "*ila_core_inst/u_ila_regs/ila_clk_fl  false           false           
          lag_reg*" && IS_SEQUENTIAL }]                                                                                                                     ag_sync1_reg*" && IS_SEQUENTIAL}]                                                                                 
96        [get_pins -filter REF_PIN_NAME=~CLK -of_objects [get_cells -hierarchical -filter  *                                                               [get_pins -filter REF_PIN_NAME=~D -of_objects [get_cells -hierarchical -filter {  false           false           
           {NAME =~ "*allx_typeA_match_detection.ltlib_v1_0_2_allx_typeA_inst/DUT/u_srl_dr                                                                  NAME =~ "*allx_typeA_match_detection.ltlib_v1_0_2_allx_typeA_inst/DUT/I_WHOLE_SL                                  
          ive*"}]]                                                                                                                                          ICE.G_SLICE_IDX[*].U_ALL_SRL_SLICE/I_IS_TERMINATION_SLICE_W_OUTPUT_REG.DOUT_O_re                                  
                                                                                                                                                            g*" && IS_SEQUENTIAL}]]                                                                                           
98        [get_cells -hierarchical -filter { NAME =~  "*ila_core_inst/u_ila_cap_ctrl/u_cap  *                                                               [get_cells -hierarchical -filter { NAME =~  "*ila_core_inst/u_ila_regs/reg*/I_EN  false           false           
          _addrgen/captured_samples*" && IS_SEQUENTIAL }]                                                                                                   _STAT_EQ1.U_STAT/xsdb_reg*" && IS_SEQUENTIAL }]                                                                   
99        [get_cells -hierarchical -filter { NAME =~  "*ila_core_inst/u_ila_cap_ctrl/CAP_D  *                                                               [get_cells -hierarchical -filter { NAME =~  "*ila_core_inst/u_ila_regs/reg*/I_EN  false           false           
          ONE_O*" && IS_SEQUENTIAL }]                                                                                                                       _STAT_EQ1.U_STAT/xsdb_reg*" && IS_SEQUENTIAL }]                                                                   
100       [get_cells -hierarchical -filter { NAME =~  "*ila_core_inst/u_ila_cap_ctrl/CAP_T  *                                                               [get_cells -hierarchical -filter { NAME =~  "*ila_core_inst/u_ila_regs/reg*/I_EN  false           false           
          RIGGER_O*" && IS_SEQUENTIAL }]                                                                                                                    _STAT_EQ1.U_STAT/xsdb_reg*" && IS_SEQUENTIAL }]                                                                   
101       [get_cells -hierarchical -filter { NAME =~  "*ila_core_inst/u_ila_cap_ctrl/U_NS*  *                                                               [get_cells -hierarchical -filter { NAME =~  "*ila_core_inst/u_ila_regs/reg_*/I_E  false           false           
          /I_YESLUT6.I_YES_OREG.O_reg_reg*" && IS_SEQUENTIAL }]                                                                                             N_STAT_EQ1.U_STAT/xsdb_reg_reg[*]*" && IS_SEQUENTIAL }]                                                           
102       [get_pins -filter REF_PIN_NAME=~CLK -of_objects [get_cells -hierarchical -filter  *                                                               [get_cells -hierarchical -filter { NAME =~  "*ila_core_inst/u_ila_cap_ctrl/u_cap  false           false           
           { NAME =~  "*ila_core_inst/u_ila_cap_ctrl/u_cap_addrgen/u_cap_sample_counter/U_                                                                  _addrgen/u_cap_sample_counter/u_scnt_cmp_q*" && IS_SEQUENTIAL }]                                                  
          SCMPCE/I_YESLUT6.U_SRL32*"}]]                                                                                                                                                                                                                                       
103       [get_pins -filter REF_PIN_NAME=~CLK -of_objects [get_cells -hierarchical -filter  *                                                               [get_cells -hierarchical -filter { NAME =~  "*ila_core_inst/u_ila_cap_ctrl/u_cap  false           false           
           { NAME =~  "*ila_core_inst/u_ila_cap_ctrl/u_cap_addrgen/u_cap_sample_counter/u_                                                                  _addrgen/u_cap_sample_counter/u_scnt_cmp_q*" && IS_SEQUENTIAL }]                                                  
          scnt_cmp/allx_typeA_match_detection.ltlib_v1_0_2_allx_typeA_inst/DUT/u_srl_drive                                                                                                                                                                                    
          *"}]]                                                                                                                                                                                                                                                               
104       [get_pins -filter REF_PIN_NAME=~CLK -of_objects [get_cells -hierarchical -filter  *                                                               [get_cells -hierarchical -filter { NAME =~  "*ila_core_inst/u_ila_cap_ctrl/u_cap  false           false           
           { NAME =~  "*ila_core_inst/u_ila_cap_ctrl/u_cap_addrgen/U_CMPRESET/I_YESLUT6.U_                                                                  _addrgen/u_cap_sample_counter/u_scnt_cmp_q*" && IS_SEQUENTIAL }]                                                  
          SRL32_*" }]]                                                                                                                                                                                                                                                        
106       [get_pins -filter REF_PIN_NAME=~CLK -of_objects [get_cells -hierarchical -filter  *                                                               [get_cells -hierarchical -filter { NAME =~  "*ila_core_inst/u_ila_cap_ctrl/u_cap  false           false           
           { NAME =~  "*ila_core_inst/u_ila_cap_ctrl/u_cap_addrgen/u_cap_window_counter/u_                                                                  _addrgen/u_cap_window_counter/u_wcnt_lcmp_q*" && IS_SEQUENTIAL }]                                                 
          wcnt_lcmp/allx_typeA_match_detection.ltlib_v1_0_2_allx_typeA_inst/DUT/u_srl_driv                                                                                                                                                                                    
          e*"}]]                                                                                                                                                                                                                                                              
107       [get_pins -filter REF_PIN_NAME=~CLK -of_objects [get_cells -hierarchical -filter  *                                                               [get_cells -hierarchical -filter { NAME =~  "*ila_core_inst/u_ila_cap_ctrl/u_cap  false           false           
           { NAME =~  "*ila_core_inst/u_ila_cap_ctrl/u_cap_addrgen/u_cap_window_counter/u_                                                                  _addrgen/u_cap_window_counter/u_wcnt_hcmp_q*" && IS_SEQUENTIAL }]                                                 
          wcnt_hcmp/allx_typeA_match_detection.ltlib_v1_0_2_allx_typeA_inst/DUT/u_srl_driv                                                                                                                                                                                    
          e*"}]]                                                                                                                                                                                                                                                              
108       [get_pins -filter REF_PIN_NAME=~CLK -of_objects [get_cells -hierarchical -filter  *                                                               [get_cells -hierarchical -filter { NAME =~  "*ila_core_inst/u_ila_cap_ctrl/u_cap  false           false           
           { NAME =~  "*ila_core_inst/u_ila_cap_ctrl/u_cap_addrgen/u_cap_window_counter/U_                                                                  _addrgen/u_cap_window_counter/u_wcnt_hcmp_q*" && IS_SEQUENTIAL }]                                                 
          WHCMPCE/I_YESLUT6.U_SRL32*"}]]                                                                                                                                                                                                                                      
109       [get_pins -filter REF_PIN_NAME=~CLK -of_objects [get_cells -hierarchical -filter  *                                                               [get_cells -hierarchical -filter { NAME =~  "*ila_core_inst/u_ila_cap_ctrl/u_cap  false           false           
           { NAME =~  "*ila_core_inst/u_ila_cap_ctrl/u_cap_addrgen/u_cap_window_counter/U_                                                                  _addrgen/u_cap_window_counter/u_wcnt_lcmp_q*" && IS_SEQUENTIAL }]                                                 
          WLCMPCE/I_YESLUT6.U_SRL32*"}]]                                                                                                                                                                                                                                      
110       [get_pins -filter REF_PIN_NAME=~CLK -of_objects [get_cells -hierarchical -filter  *                                                               [get_cells -hierarchical -filter { NAME =~  "*ila_core_inst/u_ila_cap_ctrl/u_cap  false           false           
           { NAME =~  "*ila_core_inst/u_ila_cap_ctrl/u_cap_addrgen/U_CMPRESET/I_YESLUT6.U_                                                                  _addrgen/u_cap_window_counter/u_wcnt_lcmp_q*" && IS_SEQUENTIAL }]                                                 
          SRL32_*" }]]                                                                                                                                                                                                                                                        
111       [get_pins -filter REF_PIN_NAME=~CLK -of_objects [get_cells -hierarchical -filter  *                                                               [get_cells -hierarchical -filter { NAME =~  "*ila_core_inst/u_ila_cap_ctrl/u_cap  false           false           
           { NAME =~  "*ila_core_inst/u_ila_cap_ctrl/u_cap_addrgen/U_CMPRESET/I_YESLUT6.U_                                                                  _addrgen/u_cap_window_counter/u_wcnt_hcmp_q*" && IS_SEQUENTIAL }]                                                 
          SRL32_*" }]]                                                                                                                                                                                                                                                        
112       [get_pins -filter REF_PIN_NAME=~CLK -of_objects [get_cells -hierarchical -filter  *                                                               [get_cells -hierarchical -filter { NAME =~ "*ila_core_inst/u_ila_cap_ctrl/u_cap_  false           false           
           { NAME =~  "*ila_core_inst/u_ila_cap_ctrl/u_cap_addrgen/u_cap_sample_counter/U_                                                                  addrgen/u_cap_sample_counter/iscnt_reg*" && IS_SEQUENTIAL }]                                                      
          SCE/I_YESLUT6.U_SRLC16E*" }]]                                                                                                                                                                                                                                       
113       [get_pins -filter REF_PIN_NAME=~CLK -of_objects [get_cells -hierarchical -filter  *                                                               [get_cells -hierarchical -filter { NAME =~ "*ila_core_inst/u_ila_cap_ctrl/u_cap_  false           false           
           { NAME =~  "*ila_core_inst/u_ila_cap_ctrl/u_cap_addrgen/u_cap_sample_counter/U_                                                                  addrgen/icap_wr_en_reg*" && IS_SEQUENTIAL }]                                                                      
          SCE/I_YESLUT6.U_SRLC16E*" }]]                                                                                                                                                                                                                                       
114       [get_pins -filter REF_PIN_NAME=~CLK -of_objects [get_cells -hierarchical -filter  *                                                               [get_cells -hierarchical -filter { NAME =~ "*ila_core_inst/u_ila_cap_ctrl/u_cap_  false           false           
           { NAME =~  "*ila_core_inst/u_ila_cap_ctrl/u_cap_addrgen/u_cap_sample_counter/U_                                                                  addrgen/u_cap_sample_counter/iscnt_reg*" && IS_SEQUENTIAL }]                                                      
          SCRST/I_YESLUT6.U_SRL32_*" }]]                                                                                                                                                                                                                                      
115       [get_pins -filter REF_PIN_NAME=~CLK -of_objects [get_cells -hierarchical -filter  *                                                               [get_cells -hierarchical -filter { NAME =~ "*ila_core_inst/u_ila_cap_ctrl/u_cap_  false           false           
           { NAME =~  "*ila_core_inst/u_ila_cap_ctrl/u_cap_addrgen/u_cap_window_counter/U_                                                                  addrgen/u_cap_window_counter/iwcnt_reg*" && IS_SEQUENTIAL }]                                                      
          WCE/I_YESLUT6.U_SRLC16E*" }]]                                                                                                                                                                                                                                       
116       [get_pins -filter REF_PIN_NAME=~CLK -of_objects [get_cells -hierarchical -filter  *                                                               [get_cells -hierarchical -filter { NAME =~ "*ila_core_inst/u_ila_cap_ctrl/U_CDON  false           false           
           { NAME =~  "*ila_core_inst/u_ila_cap_ctrl/U_CDONE/I_YESLUT6.U_SRL32_*" }]]                                                                       E/I_YESLUT6.I_YES_OREG.O_reg*" && IS_SEQUENTIAL}]                                                                 
117       [get_pins -filter REF_PIN_NAME=~CLK -of_objects [get_cells -hierarchical -filter  *                                                               [get_cells -hierarchical -filter { NAME =~ "*ila_core_inst/u_ila_cap_ctrl/U_NS0/  false           false           
           { NAME =~  "*ila_core_inst/u_ila_cap_ctrl/U_NS0/I_YESLUT6.U_SRL32_*" }]]                                                                         I_YESLUT6.I_YES_OREG.O_reg*" && IS_SEQUENTIAL}]                                                                   
118       [get_pins -filter REF_PIN_NAME=~CLK -of_objects [get_cells -hierarchical -filter  *                                                               [get_cells -hierarchical -filter { NAME =~ "*ila_core_inst/u_ila_cap_ctrl/U_NS1/  false           false           
           { NAME =~  "*ila_core_inst/u_ila_cap_ctrl/U_NS1/I_YESLUT6.U_SRL32_*" }]]                                                                         I_YESLUT6.I_YES_OREG.O_reg*" && IS_SEQUENTIAL}]                                                                   
119       [get_cells -quiet -hierarchical -regexp {(^|.*/)u_adc_sample_cdc_bridge/u_fifo/w  *                                                               [get_cells -quiet -hierarchical -regexp {(^|.*/)u_adc_sample_cdc_bridge/u_fifo/w  max_dpo=8       -               
          r_gray_reg\[[0-3]\]$}]                                                                                                                            r_gray_sync1_reg\[[0-3]\]$}]                                                                                      
121       [get_cells -quiet -hierarchical -regexp {(^|.*/)u_adc_sample_cdc_bridge/u_fifo/r  *                                                               [get_cells -quiet -hierarchical -regexp {(^|.*/)u_adc_sample_cdc_bridge/u_fifo/r  max_dpo=8       -               
          d_gray_reg\[[0-3]\]$}]                                                                                                                            d_gray_sync1_reg\[[0-3]\]$}]                                                                                      
123       [get_cells -quiet -hierarchical -regexp {(^|.*/)u_adc_sample_cdc_bridge/u_fifo/m  *                                                               [get_cells -quiet -hierarchical -regexp {(^|.*/)u_adc_sample_cdc_bridge/destinat  max_dpo=8       -               
          em_reg\[[0-7]\]\[([0-9]|[1-4][0-9]|5[0-6])\]$}]                                                                                                   ion_data_reg\[([0-9]|[1-4][0-9]|5[0-6])\]$}]                                                                      
124       [get_cells -quiet -hierarchical -regexp {(^|.*/)u_adc_sample_cdc_bridge/u_source  *                                                               [get_cells -quiet -hierarchical -regexp {(^|.*/)u_source_observability_cdc/sourc  max_dpo=8       -               
          _observer/source_accept_count_gray_reg\[(0|[1-9]|[12][0-9]|3[01])\]$}]                                                                            e_accept_count_gray_sync1_reg\[(0|[1-9]|[12][0-9]|3[01])\]$}]                                                     
126       [get_cells -quiet -hierarchical -regexp {(^|.*/)u_adc_sample_cdc_bridge/u_source  *                                                               [get_cells -quiet -hierarchical -regexp {(^|.*/)u_source_observability_cdc/backp  max_dpo=8       -               
          _observer/backpressure_cycle_count_gray_reg\[(0|[1-9]|[12][0-9]|3[01])\]$}]                                                                       ressure_cycle_count_gray_sync1_reg\[(0|[1-9]|[12][0-9]|3[01])\]$}]                                                
128       [get_cells -quiet -hierarchical -regexp {(^|.*/)u_adc_sample_cdc_bridge/u_source  *                                                               [get_cells -quiet -hierarchical -regexp {(^|.*/)u_source_observability_cdc/sourc  max_dpo=8       -               
          _observer/source_protocol_violation_count_gray_reg\[(0|[1-9]|[12][0-9]|3[01])\]$                                                                  e_protocol_violation_count_gray_sync1_reg\[(0|[1-9]|[12][0-9]|3[01])\]$}]                                         
          }]                                                                                                                                                                                                                                                                  
130       [get_cells -quiet -hierarchical -regexp {(^|.*/)u_adc_sample_cdc_bridge/u_source  *                                                               [get_cells -quiet -hierarchical -regexp {(^|.*/)u_source_observability_cdc/sourc  max_dpo=8       -               
          _observer/source_drop_count_gray_reg\[(0|[1-9]|[12][0-9]|3[01])\]$}]                                                                              e_drop_count_gray_sync1_reg\[(0|[1-9]|[12][0-9]|3[01])\]$}]                                                       
132       [get_cells -quiet -hierarchical -regexp {(^|.*/)u_adc_sample_cdc_bridge/u_source  *                                                               [get_cells -quiet -hierarchical -regexp {(^|.*/)u_source_observability_cdc/fifo_  max_dpo=8       -               
          _observer/fifo_overflow_attempt_count_gray_reg\[(0|[1-9]|[12][0-9]|3[01])\]$}]                                                                    overflow_attempt_count_gray_sync1_reg\[(0|[1-9]|[12][0-9]|3[01])\]$}]                                             
134       [get_cells -quiet -hierarchical -regexp {(^|.*/)u_adc_sample_cdc_bridge/u_source  *                                                               [get_cells -quiet -hierarchical -regexp {(^|.*/)u_source_observability_cdc/count  max_dpo=8       -               
          _observer/counter_saturation_event_count_gray_reg\[(0|[1-9]|[12][0-9]|3[01])\]$}                                                                  er_saturation_event_count_gray_sync1_reg\[(0|[1-9]|[12][0-9]|3[01])\]$}]                                          
          ]                                                                                                                                                                                                                                                                   
136       [get_cells -quiet -hierarchical -regexp {(^|.*/)u_adc_sample_cdc_bridge/u_source  *                                                               [get_cells -quiet -hierarchical -regexp {(^|.*/)u_source_observability_cdc/last_  max_dpo=8       -               
          _observer/last_source_sequence_gray_reg\[(0|[1-9]|[12][0-9]|3[01])\]$}]                                                                           source_sequence_gray_sync1_reg\[(0|[1-9]|[12][0-9]|3[01])\]$}]                                                    
138       [get_cells -quiet -hierarchical -regexp {(^|.*/)stage2i_b2_ready_aware_stimulus_  *                                                               [get_cells -quiet -hierarchical -regexp {(^|.*/)stage2i_b2_ready_aware_stimulus_  max_dpo=8       -               
          0/(inst/)?request_toggle_aclk_reg$}]                                                                                                              0/(inst/)?request_toggle_sync1_src_reg$}]                                                                         
139       [get_cells -quiet -hierarchical -regexp {(^|.*/)stage2i_b2_ready_aware_stimulus_  *                                                               [get_cells -quiet -hierarchical -regexp {(^|.*/)stage2i_b2_ready_aware_stimulus_  max_dpo=8       -               
          0/(inst/)?command_hold_aclk_reg\[([0-9]|[1-2][0-9]|30)\]$}]                                                                                       0/(inst/)?command_capture_src_reg\[([0-9]|[1-2][0-9]|30)\]$}]                                                     
141       [get_cells -quiet -hierarchical -regexp {(^|.*/)stage2i_b2_ready_aware_stimulus_  *                                                               [get_cells -quiet -hierarchical -regexp {(^|.*/)stage2i_b2_ready_aware_stimulus_  max_dpo=8       -               
          0/(inst/)?ack_toggle_src_reg$}]                                                                                                                   0/(inst/)?ack_toggle_sync1_aclk_reg$}]                                                                            
142       [get_cells -quiet -hierarchical -regexp {(^|.*/)stage2i_b2_ready_aware_stimulus_  *                                                               [get_cells -quiet -hierarchical -regexp {(^|.*/)stage2i_b2_ready_aware_stimulus_  max_dpo=8       -               
          0/(inst/)?producer_active_reg_reg$}]                                                                                                              0/(inst/)?producer_active_sync1_aclk_reg$}]                                                                       
143       [get_cells -quiet -hierarchical -regexp {(^|.*/)stage2i_b2_ready_aware_stimulus_  *                                                               [get_cells -quiet -hierarchical -regexp {(^|.*/)stage2i_b2_ready_aware_stimulus_  max_dpo=8       -               
          0/(inst/)?accepted_count_gray_src_reg\[[0-7]\]$}]                                                                                                 0/(inst/)?accepted_count_gray_sync1_aclk_reg\[[0-7]\]$}]                                                          
145       [get_cells -quiet -hierarchical -regexp {(^|.*/)stage2i_b2_ready_aware_stimulus_  *                                                               [get_cells -quiet -hierarchical -regexp {(^|.*/)stage2i_b2_ready_aware_stimulus_  max_dpo=8       -               
          0/(inst/)?remaining_gray_src_reg\[[0-6]\]$}]                                                                                                      0/(inst/)?remaining_gray_sync1_aclk_reg\[[0-6]\]$}]                                                               
147       *                                                                                 *                                                               [get_pins -quiet -of_objects [get_cells -quiet -hierarchical -regexp {(^|.*/)u_a  false           false           
                                                                                                                                                            dc_source_reset_release_sync/release_pipe_reg\[[0-1]\]$}] -filter {REF_PIN_NAME                                   
                                                                                                                                                            == CLR}]                                                                                                          
149       *                                                                                 [get_ports -scoped_to_current_instance -no_traverse src_arst]   *                                                                                 false           false           
150       *                                                                                 [get_ports -scoped_to_current_instance -no_traverse src_arst]   *                                                                                 false           false           
152       *                                                                                 [get_ports -scoped_to_current_instance -no_traverse src_arst]   *                                                                                 false           false           
154       *                                                                                 [get_ports -scoped_to_current_instance -no_traverse src_arst]   *                                                                                 false           false           
156       *                                                                                 [get_ports -scoped_to_current_instance -no_traverse src_arst]   *                                                                                 false           false           
158       *                                                                                 [get_ports -scoped_to_current_instance -no_traverse src_arst]   *                                                                                 false           false           
160       *                                                                                 [get_ports -scoped_to_current_instance -no_traverse src_arst]   *                                                                                 false           false           
161       *                                                                                 [get_ports -scoped_to_current_instance -no_traverse src_arst]   *                                                                                 false           false           
163       *                                                                                 [get_ports -scoped_to_current_instance -no_traverse src_arst]   *                                                                                 false           false           
165       *                                                                                 [get_ports -scoped_to_current_instance -no_traverse src_arst]   *                                                                                 false           false           
167       *                                                                                 [get_ports -scoped_to_current_instance -no_traverse src_arst]   *                                                                                 false           false           
169       *                                                                                 [get_ports -scoped_to_current_instance -no_traverse src_arst]   *                                                                                 false           false           
171       *                                                                                 [get_ports -scoped_to_current_instance -no_traverse src_arst]   *                                                                                 false           false           
172       *                                                                                 [get_ports -scoped_to_current_instance -no_traverse src_arst]   *                                                                                 false           false           
173       *                                                                                 [get_ports -scoped_to_current_instance -no_traverse src_arst]   *                                                                                 false           false           
174       *                                                                                 [get_ports -scoped_to_current_instance -no_traverse src_arst]   *                                                                                 false           false           
176       *                                                                                 [get_ports -scoped_to_current_instance -no_traverse src_arst]   *                                                                                 false           false           
178       *                                                                                 [get_ports -scoped_to_current_instance -no_traverse src_arst]   *                                                                                 false           false           
180       *                                                                                 [get_ports -scoped_to_current_instance -no_traverse src_arst]   *                                                                                 false           false           
182       *                                                                                 [get_ports -scoped_to_current_instance -no_traverse src_arst]   *                                                                                 false           false           
184       *                                                                                 [get_ports -scoped_to_current_instance -no_traverse src_arst]   *                                                                                 false           false           
186       *                                                                                 [get_ports -scoped_to_current_instance -no_traverse src_arst]   *                                                                                 false           false           
188       *                                                                                 [get_ports -scoped_to_current_instance -no_traverse src_arst]   *                                                                                 false           false           
190       *                                                                                 [get_ports -scoped_to_current_instance -no_traverse src_arst]   *                                                                                 false           false           
192       *                                                                                 [get_ports -scoped_to_current_instance -no_traverse src_arst]   *                                                                                 false           false           
194       [filter [all_fanout -from [get_pins -filter REF_PIN_NAME=~wr_clk -of_objects [ge  *                                                               [get_cells -hierarchical -filter {NAME =~ *U_RD_FIFO*gdm.dm_gen.dm*/gpr1.dout_i_  false           false           
          t_cells -hierarchical -filter {NAME =~ "*SUBCORE_FIFO.*rdfifo_inst"}]] -flat -en                                                                  reg*}]                                                                                                            
          dpoints_only] IS_LEAF]                                                                                                                                                                                                                                              
195       [get_cells -hierarchical -filter {NAME =~ "*BSCANID.u_xsdbm_id/CORE_XSDB.UUT_MAS  *                                                               [get_cells -hierarchical -filter {NAME =~ "*BSCANID.u_xsdbm_id/CORE_XSDB.UUT_MAS  max_dpo=33      -               
          TER/U_ICON_INTERFACE/U_CMD6_RD/U_RD_FIFO/SUBCORE_FIFO.xsdbm_v3_0_2_rdfifo_inst/i                                                                  TER/U_ICON_INTERFACE/U_CMD6_RD/U_RD_FIFO/SUBCORE_FIFO.xsdbm_v3_0_2_rdfifo_inst/i                                  
          nst_fifo_gen/gconvfifo.rf/grf.rf/gntv_or_sync_fifo.gcx.clkx/*rd_pntr_gc_reg[*]"}                                                                  nst_fifo_gen/gconvfifo.rf/grf.rf/gntv_or_sync_fifo.gcx.clkx/*gsync_stage[1].wr_s                                  
          ]                                                                                                                                                 tg_inst/Q_reg_reg[*]"}]                                                                                           
197       [get_cells -hierarchical -filter {NAME =~ "*BSCANID.u_xsdbm_id/CORE_XSDB.UUT_MAS  *                                                               [get_cells -hierarchical -filter {NAME =~ "*BSCANID.u_xsdbm_id/CORE_XSDB.UUT_MAS  max_dpo=8       -               
          TER/U_ICON_INTERFACE/U_CMD6_RD/U_RD_FIFO/SUBCORE_FIFO.xsdbm_v3_0_2_rdfifo_inst/i                                                                  TER/U_ICON_INTERFACE/U_CMD6_RD/U_RD_FIFO/SUBCORE_FIFO.xsdbm_v3_0_2_rdfifo_inst/i                                  
          nst_fifo_gen/gconvfifo.rf/grf.rf/gntv_or_sync_fifo.gcx.clkx/*wr_pntr_gc_reg[*]"}                                                                  nst_fifo_gen/gconvfifo.rf/grf.rf/gntv_or_sync_fifo.gcx.clkx/*gsync_stage[1].rd_s                                  
          ]                                                                                                                                                 tg_inst/Q_reg_reg[*]"}]                                                                                           
199       [filter [all_fanout -from [get_pins -filter REF_PIN_NAME=~wr_clk -of_objects [ge  *                                                               [get_cells -hierarchical -filter {NAME =~ *U_WR_FIFO*gdm.dm_gen.dm*/gpr1.dout_i_  false           false           
          t_cells -hierarchical -filter {NAME =~ "*SUBCORE_FIFO.*wrfifo_inst"}]] -flat -en                                                                  reg*}]                                                                                                            
          dpoints_only] IS_LEAF]                                                                                                                                                                                                                                              
200       [get_cells -hierarchical -filter {NAME =~ "*BSCANID.u_xsdbm_id/CORE_XSDB.UUT_MAS  *                                                               [get_cells -hierarchical -filter {NAME =~ "*BSCANID.u_xsdbm_id/CORE_XSDB.UUT_MAS  max_dpo=8       -               
          TER/U_ICON_INTERFACE/U_CMD6_WR/U_WR_FIFO/SUBCORE_FIFO.xsdbm_v3_0_2_wrfifo_inst/i                                                                  TER/U_ICON_INTERFACE/U_CMD6_WR/U_WR_FIFO/SUBCORE_FIFO.xsdbm_v3_0_2_wrfifo_inst/i                                  
          nst_fifo_gen/gconvfifo.rf/grf.rf/gntv_or_sync_fifo.gcx.clkx/*rd_pntr_gc_reg[*]"}                                                                  nst_fifo_gen/gconvfifo.rf/grf.rf/gntv_or_sync_fifo.gcx.clkx/*gsync_stage[1].wr_s                                  
          ]                                                                                                                                                 tg_inst/Q_reg_reg[*]"}]                                                                                           
202       [get_cells -hierarchical -filter {NAME =~ "*BSCANID.u_xsdbm_id/CORE_XSDB.UUT_MAS  *                                                               [get_cells -hierarchical -filter {NAME =~ "*BSCANID.u_xsdbm_id/CORE_XSDB.UUT_MAS  max_dpo=33      -               
          TER/U_ICON_INTERFACE/U_CMD6_WR/U_WR_FIFO/SUBCORE_FIFO.xsdbm_v3_0_2_wrfifo_inst/i                                                                  TER/U_ICON_INTERFACE/U_CMD6_WR/U_WR_FIFO/SUBCORE_FIFO.xsdbm_v3_0_2_wrfifo_inst/i                                  
          nst_fifo_gen/gconvfifo.rf/grf.rf/gntv_or_sync_fifo.gcx.clkx/*wr_pntr_gc_reg[*]"}                                                                  nst_fifo_gen/gconvfifo.rf/grf.rf/gntv_or_sync_fifo.gcx.clkx/*gsync_stage[1].rd_s                                  
          ]                                                                                                                                                 tg_inst/Q_reg_reg[*]"}]                                                                                           
204       [get_cells -hierarchical -filter {NAME =~ "*BSCANID.u_xsdbm_id/CORE_XSDB.UUT_MAS  *                                                               [get_cells -hierarchical -filter {NAME =~ "*BSCANID.u_xsdbm_id/CORE_XSDB.UUT_MAS  false           false           
          TER/U_ICON_INTERFACE/icn_cmd_en_reg[5]"}]                                                                                                         TER/U_ICON_INTERFACE/icn_cmd_en_5_temp_reg"}]                                                                     
205       [get_cells -hierarchical -filter {NAME =~ "*BSCANID.u_xsdbm_id/CORE_XSDB.UUT_MAS  *                                                               [get_cells -hierarchical -filter {NAME =~ "*BSCANID.u_xsdbm_id/CORE_XSDB.UUT_MAS  false           false           
          TER/U_ICON_INTERFACE/U_CMD1/icn_cmd_en_temp_reg"}]                                                                                                TER/U_ICON_INTERFACE/U_CMD1/ctl_reg_en_1_reg[0]"}]                                                                
206       [get_cells -hierarchical -filter {NAME =~ "*BSCANID.u_xsdbm_id/CORE_XSDB.UUT_MAS  *                                                               [get_cells -hierarchical -filter {NAME =~ "*BSCANID.u_xsdbm_id/CORE_XSDB.UUT_MAS  false           false           
          TER/U_ICON_INTERFACE/U_CMD2/icn_cmd_en_temp_reg"}]                                                                                                TER/U_ICON_INTERFACE/U_CMD2/stat_reg_ld_reg[0]"}]                                                                 
207       [get_cells -hierarchical -filter {NAME =~ "*BSCANID.u_xsdbm_id/CORE_XSDB.UUT_MAS  *                                                               [get_cells -hierarchical -filter {NAME =~ "*BSCANID.u_xsdbm_id/CORE_XSDB.UUT_MAS  false           false           
          TER/U_ICON_INTERFACE/U_CMD3/icn_cmd_en_temp_reg"}]                                                                                                TER/U_ICON_INTERFACE/U_CMD3/stat_reg_ld_reg[0]"}]                                                                 
208       [get_cells -hierarchical -filter {NAME =~ "*BSCANID.u_xsdbm_id/CORE_XSDB.UUT_MAS  *                                                               [get_cells -hierarchical -filter {NAME =~ "*BSCANID.u_xsdbm_id/CORE_XSDB.UUT_MAS  false           false           
          TER/U_ICON_INTERFACE/U_CMD4/icn_cmd_en_temp_reg"}]                                                                                                TER/U_ICON_INTERFACE/U_CMD4/ctl_reg_en_1_reg[0]"}]                                                                
209       [get_cells -hierarchical -filter {NAME =~ "*BSCANID.u_xsdbm_id/CORE_XSDB.UUT_MAS  *                                                               [get_cells -hierarchical -filter {NAME =~ "*BSCANID.u_xsdbm_id/CORE_XSDB.UUT_MAS  false           false           
          TER/U_ICON_INTERFACE/U_CMD5/icn_cmd_en_temp_reg"}]                                                                                                TER/U_ICON_INTERFACE/U_CMD5/ctl_reg_en_1_reg[0]"}]                                                                
210       [get_cells -hierarchical -filter {NAME =~ "*BSCANID.u_xsdbm_id/CORE_XSDB.UUT_MAS  *                                                               [get_cells -hierarchical -filter {NAME =~ "*BSCANID.u_xsdbm_id/CORE_XSDB.UUT_MAS  false           false           
          TER/U_ICON_INTERFACE/U_CMD7_CTL/icn_cmd_en_temp_reg"}]                                                                                            TER/U_ICON_INTERFACE/U_CMD7_CTL/ctl_reg_en_1_reg[0]"}]                                                            
211       [get_cells -hierarchical -filter {NAME =~ "*BSCANID.u_xsdbm_id/CORE_XSDB.UUT_MAS  *                                                               [get_cells -hierarchical -filter {NAME =~ "*BSCANID.u_xsdbm_id/CORE_XSDB.UUT_MAS  false           false           
          TER/U_ICON_INTERFACE/U_CMD7_CTL/shift_reg_in_reg[*]"}]                                                                                            TER/U_ICON_INTERFACE/U_CMD7_CTL/ctl_reg_reg[*]"}]                                                                 
212       [get_cells -hierarchical -filter {NAME =~ "*BSCANID.u_xsdbm_id/CORE_XSDB.UUT_MAS  *                                                               [get_cells -hierarchical -filter {NAME =~ "*BSCANID.u_xsdbm_id/CORE_XSDB.UUT_MAS  false           false           
          TER/U_ICON_INTERFACE/U_CMD7_CTL/shift_reg_in_reg[0]"}]                                                                                            TER/U_ICON_INTERFACE/U_CMD7_STAT/stat_reg_reg[0]"}]                                                               
213       [get_cells -hierarchical -filter {NAME =~ "*BSCANID.u_xsdbm_id/CORE_XSDB.UUT_MAS  *                                                               [get_cells -hierarchical -filter {NAME =~ "*BSCANID.u_xsdbm_id/CORE_XSDB.UUT_MAS  false           false           
          TER/U_ICON_INTERFACE/U_CMD7_STAT/icn_cmd_en_temp_reg"}]                                                                                           TER/U_ICON_INTERFACE/U_CMD7_STAT/stat_reg_ld_reg[0]"}]                                                            
214       [get_cells -hierarchical -filter {NAME =~ "*BSCANID.u_xsdbm_id/CORE_XSDB.UUT_MAS  *                                                               [get_cells -hierarchical -filter {NAME =~ "*BSCANID.u_xsdbm_id/CORE_XSDB.UUT_MAS  false           false           
          TER/U_ICON_INTERFACE/wrdata_rst_reg"}]                                                                                                            TER/U_ICON_INTERFACE/U_CMD6_WR/U_WR_FIFO/SUBCORE_FIFO.xsdbm_v3_0_2_wrfifo_inst/i                                  
                                                                                                                                                            nst_fifo_gen/gconvfifo.rf/grf.rf/rstblk/ngwrdrst.grst.g7serrst.rst_rd_reg1_reg"}                                  
                                                                                                                                                            ]                                                                                                                 
215       [get_cells -hierarchical -filter {NAME =~ "*BSCANID.u_xsdbm_id/CORE_XSDB.UUT_MAS  *                                                               [get_cells -hierarchical -filter {NAME =~ "*BSCANID.u_xsdbm_id/CORE_XSDB.UUT_MAS  false           false           
          TER/U_ICON_INTERFACE/wrdata_rst_reg"}]                                                                                                            TER/U_ICON_INTERFACE/U_CMD6_WR/U_WR_FIFO/SUBCORE_FIFO.xsdbm_v3_0_2_wrfifo_inst/i                                  
                                                                                                                                                            nst_fifo_gen/gconvfifo.rf/grf.rf/rstblk/ngwrdrst.grst.g7serrst.rst_rd_reg2_reg"}                                  
                                                                                                                                                            ]                                                                                                                 
216       [get_cells -hierarchical -filter {NAME =~ "*BSCANID.u_xsdbm_id/CORE_XSDB.UUT_MAS  *                                                               [get_cells -hierarchical -filter {NAME =~ "*BSCANID.u_xsdbm_id/CORE_XSDB.UUT_MAS  false           false           
          TER/U_ICON_INTERFACE/U_CMD4/shift_reg_in_reg[*]"}]                                                                                                TER/U_ICON_INTERFACE/U_CMD4/ctl_reg_reg[*]"}]                                                                     
217       [get_cells -hierarchical -filter {NAME =~ "*BSCANID.u_xsdbm_id/CORE_XSDB.UUT_MAS  *                                                               [get_cells -hierarchical -filter {NAME =~ "*BSCANID.u_xsdbm_id/CORE_XSDB.UUT_MAS  false           false           
          TER/U_ICON_INTERFACE/U_CMD1/shift_reg_in_reg[*]"}]                                                                                                TER/U_ICON_INTERFACE/U_CMD1/ctl_reg_reg[*]"}]                                                                     
218       [get_cells -hierarchical -filter {NAME =~ "*BSCANID.u_xsdbm_id/CORE_XSDB.UUT_MAS  *                                                               [get_cells -hierarchical -filter {NAME =~ "*BSCANID.u_xsdbm_id/CORE_XSDB.UUT_MAS  false           false           
          TER/U_ICON_INTERFACE/U_CMD5/shift_reg_in_reg[*]"}]                                                                                                TER/U_ICON_INTERFACE/U_CMD5/ctl_reg_reg[*]"}]                                                                     
219       [get_cells -hierarchical -filter {NAME =~ "*BSCANID.u_xsdbm_id/CORE_XSDB.UUT_MAS  *                                                               [get_cells -hierarchical -filter {NAME =~ "*BSCANID.u_xsdbm_id/CORE_XSDB.UUT_MAS  false           false           
          TER/U_ICON_INTERFACE/U_CMD1/ctl_reg_reg[0]"}]                                                                                                     TER/U_ICON_INTERFACE/ma_rst_1_reg"}]                                                                              
220       [get_cells -hierarchical -filter {NAME =~ "*BSCANID.u_xsdbm_id/CORE_XSDB.UUT_MAS  *                                                               [get_cells -hierarchical -filter {NAME =~ "*BSCANID.u_xsdbm_id/CORE_XSDB.UUT_MAS  false           false           
          TER/U_ICON_INTERFACE/U_CMD2/stat_reg_reg[*]"}]                                                                                                    TER/U_ICON_INTERFACE/U_CMD2/stat_reg_1_reg[*]"}]                                                                  
221       [get_cells -hierarchical -filter {NAME =~ "*BSCANID.u_xsdbm_id/CORE_XSDB.UUT_MAS  *                                                               [get_cells -hierarchical -filter {NAME =~ "*BSCANID.u_xsdbm_id/CORE_XSDB.UUT_MAS  false           false           
          TER/U_ICON_INTERFACE/U_CMD3/stat_reg_reg[*]"}]                                                                                                    TER/U_ICON_INTERFACE/U_CMD3/stat_reg_1_reg[*]"}]                                                                  
222       [get_cells -hierarchical -filter {NAME =~ "*BSCANID.u_xsdbm_id/CORE_XSDB.UUT_MAS  *                                                               [get_cells -hierarchical -filter {NAME =~ "*BSCANID.u_xsdbm_id/CORE_XSDB.UUT_MAS  false           false           
          TER/U_ICON_INTERFACE/U_CMD7_STAT/stat_reg_reg[*]"}]                                                                                               TER/U_ICON_INTERFACE/U_CMD7_STAT/stat_reg_1_reg[*]"}]                                                             
223       [get_cells -hierarchical -filter {NAME =~ "*BSCANID.u_xsdbm_id/CORE_XSDB.UUT_MAS  *                                                               [get_cells -hierarchical -filter {NAME =~ "*BSCANID.u_xsdbm_id/CORE_XSDB.UUT_MAS  false           false           
          TER/U_ICON_INTERFACE/rddata_rst_reg"}]                                                                                                            TER/U_ICON_INTERFACE/U_CMD6_RD/U_RD_FIFO/SUBCORE_FIFO.xsdbm_v3_0_2_rdfifo_inst/i                                  
                                                                                                                                                            nst_fifo_gen/gconvfifo.rf/grf.rf/rstblk/ngwrdrst.grst.g7serrst.rst_rd_reg1_reg"}                                  
                                                                                                                                                            ]                                                                                                                 
224       [get_cells -hierarchical -filter {NAME =~ "*BSCANID.u_xsdbm_id/CORE_XSDB.UUT_MAS  *                                                               [get_cells -hierarchical -filter {NAME =~ "*BSCANID.u_xsdbm_id/CORE_XSDB.UUT_MAS  false           false           
          TER/U_ICON_INTERFACE/rddata_rst_reg"}]                                                                                                            TER/U_ICON_INTERFACE/U_CMD6_RD/U_RD_FIFO/SUBCORE_FIFO.xsdbm_v3_0_2_rdfifo_inst/i                                  
                                                                                                                                                            nst_fifo_gen/gconvfifo.rf/grf.rf/rstblk/ngwrdrst.grst.g7serrst.rst_rd_reg2_reg"}                                  
                                                                                                                                                            ]                                                                                                                 
225       [get_cells -hierarchical -filter {NAME =~ "*BSCANID.u_xsdbm_id/CORE_XSDB.UUT_MAS  *                                                               [get_cells -hierarchical -filter {NAME =~ "*BSCANID.u_xsdbm_id/CORE_XSDB.UUT_MAS  false           false           
          TER/U_ICON_INTERFACE/rddata_rst_reg"}]                                                                                                            TER/U_ICON_INTERFACE/U_CMD6_RD/shift_reg_in_reg[*]"}]                                                             
226       [get_cells -hierarchical -filter {NAME =~ "*BSCANID.u_xsdbm_id/CORE_XSDB.UUT_MAS  *                                                               [get_cells -hierarchical -filter {NAME =~ "*BSCANID.u_xsdbm_id/CORE_XSDB.UUT_MAS  false           false           
          TER/U_ICON_INTERFACE/U_CMD1/ctl_reg_reg[0]"}]                                                                                                     TER/U_ICON_INTERFACE/U_CMD4/shift_reg_in_reg[*]"}]                                                                
227       [get_cells -hierarchical -filter {NAME =~ "*BSCANID.u_xsdbm_id/CORE_XSDB.UUT_MAS  *                                                               [get_cells -hierarchical -filter {NAME =~ "*BSCANID.u_xsdbm_id/CORE_XSDB.UUT_MAS  false           false           
          TER/U_ICON_INTERFACE/U_CMD1/ctl_reg_reg[0]"}]                                                                                                     TER/U_ICON_INTERFACE/U_CMD5/shift_reg_in_reg[*]"}]                                                                
228       [get_cells -hierarchical -filter {NAME =~ "*BSCANID.u_xsdbm_id/CORE_XSDB.UUT_MAS  *                                                               [get_cells -hierarchical -filter {NAME =~ "*BSCANID.u_xsdbm_id/CORE_XSDB.UUT_MAS  false           false           
          TER/U_ICON_INTERFACE/U_CMD1/ctl_reg_reg[0]"}]                                                                                                     TER/U_ICON_INTERFACE/U_CMD7_CTL/shift_reg_in_reg[*]"}]                                                            

