
****** xsim v2024.1 (64-bit)
  **** SW Build 5076996 on Wed May 22 18:37:14 MDT 2024
  **** IP Build 5075265 on Wed May 22 21:45:21 MDT 2024
  **** SharedData Build 5076995 on Wed May 22 18:29:18 MDT 2024
  **** Start of session at: Wed Sep  9 16:59:19 2026
    ** Copyright 1986-2022 Xilinx, Inc. All Rights Reserved.
    ** Copyright 2022-2024 Advanced Micro Devices, Inc. All Rights Reserved.

source xsim.dir/stage2e_regression_snapshot/xsim_script.tcl
# xsim {stage2e_regression_snapshot} -autoloadwcfg -runall -onfinish quit -onerror quit
Time resolution is 1 ps
run -all
SC01=PASS safe-inert profile counters and status are zero
SC02=PASS single accepted and delivered transaction
SC03=PASS back-to-back normal transactions
SC04=PASS repeated payload with distinct sequence is legal
SC05=PASS sequence wrap-around is normal
SC06=PASS source clock slower than ACLK
SC07=PASS source clock faster than ACLK
SC08=PASS non-integer clock ratio
SC09=PASS clock phase offset
SC10=PASS destination pause and resume
SC11=PASS legal held-high valid
SC12=PASS legal backpressure is not a drop
SC13=PASS reset clears counters and sticky status
SC14=PASS first post-reset sequence zero is legal and exactly once
SC15=PASS sticky W1C
SC16=PASS W1C and new event preserves event
SC17=PASS source counter saturates without wrap
SC18=PASS capability and version fields
SC19=PASS AXI byte strobe W1C semantics
SC20=PASS undefined address keeps zero and OKAY contract
SC21=PASS stalled valid withdrawal
SC22=PASS stalled payload change
SC23=PASS one violation per stall episode
SC24=PASS controlled write-enable-while-full attempt
SC25=PASS controlled read-enable-while-empty attempt
SC26=PASS duplicate sequence delivery
SC27=PASS forward sequence gap
SC28=PASS backward reorder sequence
SC29=PASS first post-reset nonzero sequence mismatch
SC30=PASS destination counter saturation observability
SC31=PASS source event Gray CDC retains exact count
SC32=PASS short source event cannot be missed
SC33=PASS aggregate error semantics
SC34=PASS sticky clear does not clear counters
SC35=PASS payload equality is never duplicate identity
STAGE2E_POSITIVE_SCENARIOS=PASS_35_OF_35
SCOREBOARD_ACCEPTED=38
SCOREBOARD_DESTINATION_DELIVERIES=38
SCOREBOARD_INJECTED_DELIVERIES=5
SCOREBOARD_DELIVERED_TOTAL=43
SCOREBOARD_RESET_DISCARDED=0
SCOREBOARD_PENDING=0
DESTINATION_DELIVERY_ACCOUNTING=PASS
TOTAL_DELIVERY_ACCOUNTING=PASS
HARDWARE_COUNTERS_MATCH_SCOREBOARD=PASS
STICKY_BITS_MATCH_SCOREBOARD=PASS
FIRST_POST_RESET_SEQUENCE_ZERO_LEGAL=PASS
FIRST_POST_RESET_NONZERO_IDENTITY_MISMATCH=PASS
EVENTUALLY_CONSISTENT_SOURCE_TELEMETRY=PASS
ALL TESTS PASSED: tb_stage2e_transaction_error_observability
$finish called at time : 8296 ns : File "<EXTERNAL_SOURCE>/tb/stage2e/tb_stage2e_transaction_error_observability.sv" Line 1094
exit 0
INFO: [Common 17-206] Exiting xsim at Wed Sep  9 16:59:20 2026...
