
****** xsim v2024.1 (64-bit)
  **** SW Build 5076996 on Wed May 22 18:37:14 MDT 2024
  **** IP Build 5075265 on Wed May 22 21:45:21 MDT 2024
  **** SharedData Build 5076995 on Wed May 22 18:29:18 MDT 2024
  **** Start of session at: Thu Sep 10 10:48:35 2026
    ** Copyright 1986-2022 Xilinx, Inc. All Rights Reserved.
    ** Copyright 2022-2024 Advanced Micro Devices, Inc. All Rights Reserved.

source xsim.dir/mutation_snapshot/xsim_script.tcl
# xsim {mutation_snapshot} -autoloadwcfg -runall -onfinish quit -onerror quit
Time resolution is 1 ps
run -all
FAIL cycle=19 first_bitmap_cycle_immutable actual=00000002 expected=00000001
FAIL cycle=20 first_bitmap_cycle_immutable actual=00000003 expected=00000002
FAIL cycle=21 first_bitmap_cycle_immutable actual=00000004 expected=00000003
FAIL cycle=22 first_bitmap_cycle_immutable actual=00000005 expected=00000004
FAIL cycle=23 first_bitmap_cycle_immutable actual=00000006 expected=00000005
FAIL cycle=24 first_bitmap_cycle_immutable actual=00000007 expected=00000006
FAIL cycle=25 first_bitmap_cycle_immutable actual=00000008 expected=00000007
FAIL cycle=26 first_bitmap_cycle_immutable actual=00000009 expected=00000008
FAIL cycle=27 first_bitmap_cycle_immutable actual=0000000a expected=00000009
FAIL cycle=28 first_bitmap_cycle_immutable actual=0000000b expected=0000000a
FAIL cycle=29 first_bitmap_cycle_immutable actual=0000000c expected=0000000b
FAIL cycle=30 first_bitmap_cycle_immutable actual=0000000d expected=0000000c
FAIL cycle=31 first_bitmap_cycle_immutable actual=0000000e expected=0000000d
FAIL cycle=32 first_bitmap_cycle_immutable actual=0000000f expected=0000000e
FAIL cycle=33 first_bitmap_cycle_immutable actual=00000010 expected=0000000f
FAIL cycle=34 first_bitmap_cycle_immutable actual=00000011 expected=00000010
FAIL cycle=35 first_bitmap_cycle_immutable actual=00000012 expected=00000011
FAIL cycle=36 first_bitmap_cycle_immutable actual=00000013 expected=00000012
FAIL cycle=37 first_bitmap_cycle_immutable actual=00000014 expected=00000013
FAIL cycle=38 first_bitmap_cycle_immutable actual=00000015 expected=00000014
FAIL cycle=39 first_bitmap_cycle_immutable actual=00000016 expected=00000015
FAIL cycle=40 first_bitmap_cycle_immutable actual=00000017 expected=00000016
FAIL cycle=41 first_bitmap_cycle_immutable actual=00000018 expected=00000017
FAIL cycle=42 first_bitmap_cycle_immutable actual=00000019 expected=00000018
FAIL cycle=43 first_bitmap_cycle_immutable actual=0000001a expected=00000019
FAIL cycle=44 first_bitmap_cycle_immutable actual=0000001b expected=0000001a
FAIL cycle=45 first_bitmap_cycle_immutable actual=0000001c expected=0000001b
FAIL cycle=46 first_bitmap_cycle_immutable actual=0000001d expected=0000001c
FAIL cycle=47 first_bitmap_cycle_immutable actual=0000001e expected=0000001d
FAIL cycle=48 first_bitmap_cycle_immutable actual=0000001f expected=0000001e
FAIL cycle=49 first_bitmap_cycle_immutable actual=00000020 expected=0000001f
FAIL cycle=50 first_bitmap_cycle_immutable actual=00000021 expected=00000020
FAIL cycle=51 first_bitmap_cycle_immutable actual=00000022 expected=00000021
FAIL cycle=52 first_bitmap_cycle_immutable actual=00000023 expected=00000022
FAIL cycle=53 first_bitmap_cycle_immutable actual=00000024 expected=00000023
FAIL cycle=54 first_bitmap_cycle_immutable actual=00000025 expected=00000024
FAIL cycle=55 first_bitmap_cycle_immutable actual=00000026 expected=00000025
FAIL cycle=56 first_bitmap_cycle_immutable actual=00000027 expected=00000026
FAIL cycle=57 first_bitmap_cycle_immutable actual=00000028 expected=00000027
FAIL cycle=58 first_bitmap_cycle_immutable actual=00000029 expected=00000028
FAIL cycle=59 first_bitmap_cycle_immutable actual=0000002a expected=00000029
FAIL cycle=60 first_bitmap_cycle_immutable actual=0000002b expected=0000002a
FAIL cycle=61 first_bitmap_cycle_immutable actual=0000002c expected=0000002b
FAIL cycle=62 first_bitmap_cycle_immutable actual=0000002d expected=0000002c
FAIL cycle=63 first_bitmap_cycle_immutable actual=0000002e expected=0000002d
FAIL cycle=64 first_bitmap_cycle_immutable actual=0000002f expected=0000002e
FAIL cycle=65 first_bitmap_cycle_immutable actual=00000030 expected=0000002f
FAIL cycle=66 first_bitmap_cycle_immutable actual=00000031 expected=00000030
FAIL cycle=67 first_bitmap_cycle_immutable actual=00000032 expected=00000031
FAIL cycle=68 first_bitmap_cycle_immutable actual=00000033 expected=00000032
FAIL cycle=69 first_bitmap_cycle_immutable actual=00000034 expected=00000033
FAIL cycle=70 first_bitmap_cycle_immutable actual=00000035 expected=00000034
FAIL cycle=71 first_bitmap_cycle_immutable actual=00000036 expected=00000035
FAIL cycle=72 first_bitmap_cycle_immutable actual=00000037 expected=00000036
FAIL cycle=73 first_bitmap_cycle_immutable actual=00000038 expected=00000037
FAIL cycle=74 first_bitmap_cycle_immutable actual=00000039 expected=00000038
FAIL cycle=75 first_bitmap_cycle_immutable actual=0000003a expected=00000039
FAIL cycle=76 first_bitmap_cycle_immutable actual=0000003b expected=0000003a
FAIL cycle=77 first_bitmap_cycle_immutable actual=0000003c expected=0000003b
FAIL cycle=78 first_bitmap_cycle_immutable actual=0000003d expected=0000003c
FAIL cycle=79 first_bitmap_cycle_immutable actual=0000003e expected=0000003d
FAIL cycle=80 first_bitmap_cycle_immutable actual=0000003f expected=0000003e
FAIL cycle=86 first_bitmap_immutable actual=0000003f expected=00000001
FAIL cycle=89 first_bitmap_cycle_immutable actual=00000000 expected=0000003f
FAIL cycle=97 first_bitmap_cycle_immutable actual=00000002 expected=00000000
FAIL cycle=119 first_bitmap_cycle_immutable actual=00000001 expected=00000020
FAIL cycle=128 first_bitmap_cycle_immutable actual=00000002 expected=00000001
FAIL cycle=129 first_bitmap_cycle_immutable actual=00000004 expected=00000002
STAGE2G_POLICY_MATRIX=FAIL_68
STAGE2G_POLICY_MATRIX=PASS
BITMAP_COMBINATIONS=PASS_64_OF_64
PRIORITY_CODE_MATRIX=PASS_64_OF_64
II1_ALIGNMENT=PASS
CLEAR_FENCE_MATRIX=PASS
RESET_PIPELINE_FLUSH_MATRIX=PASS
$finish called at time : 1771 ns : File "<EXTERNAL_SOURCE>/tb/stage2g/tb_stage2g_policy_matrix.sv" Line 497
exit 0
INFO: [Common 17-206] Exiting xsim at Thu Sep 10 10:48:37 2026...
