#-----------------------------------------------------------
# xsim v2024.1 (64-bit)
# SW Build 5076996 on Wed May 22 18:37:14 MDT 2024
# IP Build 5075265 on Wed May 22 21:45:21 MDT 2024
# SharedData Build 5076995 on Wed May 22 18:29:18 MDT 2024
# Start of session at: Wed Sep  9 16:52:03 2026
# Process ID: 35560
# Current directory: <EXTERNAL_BUILD>/digital/xsim/b2_destination_width_24
# Command line: xsim.exe -log <EXTERNAL_BUILD>\digital\xsim\b2_destination_width_24\xsim.log -mode tcl -source {xsim.dir/b2_destination_width_24_snapshot/xsim_script.tcl}
# Log file: <EXTERNAL_BUILD>/digital/xsim/b2_destination_width_24/xsim.log
# Journal file: <EXTERNAL_BUILD>/digital/xsim/b2_destination_width_24\xsim.jou
# Running On        :illusion
# Platform          :Windows Server 2016 or Windows 10
# Operating System  :26200
# Processor Detail  :AMD Ryzen 9 7945HX with Radeon Graphics        
# CPU Frequency     :2495 MHz
# CPU Physical cores:16
# CPU Logical cores :32
# Host memory       :16844 MB
# Swap memory       :13958 MB
# Total Virtual     :30803 MB
# Available Virtual :10645 MB
#-----------------------------------------------------------
source xsim.dir/b2_destination_width_24_snapshot/xsim_script.tcl
# xsim {b2_destination_width_24_snapshot} -autoloadwcfg -runall -onfinish quit -onerror quit
Time resolution is 1 ps
run -all
SEQUENCE_WIDTH_24=PASS
DESTINATION_SEQUENCE_BEHAVIOR=PASS
POLICY_OBSERVABILITY_SEQUENCE_CLASSIFICATION_AGREEMENT=PASS
FAULT_EVALUATION_LATENCY_ACLK=3
DESTINATION_DELIVERIES_WIDTH_24=25
$finish called at time : 1256 ns : File "<EXTERNAL_SOURCE>/tb/stage2h/tb_stage2h_b2_destination_sequence.sv" Line 485
exit 0
INFO: [Common 17-206] Exiting xsim at Wed Sep  9 16:52:05 2026...
