
****** xsim v2024.1 (64-bit)
  **** SW Build 5076996 on Wed May 22 18:37:14 MDT 2024
  **** IP Build 5075265 on Wed May 22 21:45:21 MDT 2024
  **** SharedData Build 5076995 on Wed May 22 18:29:18 MDT 2024
  **** Start of session at: Thu Sep 10 10:53:58 2026
    ** Copyright 1986-2022 Xilinx, Inc. All Rights Reserved.
    ** Copyright 2022-2024 Advanced Micro Devices, Inc. All Rights Reserved.

source xsim.dir/stage2c_regression_snapshot/xsim_script.tcl
# xsim {stage2c_regression_snapshot} -autoloadwcfg -runall -onfinish quit -onerror quit
Time resolution is 1 ps
run -all
SC01=PASS
SC02=PASS
SC03=PASS
SC04=PASS
SC05=PASS
SC06=PASS
SC07=PASS
SC08=PASS
SC09=PASS
SC10=PASS
SC11=PASS
SC12=PASS
SC13=PASS
SC14=PASS
SC15=PASS
SC16=PASS
SC17=PASS
SC18=PASS
SC19=PASS
SC20=PASS
SC21=PASS
SC22=PASS
SC23=PASS
SC24=PASS
SC25=PASS
SC26=PASS
SC27=PASS
ACTUAL_RESET_CLOCK_DOMAINS=1
RESET_SYNCHRONIZERS=1
ASYNC_ASSERT_SYNC_DEASSERT=PASS
NO_ACCEPT_DURING_RESET_RELEASE=PASS
NO_STALE_REPLAY_AFTER_RESET=PASS
FIRST_POST_RESET_TRANSACTION_EXACTLY_ONCE=PASS
ATOMIC_SAMPLE_PAIR_AFTER_RESET=PASS
COMPARATOR_HEALTH_TRANSACTION_ALIGNMENT_PRESERVED=PASS
ACTIVE_PWM_ASYNC_RESET=PASS
INFLIGHT_AXI_RESET=PASS
NON_RESET_LATENCY=N0_TO_N3_3_CYCLES_UNCHANGED
SHORT_RESET_PULSE_SIM_CONTRACT=LOW_FOR_2NS_MINIMUM
MULTI_CLOCK_SCENARIO=NOT_APPLICABLE_SINGLE_PROVEN_DOMAIN
HIERARCHICAL_OBSERVATION=READ_ONLY
HIERARCHICAL_WRITE=NO
STAGE2C_POSITIVE_SCENARIOS=PASS_27_OF_27
STAGE2C_RESET_RELEASE_CDC_DUT=PASS
$finish called at time : 2566 ns : File "<EXTERNAL_SOURCE>/tb/stage2c/tb_stage2c_reset_release_cdc.sv" Line 838
exit 0
INFO: [Common 17-206] Exiting xsim at Thu Sep 10 10:54:00 2026...
