SCENARIO_START=normal_pwm
SCENARIO_PASS=normal_pwm
SCENARIO_START=ch1_overcurrent
SCENARIO_PASS=ch1_overcurrent
SCENARIO_START=ch2_overcurrent
SCENARIO_PASS=ch2_overcurrent
SCENARIO_START=differential_fault
SCENARIO_PASS=differential_fault
SCENARIO_START=live_clear_rejected
SCENARIO_PASS=live_clear_rejected
SCENARIO_START=sample_source_removal
SCENARIO_PASS=sample_source_removal
SCENARIO_START=clear_recovery
SCENARIO_PASS=clear_recovery
SCENARIO_START=recovered_pwm
SCENARIO_PASS=recovered_pwm
SCENARIO_START=source_protocol
SCENARIO_PASS=source_protocol
SCENARIO_START=legacy_c2
SCENARIO_PASS=legacy_c2
{"status": "PASS", "execution_id": "CSIP-SC-V2-BOARD-002", "failure": null}
